<html>
<body>
<pre>
<h1>µVision Build Log</h1>
<h2>Tool Versions:</h2>
IDE-Version: ¦ÌVision V5.20.0.0
Copyright (C) 2016 ARM Ltd and ARM Germany GmbH. All rights reserved.
License Information: 1 2, 3, LIC=NHYII-T1JQ8-AWT2F-653FU-MD3AY-2ZKVK
 
Tool Versions:
Toolchain:       MDK-ARM Professional  Version: 5.20
Toolchain Path:  C:\Keil_v5\ARM\ARMCC\Bin
C Compiler:      Armcc.exe V5.06 update 2 (build 183)
Assembler:       Armasm.exe V5.06 update 2 (build 183)
Linker/Locator:  ArmLink.exe V5.06 update 2 (build 183)
Library Manager: ArmAr.exe V5.06 update 2 (build 183)
Hex Converter:   FromElf.exe V5.06 update 2 (build 183)
CPU DLL:         
Dialog DLL:      DCM.DLL V1.13.7.0
Target DLL:      STLink\ST-LINKIII-KEIL_SWO.dll V2.0.18.0
Dialog DLL:      TCM.DLL V1.14.9.0
 
<h2>Project:</h2>
C:\Users\kevin\Desktop\Group33_buggy\Group33_buggy.uvprojx
Project File Date:  02/17/2019

<h2>Output:</h2>
*** Using Compiler 'V5.06 update 2 (build 183)', folder: 'C:\Keil_v5\ARM\ARMCC\Bin'
Build target 'Group33_buggy'
compiling main.cpp...
compiling QEI.cpp...
QEI/QEI.cpp(156): warning:  #1361-D: function "mbed::InterruptIn::rise(T *, M) [with T=QEI, M=void (QEI::*)()]" (declared at line 115 of ".\mbed\drivers/InterruptIn.h") was declared "deprecated"
      channelA_.rise(this, &QEI::encode);
QEI/QEI.cpp(157): warning:  #1361-D: function "mbed::InterruptIn::fall(T *, M) [with T=QEI, M=void (QEI::*)()]" (declared at line 140 of ".\mbed\drivers/InterruptIn.h") was declared "deprecated"
      channelA_.fall(this, &QEI::encode);
QEI/QEI.cpp(161): warning:  #1361-D: function "mbed::InterruptIn::rise(T *, M) [with T=QEI, M=void (QEI::*)()]" (declared at line 115 of ".\mbed\drivers/InterruptIn.h") was declared "deprecated"
          channelB_.rise(this, &QEI::encode);
QEI/QEI.cpp(162): warning:  #1361-D: function "mbed::InterruptIn::fall(T *, M) [with T=QEI, M=void (QEI::*)()]" (declared at line 140 of ".\mbed\drivers/InterruptIn.h") was declared "deprecated"
          channelB_.fall(this, &QEI::encode);
QEI/QEI.cpp(166): warning:  #1361-D: function "mbed::InterruptIn::rise(T *, M) [with T=QEI, M=void (QEI::*)()]" (declared at line 115 of ".\mbed\drivers/InterruptIn.h") was declared "deprecated"
          index_.rise(this, &QEI::index);
QEI/QEI.cpp: 5 warnings, 0 errors
linking...
Program Size: Code=26700 RO-data=3188 RW-data=184 ZI-data=1672  
".\BUILD\Group33_buggy.axf" - 0 Error(s), 5 Warning(s).

<h2>Collection of Component include folders:</h2>
  C:\Users\kevin\Desktop\Group33_buggy\RTE
  C:\Keil_v5\ARM\PACK\Keil\STM32F4xx_DFP\1.0.8\Device\Include

<h2>Collection of Component Files used:</h2>
Build Time Elapsed:  00:00:01
</pre>
</body>
</html>
