Component: ARM Compiler 5.06 update 2 (build 183) Tool: armlink [4d35b7]

==============================================================================

Section Cross References

    main_1.o(i.main) refers to _printf_percent.o(.ARM.Collect$$_printf_percent$$00000000) for _printf_percent
    main_1.o(i.main) refers to _printf_d.o(.ARM.Collect$$_printf_percent$$00000009) for _printf_d
    main_1.o(i.main) refers to _printf_dec.o(.text) for _printf_int_dec
    main_1.o(i.main) refers to system_functions.o(i.SystemClock_Config) for SystemClock_Config
    main_1.o(i.main) refers to usart.o(i.Configure_USB_UART) for Configure_USB_UART
    main_1.o(i.main) refers to led.o(i.Configure_User_LED) for Configure_User_LED
    main_1.o(i.main) refers to button.o(i.Configure_User_Button) for Configure_User_Button
    main_1.o(i.main) refers to usart.o(i.Configure_USART) for Configure_USART
    main_1.o(i.main) refers to enable.o(i.Configure_Motorboard_Enable) for Configure_Motorboard_Enable
    main_1.o(i.main) refers to enable.o(i.Configure_OutLED_Enable) for Configure_OutLED_Enable
    main_1.o(i.main) refers to enable.o(i.Configure_MidLED_Enable) for Configure_MidLED_Enable
    main_1.o(i.main) refers to enable.o(i.Configure_InLED_Enable) for Configure_InLED_Enable
    main_1.o(i.main) refers to enable.o(i.Configure_Bipolar1_Enable) for Configure_Bipolar1_Enable
    main_1.o(i.main) refers to enable.o(i.Configure_Bipolar2_Enable) for Configure_Bipolar2_Enable
    main_1.o(i.main) refers to motors_and_encoders.o(i.Configure_Motor_Right) for Configure_Motor_Right
    main_1.o(i.main) refers to motors_and_encoders.o(i.Configure_Encoder_Right) for Configure_Encoder_Right
    main_1.o(i.main) refers to motors_and_encoders.o(i.Configure_Motor_Left) for Configure_Motor_Left
    main_1.o(i.main) refers to motors_and_encoders.o(i.Configure_Encoder_Left) for Configure_Encoder_Left
    main_1.o(i.main) refers to adc.o(i.Configure_DMA) for Configure_DMA
    main_1.o(i.main) refers to adc.o(i.Configure_ADC) for Configure_ADC
    main_1.o(i.main) refers to adc.o(i.Activate_ADC) for Activate_ADC
    main_1.o(i.main) refers to enable.o(i.MotorBoard_On) for MotorBoard_On
    main_1.o(i.main) refers to enable.o(i.Bipolar1_On) for Bipolar1_On
    main_1.o(i.main) refers to enable.o(i.Bipolar2_On) for Bipolar2_On
    main_1.o(i.main) refers to motors_and_encoders.o(i.Set_DutyCycle_Motor_Left) for Set_DutyCycle_Motor_Left
    main_1.o(i.main) refers to motors_and_encoders.o(i.Set_DutyCycle_Motor_Right) for Set_DutyCycle_Motor_Right
    main_1.o(i.main) refers to enable.o(i.OutLED_On) for OutLED_On
    main_1.o(i.main) refers to enable.o(i.MidLED_On) for MidLED_On
    main_1.o(i.main) refers to enable.o(i.InLED_On) for InLED_On
    main_1.o(i.main) refers to stm32f4xx_ll_utils.o(i.LL_mDelay) for LL_mDelay
    main_1.o(i.main) refers to adc.o(i.ADCPrintValue) for ADCPrintValue
    main_1.o(i.main) refers to adc.o(i.CalCoef) for CalCoef
    main_1.o(i.main) refers to motors_and_encoders.o(i.Reset_Encoders) for Reset_Encoders
    main_1.o(i.main) refers to ticker.o(i.LeftPIDInit) for LeftPIDInit
    main_1.o(i.main) refers to ticker.o(i.RightPIDInit) for RightPIDInit
    main_1.o(i.main) refers to ticker.o(i.NaviPIDInit) for NaviPIDInit
    main_1.o(i.main) refers to ticker.o(i.Configure_TIMTimeBase) for Configure_TIMTimeBase
    main_1.o(i.main) refers to noretval__2printf.o(.text) for __2printf
    main_1.o(i.main) refers to button.o(.data) for state_
    main_1.o(i.main) refers to ticker.o(.data) for deviation
    stm32f4xx_it.o(i.ADC_IRQHandler) refers to adc.o(i.AdcGrpRegularOverrunError_Callback) for AdcGrpRegularOverrunError_Callback
    stm32f4xx_it.o(i.ADC_IRQHandler) refers to adc.o(i.AdcGrpRegularSequenceConvComplete_Callback) for AdcGrpRegularSequenceConvComplete_Callback
    stm32f4xx_it.o(i.DMA2_Stream0_IRQHandler) refers to adc.o(i.AdcDmaTransferComplete_Callback) for AdcDmaTransferComplete_Callback
    stm32f4xx_it.o(i.DMA2_Stream0_IRQHandler) refers to adc.o(i.AdcDmaTransferError_Callback) for AdcDmaTransferError_Callback
    stm32f4xx_it.o(i.EXTI15_10_IRQHandler) refers to button.o(i.UserButton_Callback) for UserButton_Callback
    stm32f4xx_it.o(i.TIM2_IRQHandler) refers to stm32f4xx_it.o(i.LL_TIM_IsActiveFlag_CC1) for LL_TIM_IsActiveFlag_CC1
    stm32f4xx_it.o(i.TIM4_IRQHandler) refers to ticker.o(i.MotorPIDCallback) for MotorPIDCallback
    stm32f4xx_it.o(i.TIM5_IRQHandler) refers to stm32f4xx_it.o(i.LL_TIM_IsActiveFlag_CC1) for LL_TIM_IsActiveFlag_CC1
    stm32f4xx_it.o(i.USART6_IRQHandler) refers to usart.o(i.USART_CharReception_Callback) for USART_CharReception_Callback
    stm32f4xx_it.o(i.USART6_IRQHandler) refers to usart.o(i.Error_Callback) for Error_Callback
    motors_and_encoders.o(i.Configure_Encoder_Left) refers to motors_and_encoders.o(i.LL_AHB1_GRP1_EnableClock) for LL_AHB1_GRP1_EnableClock
[...]
    .ARM.Collect$$_printf_percent$$00000009  0x08000208   Section        6  _printf_d.o(.ARM.Collect$$_printf_percent$$00000009)
    .ARM.Collect$$_printf_percent$$0000000A  0x0800020e   Section        6  _printf_u.o(.ARM.Collect$$_printf_percent$$0000000A)
    .ARM.Collect$$_printf_percent$$00000017  0x08000214   Section        4  _printf_percent_end.o(.ARM.Collect$$_printf_percent$$00000017)
    .ARM.Collect$$libinit$$00000000          0x08000218   Section        2  libinit.o(.ARM.Collect$$libinit$$00000000)
    .ARM.Collect$$libinit$$00000001          0x0800021a   Section        4  libinit2.o(.ARM.Collect$$libinit$$00000001)
    .ARM.Collect$$libinit$$00000004          0x0800021e   Section        0  libinit2.o(.ARM.Collect$$libinit$$00000004)
    .ARM.Collect$$libinit$$0000000A          0x0800021e   Section        0  libinit2.o(.ARM.Collect$$libinit$$0000000A)
    .ARM.Collect$$libinit$$0000000C          0x0800021e   Section        0  libinit2.o(.ARM.Collect$$libinit$$0000000C)
    .ARM.Collect$$libinit$$0000000E          0x0800021e   Section        0  libinit2.o(.ARM.Collect$$libinit$$0000000E)
    .ARM.Collect$$libinit$$00000011          0x0800021e   Section        0  libinit2.o(.ARM.Collect$$libinit$$00000011)
    .ARM.Collect$$libinit$$00000013          0x0800021e   Section        0  libinit2.o(.ARM.Collect$$libinit$$00000013)
    .ARM.Collect$$libinit$$00000015          0x0800021e   Section        0  libinit2.o(.ARM.Collect$$libinit$$00000015)
    .ARM.Collect$$libinit$$00000017          0x0800021e   Section        0  libinit2.o(.ARM.Collect$$libinit$$00000017)
    .ARM.Collect$$libinit$$00000019          0x0800021e   Section        0  libinit2.o(.ARM.Collect$$libinit$$00000019)
    .ARM.Collect$$libinit$$0000001B          0x0800021e   Section        0  libinit2.o(.ARM.Collect$$libinit$$0000001B)
    .ARM.Collect$$libinit$$0000001D          0x0800021e   Section        0  libinit2.o(.ARM.Collect$$libinit$$0000001D)
    .ARM.Collect$$libinit$$0000001F          0x0800021e   Section        0  libinit2.o(.ARM.Collect$$libinit$$0000001F)
    .ARM.Collect$$libinit$$00000021          0x0800021e   Section        0  libinit2.o(.ARM.Collect$$libinit$$00000021)
    .ARM.Collect$$libinit$$00000023          0x0800021e   Section        0  libinit2.o(.ARM.Collect$$libinit$$00000023)
    .ARM.Collect$$libinit$$00000025          0x0800021e   Section        0  libinit2.o(.ARM.Collect$$libinit$$00000025)
    .ARM.Collect$$libinit$$0000002C          0x0800021e   Section        0  libinit2.o(.ARM.Collect$$libinit$$0000002C)
    .ARM.Collect$$libinit$$0000002E          0x0800021e   Section        0  libinit2.o(.ARM.Collect$$libinit$$0000002E)
    .ARM.Collect$$libinit$$00000030          0x0800021e   Section        0  libinit2.o(.ARM.Collect$$libinit$$00000030)
    .ARM.Collect$$libinit$$00000032          0x0800021e   Section        0  libinit2.o(.ARM.Collect$$libinit$$00000032)
    .ARM.Collect$$libinit$$00000033          0x0800021e   Section        2  libinit2.o(.ARM.Collect$$libinit$$00000033)
    .ARM.Collect$$libshutdown$$00000000      0x08000220   Section        2  libshutdown.o(.ARM.Collect$$libshutdown$$00000000)
    .ARM.Collect$$libshutdown$$00000002      0x08000222   Section        0  libshutdown2.o(.ARM.Collect$$libshutdown$$00000002)
    .ARM.Collect$$libshutdown$$00000004      0x08000222   Section        0  libshutdown2.o(.ARM.Collect$$libshutdown$$00000004)
    .ARM.Collect$$libshutdown$$00000007      0x08000222   Section        0  libshutdown2.o(.ARM.Collect$$libshutdown$$00000007)
    .ARM.Collect$$libshutdown$$0000000A      0x08000222   Section        0  libshutdown2.o(.ARM.Collect$$libshutdown$$0000000A)
    .ARM.Collect$$libshutdown$$0000000C      0x08000222   Section        0  libshutdown2.o(.ARM.Collect$$libshutdown$$0000000C)
    .ARM.Collect$$libshutdown$$0000000F      0x08000222   Section        0  libshutdown2.o(.ARM.Collect$$libshutdown$$0000000F)
    .ARM.Collect$$libshutdown$$00000010      0x08000222   Section        2  libshutdown2.o(.ARM.Collect$$libshutdown$$00000010)
    .ARM.Collect$$rtentry$$00000000          0x08000224   Section        0  __rtentry.o(.ARM.Collect$$rtentry$$00000000)
    .ARM.Collect$$rtentry$$00000002          0x08000224   Section        0  __rtentry2.o(.ARM.Collect$$rtentry$$00000002)
    .ARM.Collect$$rtentry$$00000004          0x08000224   Section        6  __rtentry4.o(.ARM.Collect$$rtentry$$00000004)
    .ARM.Collect$$rtentry$$00000009          0x0800022a   Section        0  __rtentry2.o(.ARM.Collect$$rtentry$$00000009)
    .ARM.Collect$$rtentry$$0000000A          0x0800022a   Section        4  __rtentry2.o(.ARM.Collect$$rtentry$$0000000A)
    .ARM.Collect$$rtentry$$0000000C          0x0800022e   Section        0  __rtentry2.o(.ARM.Collect$$rtentry$$0000000C)
    .ARM.Collect$$rtentry$$0000000D          0x0800022e   Section        8  __rtentry2.o(.ARM.Collect$$rtentry$$0000000D)
    .ARM.Collect$$rtexit$$00000000           0x08000236   Section        2  rtexit.o(.ARM.Collect$$rtexit$$00000000)
    .ARM.Collect$$rtexit$$00000002           0x08000238   Section        0  rtexit2.o(.ARM.Collect$$rtexit$$00000002)
    .ARM.Collect$$rtexit$$00000003           0x08000238   Section        4  rtexit2.o(.ARM.Collect$$rtexit$$00000003)
    .ARM.Collect$$rtexit$$00000004           0x0800023c   Section        6  rtexit2.o(.ARM.Collect$$rtexit$$00000004)
    .text                                    0x08000244   Section       64  startup_stm32f401xe.o(.text)
    $v0                                      0x08000244   Number         0  startup_stm32f401xe.o(.text)
    .text                                    0x08000284   Section        2  use_no_semi_2.o(.text)
    .text                                    0x08000288   Section        0  noretval__2printf.o(.text)
    .text                                    0x080002a0   Section        0  __printf.o(.text)
    .text                                    0x08000308   Section        0  _printf_dec.o(.text)
    .text                                    0x08000380   Section        0  heapauxi.o(.text)
    .text                                    0x08000386   Section        2  use_no_semi.o(.text)
    .text                                    0x08000388   Section        0  _printf_intcommon.o(.text)
    .text                                    0x0800043c   Section        0  _printf_char_file.o(.text)
    .text                                    0x08000460   Section        0  _printf_char_common.o(.text)
    _printf_input_char                       0x08000461   Thumb Code    10  _printf_char_common.o(.text)
    .text                                    0x08000490   Section        0  ferror.o(.text)
    .text                                    0x08000498   Section       74  sys_stackheap_outer.o(.text)
    .text                                    0x080004e2   Section        0  exit.o(.text)
    .text                                    0x080004f4   Section        8  libspace.o(.text)
    i.ADCPrintValue                          0x080004fc   Section        0  adc.o(i.ADCPrintValue)
    i.ADC_IRQHandler                         0x080005ac   Section        0  stm32f4xx_it.o(i.ADC_IRQHandler)
    i.Abs                                    0x080005e4   Section        0  ticker.o(i.Abs)
    i.Activate_ADC                           0x08000600   Section        0  adc.o(i.Activate_ADC)
    i.AdcDmaTransferComplete_Callback        0x08000628   Section        0  adc.o(i.AdcDmaTransferComplete_Callback)
    i.AdcDmaTransferError_Callback           0x0800064c   Section        0  adc.o(i.AdcDmaTransferError_Callback)
    i.AdcGrpRegularOverrunError_Callback     0x0800065c   Section        0  adc.o(i.AdcGrpRegularOverrunError_Callback)
    i.AdcGrpRegularSequenceConvComplete_Callback 0x08000680   Section        0  adc.o(i.AdcGrpRegularSequenceConvComplete_Callback)
    i.Bipolar1_On                            0x080006e0   Section        0  enable.o(i.Bipolar1_On)
    i.Bipolar2_On                            0x080006f0   Section        0  enable.o(i.Bipolar2_On)
    i.BusFault_Handler                       0x08000700   Section        0  stm32f4xx_it.o(i.BusFault_Handler)
    i.CalCoef                                0x08000704   Section        0  adc.o(i.CalCoef)
    i.Configure_ADC                          0x080007cc   Section        0  adc.o(i.Configure_ADC)
    i.Configure_Bipolar1_Enable              0x08000a70   Section        0  enable.o(i.Configure_Bipolar1_Enable)
    i.Configure_Bipolar2_Enable              0x08000aa4   Section        0  enable.o(i.Configure_Bipolar2_Enable)
    i.Configure_DMA                          0x08000ad8   Section        0  adc.o(i.Configure_DMA)
    i.Configure_Encoder_Left                 0x08000bc4   Section        0  motors_and_encoders.o(i.Configure_Encoder_Left)
    i.Configure_Encoder_Right                0x08000cec   Section        0  motors_and_encoders.o(i.Configure_Encoder_Right)
    i.Configure_InLED_Enable                 0x08000e0c   Section        0  enable.o(i.Configure_InLED_Enable)
    i.Configure_MidLED_Enable                0x08000e44   Section        0  enable.o(i.Configure_MidLED_Enable)
    i.Configure_Motor_Left                   0x08000e7c   Section        0  motors_and_encoders.o(i.Configure_Motor_Left)
    i.Configure_Motor_Right                  0x08000f7c   Section        0  motors_and_encoders.o(i.Configure_Motor_Right)
    i.Configure_Motorboard_Enable            0x0800105c   Section        0  enable.o(i.Configure_Motorboard_Enable)
    i.Configure_OutLED_Enable                0x08001090   Section        0  enable.o(i.Configure_OutLED_Enable)
    i.Configure_TIMTimeBase                  0x080010c8   Section        0  ticker.o(i.Configure_TIMTimeBase)
    i.Configure_USART                        0x080011e8   Section        0  usart.o(i.Configure_USART)
    i.Configure_USB_UART                     0x08001310   Section        0  usart.o(i.Configure_USB_UART)
    i.Configure_User_Button                  0x080013e4   Section        0  button.o(i.Configure_User_Button)
    i.Configure_User_LED                     0x08001524   Section        0  led.o(i.Configure_User_LED)
    i.DMA2_Stream0_IRQHandler                0x080015d8   Section        0  stm32f4xx_it.o(i.DMA2_Stream0_IRQHandler)
    i.DebugMon_Handler                       0x08001620   Section        0  stm32f4xx_it.o(i.DebugMon_Handler)
    i.EXTI15_10_IRQHandler                   0x08001624   Section        0  stm32f4xx_it.o(i.EXTI15_10_IRQHandler)
    i.Error_Callback                         0x08001654   Section        0  usart.o(i.Error_Callback)
    i.GetAverage                             0x08001694   Section        0  adc.o(i.GetAverage)
    i.GetVoltagePA4                          0x080016e0   Section        0  adc.o(i.GetVoltagePA4)
    i.GetVoltagePB0                          0x08001724   Section        0  adc.o(i.GetVoltagePB0)
    i.GetVoltagePC0                          0x08001768   Section        0  adc.o(i.GetVoltagePC0)
    i.GetVoltagePC1                          0x080017ac   Section        0  adc.o(i.GetVoltagePC1)
    i.GetVoltagePC2                          0x080017f0   Section        0  adc.o(i.GetVoltagePC2)
    i.GetVoltagePC3                          0x08001834   Section        0  adc.o(i.GetVoltagePC3)
    i.HardFault_Handler                      0x08001878   Section        0  stm32f4xx_it.o(i.HardFault_Handler)
    i.InLED_On                               0x0800187c   Section        0  enable.o(i.InLED_On)
    i.LED_Blinking                           0x08001890   Section        0  led.o(i.LED_Blinking)
    i.LL_ADC_IsEnabled                       0x080018b8   Section        0  adc.o(i.LL_ADC_IsEnabled)
    LL_ADC_IsEnabled                         0x080018b9   Thumb Code    10  adc.o(i.LL_ADC_IsEnabled)
    i.LL_ADC_REG_SetSequencerRanks           0x080018c2   Section        0  adc.o(i.LL_ADC_REG_SetSequencerRanks)
    LL_ADC_REG_SetSequencerRanks             0x080018c3   Thumb Code    56  adc.o(i.LL_ADC_REG_SetSequencerRanks)
    i.LL_ADC_REG_StartConversionSWStart      0x080018fa   Section        0  adc.o(i.LL_ADC_REG_StartConversionSWStart)
    LL_ADC_REG_StartConversionSWStart        0x080018fb   Thumb Code    10  adc.o(i.LL_ADC_REG_StartConversionSWStart)
    i.LL_ADC_SetChannelSamplingTime          0x08001904   Section        0  adc.o(i.LL_ADC_SetChannelSamplingTime)
    LL_ADC_SetChannelSamplingTime            0x08001905   Thumb Code    82  adc.o(i.LL_ADC_SetChannelSamplingTime)
    i.LL_AHB1_GRP1_EnableClock               0x08001958   Section        0  motors_and_encoders.o(i.LL_AHB1_GRP1_EnableClock)
    LL_AHB1_GRP1_EnableClock                 0x08001959   Thumb Code    24  motors_and_encoders.o(i.LL_AHB1_GRP1_EnableClock)
    i.LL_AHB1_GRP1_EnableClock               0x08001974   Section        0  usart.o(i.LL_AHB1_GRP1_EnableClock)
    LL_AHB1_GRP1_EnableClock                 0x08001975   Thumb Code    24  usart.o(i.LL_AHB1_GRP1_EnableClock)
    i.LL_AHB1_GRP1_EnableClock               0x08001990   Section        0  adc.o(i.LL_AHB1_GRP1_EnableClock)
    LL_AHB1_GRP1_EnableClock                 0x08001991   Thumb Code    24  adc.o(i.LL_AHB1_GRP1_EnableClock)
    i.LL_AHB1_GRP1_EnableClock               0x080019ac   Section        0  enable.o(i.LL_AHB1_GRP1_EnableClock)
    LL_AHB1_GRP1_EnableClock                 0x080019ad   Thumb Code    24  enable.o(i.LL_AHB1_GRP1_EnableClock)
    i.LL_APB1_GRP1_EnableClock               0x080019c8   Section        0  motors_and_encoders.o(i.LL_APB1_GRP1_EnableClock)
    LL_APB1_GRP1_EnableClock                 0x080019c9   Thumb Code    24  motors_and_encoders.o(i.LL_APB1_GRP1_EnableClock)
    i.LL_GPIO_ResetOutputPin                 0x080019e4   Section        0  led.o(i.LL_GPIO_ResetOutputPin)
    LL_GPIO_ResetOutputPin                   0x080019e5   Thumb Code     6  led.o(i.LL_GPIO_ResetOutputPin)
    i.LL_GPIO_ResetOutputPin                 0x080019ea   Section        0  enable.o(i.LL_GPIO_ResetOutputPin)
    LL_GPIO_ResetOutputPin                   0x080019eb   Thumb Code     6  enable.o(i.LL_GPIO_ResetOutputPin)
    i.LL_GPIO_SetAFPin_0_7                   0x080019f0   Section        0  motors_and_encoders.o(i.LL_GPIO_SetAFPin_0_7)
    LL_GPIO_SetAFPin_0_7                     0x080019f1   Thumb Code    40  motors_and_encoders.o(i.LL_GPIO_SetAFPin_0_7)
    i.LL_GPIO_SetAFPin_0_7                   0x08001a18   Section        0  usart.o(i.LL_GPIO_SetAFPin_0_7)
    LL_GPIO_SetAFPin_0_7                     0x08001a19   Thumb Code    40  usart.o(i.LL_GPIO_SetAFPin_0_7)
    i.LL_GPIO_SetAFPin_8_15                  0x08001a40   Section        0  motors_and_encoders.o(i.LL_GPIO_SetAFPin_8_15)
    LL_GPIO_SetAFPin_8_15                    0x08001a41   Thumb Code    44  motors_and_encoders.o(i.LL_GPIO_SetAFPin_8_15)
    i.LL_GPIO_SetAFPin_8_15                  0x08001a6c   Section        0  usart.o(i.LL_GPIO_SetAFPin_8_15)
    LL_GPIO_SetAFPin_8_15                    0x08001a6d   Thumb Code    44  usart.o(i.LL_GPIO_SetAFPin_8_15)
    i.LL_GPIO_SetOutputPin                   0x08001a98   Section        0  led.o(i.LL_GPIO_SetOutputPin)
    LL_GPIO_SetOutputPin                     0x08001a99   Thumb Code     4  led.o(i.LL_GPIO_SetOutputPin)
    i.LL_GPIO_SetOutputPin                   0x08001a9c   Section        0  enable.o(i.LL_GPIO_SetOutputPin)
    LL_GPIO_SetOutputPin                     0x08001a9d   Thumb Code     4  enable.o(i.LL_GPIO_SetOutputPin)
    i.LL_GPIO_SetPinMode                     0x08001aa0   Section        0  motors_and_encoders.o(i.LL_GPIO_SetPinMode)
    LL_GPIO_SetPinMode                       0x08001aa1   Thumb Code    40  motors_and_encoders.o(i.LL_GPIO_SetPinMode)
    i.LL_GPIO_SetPinMode                     0x08001ac8   Section        0  usart.o(i.LL_GPIO_SetPinMode)
    LL_GPIO_SetPinMode                       0x08001ac9   Thumb Code    40  usart.o(i.LL_GPIO_SetPinMode)
    i.LL_GPIO_SetPinMode                     0x08001af0   Section        0  adc.o(i.LL_GPIO_SetPinMode)
    LL_GPIO_SetPinMode                       0x08001af1   Thumb Code    40  adc.o(i.LL_GPIO_SetPinMode)
    i.LL_GPIO_SetPinMode                     0x08001b18   Section        0  enable.o(i.LL_GPIO_SetPinMode)
    LL_GPIO_SetPinMode                       0x08001b19   Thumb Code    40  enable.o(i.LL_GPIO_SetPinMode)
    i.LL_GPIO_SetPinOutputType               0x08001b40   Section        0  usart.o(i.LL_GPIO_SetPinOutputType)
    LL_GPIO_SetPinOutputType                 0x08001b41   Thumb Code    16  usart.o(i.LL_GPIO_SetPinOutputType)
    i.LL_GPIO_SetPinPull                     0x08001b50   Section        0  motors_and_encoders.o(i.LL_GPIO_SetPinPull)
    LL_GPIO_SetPinPull                       0x08001b51   Thumb Code    40  motors_and_encoders.o(i.LL_GPIO_SetPinPull)
    i.LL_GPIO_SetPinPull                     0x08001b78   Section        0  usart.o(i.LL_GPIO_SetPinPull)
    LL_GPIO_SetPinPull                       0x08001b79   Thumb Code    40  usart.o(i.LL_GPIO_SetPinPull)
    i.LL_GPIO_SetPinPull                     0x08001ba0   Section        0  enable.o(i.LL_GPIO_SetPinPull)
    LL_GPIO_SetPinPull                       0x08001ba1   Thumb Code    40  enable.o(i.LL_GPIO_SetPinPull)
    i.LL_GPIO_SetPinSpeed                    0x08001bc8   Section        0  motors_and_encoders.o(i.LL_GPIO_SetPinSpeed)
    LL_GPIO_SetPinSpeed                      0x08001bc9   Thumb Code    40  motors_and_encoders.o(i.LL_GPIO_SetPinSpeed)
    i.LL_GPIO_SetPinSpeed                    0x08001bf0   Section        0  usart.o(i.LL_GPIO_SetPinSpeed)
    LL_GPIO_SetPinSpeed                      0x08001bf1   Thumb Code    40  usart.o(i.LL_GPIO_SetPinSpeed)
    i.LL_GPIO_SetPinSpeed                    0x08001c18   Section        0  enable.o(i.LL_GPIO_SetPinSpeed)
    LL_GPIO_SetPinSpeed                      0x08001c19   Thumb Code    40  enable.o(i.LL_GPIO_SetPinSpeed)
    i.LL_TIM_CC_EnableChannel                0x08001c40   Section        0  motors_and_encoders.o(i.LL_TIM_CC_EnableChannel)
    LL_TIM_CC_EnableChannel                  0x08001c41   Thumb Code     8  motors_and_encoders.o(i.LL_TIM_CC_EnableChannel)
    i.LL_TIM_EnableARRPreload                0x08001c48   Section        0  motors_and_encoders.o(i.LL_TIM_EnableARRPreload)
    LL_TIM_EnableARRPreload                  0x08001c49   Thumb Code    10  motors_and_encoders.o(i.LL_TIM_EnableARRPreload)
    i.LL_TIM_EnableCounter                   0x08001c52   Section        0  motors_and_encoders.o(i.LL_TIM_EnableCounter)
    LL_TIM_EnableCounter                     0x08001c53   Thumb Code    10  motors_and_encoders.o(i.LL_TIM_EnableCounter)
    i.LL_TIM_EnableIT_CC1                    0x08001c5c   Section        0  motors_and_encoders.o(i.LL_TIM_EnableIT_CC1)
    LL_TIM_EnableIT_CC1                      0x08001c5d   Thumb Code    10  motors_and_encoders.o(i.LL_TIM_EnableIT_CC1)
    i.LL_TIM_GenerateEvent_UPDATE            0x08001c66   Section        0  motors_and_encoders.o(i.LL_TIM_GenerateEvent_UPDATE)
    LL_TIM_GenerateEvent_UPDATE              0x08001c67   Thumb Code    10  motors_and_encoders.o(i.LL_TIM_GenerateEvent_UPDATE)
    i.LL_TIM_GetAutoReload                   0x08001c70   Section        0  motors_and_encoders.o(i.LL_TIM_GetAutoReload)
    LL_TIM_GetAutoReload                     0x08001c71   Thumb Code     6  motors_and_encoders.o(i.LL_TIM_GetAutoReload)
    i.LL_TIM_GetCounter                      0x08001c76   Section        0  motors_and_encoders.o(i.LL_TIM_GetCounter)
    LL_TIM_GetCounter                        0x08001c77   Thumb Code     6  motors_and_encoders.o(i.LL_TIM_GetCounter)
    i.LL_TIM_GetPrescaler                    0x08001c7c   Section        0  motors_and_encoders.o(i.LL_TIM_GetPrescaler)
    LL_TIM_GetPrescaler                      0x08001c7d   Thumb Code     6  motors_and_encoders.o(i.LL_TIM_GetPrescaler)
    i.LL_TIM_IC_SetActiveInput               0x08001c84   Section        0  motors_and_encoders.o(i.LL_TIM_IC_SetActiveInput)
    LL_TIM_IC_SetActiveInput                 0x08001c85   Thumb Code    98  motors_and_encoders.o(i.LL_TIM_IC_SetActiveInput)
    i.LL_TIM_IC_SetFilter                    0x08001cf0   Section        0  motors_and_encoders.o(i.LL_TIM_IC_SetFilter)
    LL_TIM_IC_SetFilter                      0x08001cf1   Thumb Code    98  motors_and_encoders.o(i.LL_TIM_IC_SetFilter)
    i.LL_TIM_IC_SetPolarity                  0x08001d5c   Section        0  motors_and_encoders.o(i.LL_TIM_IC_SetPolarity)
    LL_TIM_IC_SetPolarity                    0x08001d5d   Thumb Code    84  motors_and_encoders.o(i.LL_TIM_IC_SetPolarity)
    i.LL_TIM_IC_SetPrescaler                 0x08001db4   Section        0  motors_and_encoders.o(i.LL_TIM_IC_SetPrescaler)
    LL_TIM_IC_SetPrescaler                   0x08001db5   Thumb Code    98  motors_and_encoders.o(i.LL_TIM_IC_SetPrescaler)
    i.LL_TIM_IsActiveFlag_CC1                0x08001e20   Section        0  stm32f4xx_it.o(i.LL_TIM_IsActiveFlag_CC1)
    LL_TIM_IsActiveFlag_CC1                  0x08001e21   Thumb Code    10  stm32f4xx_it.o(i.LL_TIM_IsActiveFlag_CC1)
    i.LL_TIM_OC_EnablePreload                0x08001e2c   Section        0  motors_and_encoders.o(i.LL_TIM_OC_EnablePreload)
    LL_TIM_OC_EnablePreload                  0x08001e2d   Thumb Code    86  motors_and_encoders.o(i.LL_TIM_OC_EnablePreload)
    i.LL_TIM_OC_SetCompareCH1                0x08001e8c   Section        0  motors_and_encoders.o(i.LL_TIM_OC_SetCompareCH1)
    LL_TIM_OC_SetCompareCH1                  0x08001e8d   Thumb Code     4  motors_and_encoders.o(i.LL_TIM_OC_SetCompareCH1)
    i.LL_TIM_OC_SetCompareCH3                0x08001e90   Section        0  motors_and_encoders.o(i.LL_TIM_OC_SetCompareCH3)
    LL_TIM_OC_SetCompareCH3                  0x08001e91   Thumb Code     4  motors_and_encoders.o(i.LL_TIM_OC_SetCompareCH3)
    i.LL_TIM_OC_SetMode                      0x08001e94   Section        0  motors_and_encoders.o(i.LL_TIM_OC_SetMode)
    LL_TIM_OC_SetMode                        0x08001e95   Thumb Code    98  motors_and_encoders.o(i.LL_TIM_OC_SetMode)
    i.LL_TIM_SetAutoReload                   0x08001f00   Section        0  motors_and_encoders.o(i.LL_TIM_SetAutoReload)
    LL_TIM_SetAutoReload                     0x08001f01   Thumb Code     4  motors_and_encoders.o(i.LL_TIM_SetAutoReload)
    i.LL_TIM_SetCounter                      0x08001f04   Section        0  motors_and_encoders.o(i.LL_TIM_SetCounter)
    LL_TIM_SetCounter                        0x08001f05   Thumb Code     4  motors_and_encoders.o(i.LL_TIM_SetCounter)
    i.LL_TIM_SetEncoderMode                  0x08001f08   Section        0  motors_and_encoders.o(i.LL_TIM_SetEncoderMode)
    LL_TIM_SetEncoderMode                    0x08001f09   Thumb Code    12  motors_and_encoders.o(i.LL_TIM_SetEncoderMode)
    i.LL_TIM_SetPrescaler                    0x08001f14   Section        0  motors_and_encoders.o(i.LL_TIM_SetPrescaler)
    LL_TIM_SetPrescaler                      0x08001f15   Thumb Code     4  motors_and_encoders.o(i.LL_TIM_SetPrescaler)
    i.LL_USART_ConfigCharacter               0x08001f18   Section        0  usart.o(i.LL_USART_ConfigCharacter)
    LL_USART_ConfigCharacter                 0x08001f19   Thumb Code    28  usart.o(i.LL_USART_ConfigCharacter)
    i.LL_USART_Enable                        0x08001f34   Section        0  usart.o(i.LL_USART_Enable)
    LL_USART_Enable                          0x08001f35   Thumb Code    10  usart.o(i.LL_USART_Enable)
    i.LL_USART_SetBaudRate                   0x08001f3e   Section        0  usart.o(i.LL_USART_SetBaudRate)
    LL_USART_SetBaudRate                     0x08001f3f   Thumb Code   322  usart.o(i.LL_USART_SetBaudRate)
    i.LL_USART_SetTransferDirection          0x08002080   Section        0  usart.o(i.LL_USART_SetTransferDirection)
    LL_USART_SetTransferDirection            0x08002081   Thumb Code    12  usart.o(i.LL_USART_SetTransferDirection)
    i.LL_mDelay                              0x0800208c   Section        0  stm32f4xx_ll_utils.o(i.LL_mDelay)
    i.LeftPIDInit                            0x080020b4   Section        0  ticker.o(i.LeftPIDInit)
    i.MemManage_Handler                      0x080020f4   Section        0  stm32f4xx_it.o(i.MemManage_Handler)
    i.MidLED_On                              0x080020f8   Section        0  enable.o(i.MidLED_On)
    i.MotorBoard_On                          0x0800210c   Section        0  enable.o(i.MotorBoard_On)
    i.MotorPIDCallback                       0x0800211c   Section        0  ticker.o(i.MotorPIDCallback)
    i.NMI_Handler                            0x08002870   Section        0  stm32f4xx_it.o(i.NMI_Handler)
    i.NVIC_DisableIRQ                        0x08002874   Section        0  motors_and_encoders.o(i.NVIC_DisableIRQ)
    NVIC_DisableIRQ                          0x08002875   Thumb Code    18  motors_and_encoders.o(i.NVIC_DisableIRQ)
    i.NVIC_EnableIRQ                         0x0800288c   Section        0  motors_and_encoders.o(i.NVIC_EnableIRQ)
    NVIC_EnableIRQ                           0x0800288d   Thumb Code    22  motors_and_encoders.o(i.NVIC_EnableIRQ)
    i.NVIC_EnableIRQ                         0x080028a2   Section        0  adc.o(i.NVIC_EnableIRQ)
    NVIC_EnableIRQ                           0x080028a3   Thumb Code    22  adc.o(i.NVIC_EnableIRQ)
    i.NVIC_SetPriority                       0x080028b8   Section        0  motors_and_encoders.o(i.NVIC_SetPriority)
    NVIC_SetPriority                         0x080028b9   Thumb Code    32  motors_and_encoders.o(i.NVIC_SetPriority)
    i.NVIC_SetPriority                       0x080028e0   Section        0  adc.o(i.NVIC_SetPriority)
    NVIC_SetPriority                         0x080028e1   Thumb Code    32  adc.o(i.NVIC_SetPriority)
    i.NaviPIDInit                            0x08002908   Section        0  ticker.o(i.NaviPIDInit)
    i.OutLED_On                              0x0800293c   Section        0  enable.o(i.OutLED_On)
    i.PendSV_Handler                         0x08002950   Section        0  stm32f4xx_it.o(i.PendSV_Handler)
    i.Reset_Encoders                         0x08002954   Section        0  motors_and_encoders.o(i.Reset_Encoders)
    i.RightPIDInit                           0x08002988   Section        0  ticker.o(i.RightPIDInit)
    i.SVC_Handler                            0x080029c8   Section        0  stm32f4xx_it.o(i.SVC_Handler)
    i.Set_DutyCycle_Motor_Left               0x080029cc   Section        0  motors_and_encoders.o(i.Set_DutyCycle_Motor_Left)
    i.Set_DutyCycle_Motor_Right              0x08002a38   Section        0  motors_and_encoders.o(i.Set_DutyCycle_Motor_Right)
    i.SysTick_Handler                        0x08002aa4   Section        0  stm32f4xx_it.o(i.SysTick_Handler)
    i.SystemClock_Config                     0x08002aa8   Section        0  system_functions.o(i.SystemClock_Config)
    i.SystemInit                             0x08002c08   Section        0  system_stm32f4xx.o(i.SystemInit)
    i.TIM2_IRQHandler                        0x08002c6c   Section        0  stm32f4xx_it.o(i.TIM2_IRQHandler)
    i.TIM4_IRQHandler                        0x08002c88   Section        0  stm32f4xx_it.o(i.TIM4_IRQHandler)
    i.TIM5_IRQHandler                        0x08002cac   Section        0  stm32f4xx_it.o(i.TIM5_IRQHandler)
    i.USART6_IRQHandler                      0x08002ccc   Section        0  stm32f4xx_it.o(i.USART6_IRQHandler)
    i.USART_CharReception_Callback           0x08002cf8   Section        0  usart.o(i.USART_CharReception_Callback)
    i.UsageFault_Handler                     0x08002d3c   Section        0  stm32f4xx_it.o(i.UsageFault_Handler)
    i.UserButton_Callback                    0x08002d40   Section        0  button.o(i.UserButton_Callback)
    i.__hardfp_fabs                          0x08002dac   Section        0  fabs.o(i.__hardfp_fabs)
    i._sys_exit                              0x08002dc0   Section        0  usart.o(i._sys_exit)
    i.fputc                                  0x08002dc4   Section        0  usart.o(i.fputc)
    i.getPulsesLeft                          0x08002de0   Section        0  motors_and_encoders.o(i.getPulsesLeft)
    i.getPulsesRight                         0x08002dec   Section        0  motors_and_encoders.o(i.getPulsesRight)
    i.main                                   0x08002dfc   Section        0  main_1.o(i.main)
    x$fpl$d2f                                0x08002eec   Section       98  d2f.o(x$fpl$d2f)
    $v0                                      0x08002eec   Number         0  d2f.o(x$fpl$d2f)
    x$fpl$dadd                               0x08002f50   Section      336  daddsub_clz.o(x$fpl$dadd)
    $v0                                      0x08002f50   Number         0  daddsub_clz.o(x$fpl$dadd)
    _dadd1                                   0x08002f61   Thumb Code     0  daddsub_clz.o(x$fpl$dadd)
    x$fpl$dfix                               0x080030a0   Section       94  dfix.o(x$fpl$dfix)
    $v0                                      0x080030a0   Number         0  dfix.o(x$fpl$dfix)
    x$fpl$dflt                               0x080030fe   Section       46  dflt_clz.o(x$fpl$dflt)
    $v0                                      0x080030fe   Number         0  dflt_clz.o(x$fpl$dflt)
    x$fpl$dmul                               0x0800312c   Section      340  dmul.o(x$fpl$dmul)
    $v0                                      0x0800312c   Number         0  dmul.o(x$fpl$dmul)
    x$fpl$dnaninf                            0x08003280   Section      156  dnaninf.o(x$fpl$dnaninf)
    $v0                                      0x08003280   Number         0  dnaninf.o(x$fpl$dnaninf)
    x$fpl$dretinf                            0x0800331c   Section       12  dretinf.o(x$fpl$dretinf)
    $v0                                      0x0800331c   Number         0  dretinf.o(x$fpl$dretinf)
    x$fpl$dsub                               0x08003328   Section      468  daddsub_clz.o(x$fpl$dsub)
    $v0                                      0x08003328   Number         0  daddsub_clz.o(x$fpl$dsub)
    _dsub1                                   0x08003339   Thumb Code     0  daddsub_clz.o(x$fpl$dsub)
    x$fpl$f2d                                0x080034fc   Section       86  f2d.o(x$fpl$f2d)
    $v0                                      0x080034fc   Number         0  f2d.o(x$fpl$f2d)
    x$fpl$fnaninf                            0x08003552   Section      140  fnaninf.o(x$fpl$fnaninf)
    $v0                                      0x08003552   Number         0  fnaninf.o(x$fpl$fnaninf)
    x$fpl$fpinit                             0x080035de   Section       10  fpinit.o(x$fpl$fpinit)
    $v0                                      0x080035de   Number         0  fpinit.o(x$fpl$fpinit)
    x$fpl$fretinf                            0x080035e8   Section       10  fretinf.o(x$fpl$fretinf)
    $v0                                      0x080035e8   Number         0  fretinf.o(x$fpl$fretinf)
    .constdata                               0x080035f2   Section       43  motors_and_encoders.o(.constdata)
    x$fpl$usenofp                            0x080035f2   Section        0  usenofp.o(x$fpl$usenofp)
    STREAM_OFFSET_TAB                        0x080035f2   Data           8  motors_and_encoders.o(.constdata)
    OFFSET_TAB_CCMRx                         0x080035fa   Data           7  motors_and_encoders.o(.constdata)
    SHIFT_TAB_OCxx                           0x08003601   Data           7  motors_and_encoders.o(.constdata)
    SHIFT_TAB_ICxx                           0x08003608   Data           7  motors_and_encoders.o(.constdata)
    SHIFT_TAB_CCxP                           0x0800360f   Data           7  motors_and_encoders.o(.constdata)
    SHIFT_TAB_OISx                           0x08003616   Data           7  motors_and_encoders.o(.constdata)
    .constdata                               0x0800361d   Section       43  adc.o(.constdata)
    STREAM_OFFSET_TAB                        0x0800361d   Data           8  adc.o(.constdata)
    OFFSET_TAB_CCMRx                         0x08003625   Data           7  adc.o(.constdata)
    SHIFT_TAB_OCxx                           0x0800362c   Data           7  adc.o(.constdata)
    SHIFT_TAB_ICxx                           0x08003633   Data           7  adc.o(.constdata)
    SHIFT_TAB_CCxP                           0x0800363a   Data           7  adc.o(.constdata)
    SHIFT_TAB_OISx                           0x08003641   Data           7  adc.o(.constdata)
    .data                                    0x20000000   Section        4  button.o(.data)
    .data                                    0x20000004   Section        4  usart.o(.data)
    .data                                    0x20000008   Section       56  adc.o(.data)
    .data                                    0x20000040   Section      104  ticker.o(.data)
    .data                                    0x200000a8   Section        4  system_stm32f4xx.o(.data)
    .bss                                     0x200000ac   Section       24  adc.o(.bss)
    .bss                                     0x200000c4   Section      132  ticker.o(.bss)
    .bss                                     0x20000148   Section       96  libspace.o(.bss)
    HEAP                                     0x200001a8   Section      512  startup_stm32f401xe.o(HEAP)
    Heap_Mem                                 0x200001a8   Data         512  startup_stm32f401xe.o(HEAP)
    STACK                                    0x200003a8   Section     1024  startup_stm32f401xe.o(STACK)
    Stack_Mem                                0x200003a8   Data        1024  startup_stm32f401xe.o(STACK)
    __initial_sp                             0x200007a8   Data           0  startup_stm32f401xe.o(STACK)

    Global Symbols

    Symbol Name                              Value     Ov Type        Size  Object(Section)

    BuildAttributes$$THM_ISAv4$E$P$D$K$B$S$7EM$VFPi3$EXTD16$VFPS$VFMA$PE$A:L22UL41UL21$X:L11$S22US41US21$IEEE1$IW$USESV6$~STKCKD$USESV7$~SHL$OTIME$ROPI$IEEEJ$EBA8$UX$STANDARDLIB$REQ8$PRES8$EABIv2 0x00000000   Number         0  anon$$obj.o ABSOLUTE
    __ARM_use_no_argv                        0x00000000   Number         0  main_1.o ABSOLUTE
    __ARM_exceptions_init                     - Undefined Weak Reference
    __alloca_initialize                       - Undefined Weak Reference
    __arm_preinit_                            - Undefined Weak Reference
    __cpp_initialize__aeabi_                  - Undefined Weak Reference
    __cxa_finalize                            - Undefined Weak Reference
    __rt_locale                               - Undefined Weak Reference
    __sigvec_lookup                           - Undefined Weak Reference
    _atexit_init                              - Undefined Weak Reference
    _call_atexit_fns                          - Undefined Weak Reference
    _clock_init                               - Undefined Weak Reference
    _fp_trap_init                             - Undefined Weak Reference
    _fp_trap_shutdown                         - Undefined Weak Reference
    _get_lc_collate                           - Undefined Weak Reference
    _get_lc_ctype                             - Undefined Weak Reference
    _get_lc_monetary                          - Undefined Weak Reference
    _get_lc_numeric                           - Undefined Weak Reference
    _get_lc_time                              - Undefined Weak Reference
    _getenv_init                              - Undefined Weak Reference
    _handle_redirection                       - Undefined Weak Reference
    _init_alloc                               - Undefined Weak Reference
    _init_user_alloc                          - Undefined Weak Reference
    _initio                                   - Undefined Weak Reference
    _mutex_acquire                            - Undefined Weak Reference
    _mutex_release                            - Undefined Weak Reference
    _printf_post_padding                      - Undefined Weak Reference
    _printf_pre_padding                       - Undefined Weak Reference
    _printf_truncate_signed                   - Undefined Weak Reference
    _printf_truncate_unsigned                 - Undefined Weak Reference
    _rand_init                                - Undefined Weak Reference
    _signal_finish                            - Undefined Weak Reference
    _signal_init                              - Undefined Weak Reference
    _terminate_alloc                          - Undefined Weak Reference
    _terminate_user_alloc                     - Undefined Weak Reference
    _terminateio                              - Undefined Weak Reference
    __Vectors_Size                           0x00000194   Number         0  startup_stm32f401xe.o ABSOLUTE
    __Vectors                                0x08000000   Data           4  startup_stm32f401xe.o(RESET)
    __Vectors_End                            0x08000194   Data           0  startup_stm32f401xe.o(RESET)
    __main                                   0x08000195   Thumb Code     8  __main.o(!!!main)
    __scatterload                            0x0800019d   Thumb Code     0  __scatter.o(!!!scatter)
    __scatterload_rt2                        0x0800019d   Thumb Code    44  __scatter.o(!!!scatter)
    __scatterload_rt2_thumb_only             0x0800019d   Thumb Code     0  __scatter.o(!!!scatter)
    __scatterload_null                       0x080001ab   Thumb Code     0  __scatter.o(!!!scatter)
    __scatterload_copy                       0x080001d1   Thumb Code    26  __scatter_copy.o(!!handler_copy)
    __scatterload_zeroinit                   0x080001ed   Thumb Code    28  __scatter_zi.o(!!handler_zi)
    _printf_d                                0x08000209   Thumb Code     0  _printf_d.o(.ARM.Collect$$_printf_percent$$00000009)
    _printf_percent                          0x08000209   Thumb Code     0  _printf_percent.o(.ARM.Collect$$_printf_percent$$00000000)
    _printf_u                                0x0800020f   Thumb Code     0  _printf_u.o(.ARM.Collect$$_printf_percent$$0000000A)
    _printf_percent_end                      0x08000215   Thumb Code     0  _printf_percent_end.o(.ARM.Collect$$_printf_percent$$00000017)
    __rt_lib_init                            0x08000219   Thumb Code     0  libinit.o(.ARM.Collect$$libinit$$00000000)
    __rt_lib_init_fp_1                       0x0800021b   Thumb Code     0  libinit2.o(.ARM.Collect$$libinit$$00000001)
    __rt_lib_init_alloca_1                   0x0800021f   Thumb Code     0  libinit2.o(.ARM.Collect$$libinit$$0000002E)
    __rt_lib_init_argv_1                     0x0800021f   Thumb Code     0  libinit2.o(.ARM.Collect$$libinit$$0000002C)
    __rt_lib_init_atexit_1                   0x0800021f   Thumb Code     0  libinit2.o(.ARM.Collect$$libinit$$0000001B)
    __rt_lib_init_clock_1                    0x0800021f   Thumb Code     0  libinit2.o(.ARM.Collect$$libinit$$00000021)
    __rt_lib_init_cpp_1                      0x0800021f   Thumb Code     0  libinit2.o(.ARM.Collect$$libinit$$00000032)
    __rt_lib_init_exceptions_1               0x0800021f   Thumb Code     0  libinit2.o(.ARM.Collect$$libinit$$00000030)
    __rt_lib_init_fp_trap_1                  0x0800021f   Thumb Code     0  libinit2.o(.ARM.Collect$$libinit$$0000001F)
    __rt_lib_init_getenv_1                   0x0800021f   Thumb Code     0  libinit2.o(.ARM.Collect$$libinit$$00000023)
    __rt_lib_init_heap_1                     0x0800021f   Thumb Code     0  libinit2.o(.ARM.Collect$$libinit$$0000000A)
    __rt_lib_init_lc_collate_1               0x0800021f   Thumb Code     0  libinit2.o(.ARM.Collect$$libinit$$00000011)
    __rt_lib_init_lc_ctype_1                 0x0800021f   Thumb Code     0  libinit2.o(.ARM.Collect$$libinit$$00000013)
    __rt_lib_init_lc_monetary_1              0x0800021f   Thumb Code     0  libinit2.o(.ARM.Collect$$libinit$$00000015)
    __rt_lib_init_lc_numeric_1               0x0800021f   Thumb Code     0  libinit2.o(.ARM.Collect$$libinit$$00000017)
    __rt_lib_init_lc_time_1                  0x0800021f   Thumb Code     0  libinit2.o(.ARM.Collect$$libinit$$00000019)
    __rt_lib_init_preinit_1                  0x0800021f   Thumb Code     0  libinit2.o(.ARM.Collect$$libinit$$00000004)
    __rt_lib_init_rand_1                     0x0800021f   Thumb Code     0  libinit2.o(.ARM.Collect$$libinit$$0000000E)
    __rt_lib_init_return                     0x0800021f   Thumb Code     0  libinit2.o(.ARM.Collect$$libinit$$00000033)
    __rt_lib_init_signal_1                   0x0800021f   Thumb Code     0  libinit2.o(.ARM.Collect$$libinit$$0000001D)
    __rt_lib_init_stdio_1                    0x0800021f   Thumb Code     0  libinit2.o(.ARM.Collect$$libinit$$00000025)
    __rt_lib_init_user_alloc_1               0x0800021f   Thumb Code     0  libinit2.o(.ARM.Collect$$libinit$$0000000C)
    __rt_lib_shutdown                        0x08000221   Thumb Code     0  libshutdown.o(.ARM.Collect$$libshutdown$$00000000)
    __rt_lib_shutdown_cpp_1                  0x08000223   Thumb Code     0  libshutdown2.o(.ARM.Collect$$libshutdown$$00000002)
    __rt_lib_shutdown_fp_trap_1              0x08000223   Thumb Code     0  libshutdown2.o(.ARM.Collect$$libshutdown$$00000007)
    __rt_lib_shutdown_heap_1                 0x08000223   Thumb Code     0  libshutdown2.o(.ARM.Collect$$libshutdown$$0000000F)
    __rt_lib_shutdown_return                 0x08000223   Thumb Code     0  libshutdown2.o(.ARM.Collect$$libshutdown$$00000010)
    __rt_lib_shutdown_signal_1               0x08000223   Thumb Code     0  libshutdown2.o(.ARM.Collect$$libshutdown$$0000000A)
    __rt_lib_shutdown_stdio_1                0x08000223   Thumb Code     0  libshutdown2.o(.ARM.Collect$$libshutdown$$00000004)
    __rt_lib_shutdown_user_alloc_1           0x08000223   Thumb Code     0  libshutdown2.o(.ARM.Collect$$libshutdown$$0000000C)
    __rt_entry                               0x08000225   Thumb Code     0  __rtentry.o(.ARM.Collect$$rtentry$$00000000)
    __rt_entry_presh_1                       0x08000225   Thumb Code     0  __rtentry2.o(.ARM.Collect$$rtentry$$00000002)
    __rt_entry_sh                            0x08000225   Thumb Code     0  __rtentry4.o(.ARM.Collect$$rtentry$$00000004)
    __rt_entry_li                            0x0800022b   Thumb Code     0  __rtentry2.o(.ARM.Collect$$rtentry$$0000000A)
    __rt_entry_postsh_1                      0x0800022b   Thumb Code     0  __rtentry2.o(.ARM.Collect$$rtentry$$00000009)
    __rt_entry_main                          0x0800022f   Thumb Code     0  __rtentry2.o(.ARM.Collect$$rtentry$$0000000D)
    __rt_entry_postli_1                      0x0800022f   Thumb Code     0  __rtentry2.o(.ARM.Collect$$rtentry$$0000000C)
    __rt_exit                                0x08000237   Thumb Code     0  rtexit.o(.ARM.Collect$$rtexit$$00000000)
    __rt_exit_ls                             0x08000239   Thumb Code     0  rtexit2.o(.ARM.Collect$$rtexit$$00000003)
    __rt_exit_prels_1                        0x08000239   Thumb Code     0  rtexit2.o(.ARM.Collect$$rtexit$$00000002)
    __rt_exit_exit                           0x0800023d   Thumb Code     0  rtexit2.o(.ARM.Collect$$rtexit$$00000004)
    Reset_Handler                            0x08000245   Thumb Code     8  startup_stm32f401xe.o(.text)
    DMA1_Stream0_IRQHandler                  0x0800025f   Thumb Code     0  startup_stm32f401xe.o(.text)
    DMA1_Stream1_IRQHandler                  0x0800025f   Thumb Code     0  startup_stm32f401xe.o(.text)
    DMA1_Stream2_IRQHandler                  0x0800025f   Thumb Code     0  startup_stm32f401xe.o(.text)
    DMA1_Stream3_IRQHandler                  0x0800025f   Thumb Code     0  startup_stm32f401xe.o(.text)
    DMA1_Stream4_IRQHandler                  0x0800025f   Thumb Code     0  startup_stm32f401xe.o(.text)
    DMA1_Stream5_IRQHandler                  0x0800025f   Thumb Code     0  startup_stm32f401xe.o(.text)
    DMA1_Stream6_IRQHandler                  0x0800025f   Thumb Code     0  startup_stm32f401xe.o(.text)
    DMA1_Stream7_IRQHandler                  0x0800025f   Thumb Code     0  startup_stm32f401xe.o(.text)
    DMA2_Stream1_IRQHandler                  0x0800025f   Thumb Code     0  startup_stm32f401xe.o(.text)
    DMA2_Stream2_IRQHandler                  0x0800025f   Thumb Code     0  startup_stm32f401xe.o(.text)
    DMA2_Stream3_IRQHandler                  0x0800025f   Thumb Code     0  startup_stm32f401xe.o(.text)
    DMA2_Stream4_IRQHandler                  0x0800025f   Thumb Code     0  startup_stm32f401xe.o(.text)
    DMA2_Stream5_IRQHandler                  0x0800025f   Thumb Code     0  startup_stm32f401xe.o(.text)
    DMA2_Stream6_IRQHandler                  0x0800025f   Thumb Code     0  startup_stm32f401xe.o(.text)
    DMA2_Stream7_IRQHandler                  0x0800025f   Thumb Code     0  startup_stm32f401xe.o(.text)
    EXTI0_IRQHandler                         0x0800025f   Thumb Code     0  startup_stm32f401xe.o(.text)
    EXTI1_IRQHandler                         0x0800025f   Thumb Code     0  startup_stm32f401xe.o(.text)
    EXTI2_IRQHandler                         0x0800025f   Thumb Code     0  startup_stm32f401xe.o(.text)
    EXTI3_IRQHandler                         0x0800025f   Thumb Code     0  startup_stm32f401xe.o(.text)
    EXTI4_IRQHandler                         0x0800025f   Thumb Code     0  startup_stm32f401xe.o(.text)
    EXTI9_5_IRQHandler                       0x0800025f   Thumb Code     0  startup_stm32f401xe.o(.text)
    FLASH_IRQHandler                         0x0800025f   Thumb Code     0  startup_stm32f401xe.o(.text)
    FPU_IRQHandler                           0x0800025f   Thumb Code     0  startup_stm32f401xe.o(.text)
    I2C1_ER_IRQHandler                       0x0800025f   Thumb Code     0  startup_stm32f401xe.o(.text)
    I2C1_EV_IRQHandler                       0x0800025f   Thumb Code     0  startup_stm32f401xe.o(.text)
    I2C2_ER_IRQHandler                       0x0800025f   Thumb Code     0  startup_stm32f401xe.o(.text)
    I2C2_EV_IRQHandler                       0x0800025f   Thumb Code     0  startup_stm32f401xe.o(.text)
    I2C3_ER_IRQHandler                       0x0800025f   Thumb Code     0  startup_stm32f401xe.o(.text)
    I2C3_EV_IRQHandler                       0x0800025f   Thumb Code     0  startup_stm32f401xe.o(.text)
    OTG_FS_IRQHandler                        0x0800025f   Thumb Code     0  startup_stm32f401xe.o(.text)
    OTG_FS_WKUP_IRQHandler                   0x0800025f   Thumb Code     0  startup_stm32f401xe.o(.text)
    PVD_IRQHandler                           0x0800025f   Thumb Code     0  startup_stm32f401xe.o(.text)
    RCC_IRQHandler                           0x0800025f   Thumb Code     0  startup_stm32f401xe.o(.text)
    RTC_Alarm_IRQHandler                     0x0800025f   Thumb Code     0  startup_stm32f401xe.o(.text)
    RTC_WKUP_IRQHandler                      0x0800025f   Thumb Code     0  startup_stm32f401xe.o(.text)
    SDIO_IRQHandler                          0x0800025f   Thumb Code     0  startup_stm32f401xe.o(.text)
    SPI1_IRQHandler                          0x0800025f   Thumb Code     0  startup_stm32f401xe.o(.text)
    SPI2_IRQHandler                          0x0800025f   Thumb Code     0  startup_stm32f401xe.o(.text)
    SPI3_IRQHandler                          0x0800025f   Thumb Code     0  startup_stm32f401xe.o(.text)
    SPI4_IRQHandler                          0x0800025f   Thumb Code     0  startup_stm32f401xe.o(.text)
    TAMP_STAMP_IRQHandler                    0x0800025f   Thumb Code     0  startup_stm32f401xe.o(.text)
    TIM1_BRK_TIM9_IRQHandler                 0x0800025f   Thumb Code     0  startup_stm32f401xe.o(.text)
    TIM1_CC_IRQHandler                       0x0800025f   Thumb Code     0  startup_stm32f401xe.o(.text)
    TIM1_TRG_COM_TIM11_IRQHandler            0x0800025f   Thumb Code     0  startup_stm32f401xe.o(.text)
    TIM1_UP_TIM10_IRQHandler                 0x0800025f   Thumb Code     0  startup_stm32f401xe.o(.text)
    TIM3_IRQHandler                          0x0800025f   Thumb Code     0  startup_stm32f401xe.o(.text)
    USART1_IRQHandler                        0x0800025f   Thumb Code     0  startup_stm32f401xe.o(.text)
    USART2_IRQHandler                        0x0800025f   Thumb Code     0  startup_stm32f401xe.o(.text)
    WWDG_IRQHandler                          0x0800025f   Thumb Code     0  startup_stm32f401xe.o(.text)
    __user_initial_stackheap                 0x08000261   Thumb Code     0  startup_stm32f401xe.o(.text)
    __use_no_semihosting                     0x08000285   Thumb Code     2  use_no_semi_2.o(.text)
    __2printf                                0x08000289   Thumb Code    20  noretval__2printf.o(.text)
    __printf                                 0x080002a1   Thumb Code   104  __printf.o(.text)
    _printf_int_dec                          0x08000309   Thumb Code   104  _printf_dec.o(.text)
    __use_two_region_memory                  0x08000381   Thumb Code     2  heapauxi.o(.text)
    __rt_heap_escrow$2region                 0x08000383   Thumb Code     2  heapauxi.o(.text)
    __rt_heap_expand$2region                 0x08000385   Thumb Code     2  heapauxi.o(.text)
    __I$use$semihosting                      0x08000387   Thumb Code     0  use_no_semi.o(.text)
    __use_no_semihosting_swi                 0x08000387   Thumb Code     2  use_no_semi.o(.text)
    _printf_int_common                       0x08000389   Thumb Code   178  _printf_intcommon.o(.text)
    _printf_char_file                        0x0800043d   Thumb Code    32  _printf_char_file.o(.text)
    _printf_char_common                      0x0800046b   Thumb Code    32  _printf_char_common.o(.text)
    ferror                                   0x08000491   Thumb Code     8  ferror.o(.text)
    __user_setup_stackheap                   0x08000499   Thumb Code    74  sys_stackheap_outer.o(.text)
    exit                                     0x080004e3   Thumb Code    18  exit.o(.text)
    __user_libspace                          0x080004f5   Thumb Code     8  libspace.o(.text)
    __user_perproc_libspace                  0x080004f5   Thumb Code     0  libspace.o(.text)
    __user_perthread_libspace                0x080004f5   Thumb Code     0  libspace.o(.text)
    ADCPrintValue                            0x080004fd   Thumb Code   100  adc.o(i.ADCPrintValue)
    ADC_IRQHandler                           0x080005ad   Thumb Code    50  stm32f4xx_it.o(i.ADC_IRQHandler)
    Abs                                      0x080005e5   Thumb Code    26  ticker.o(i.Abs)
    Activate_ADC                             0x08000601   Thumb Code    34  adc.o(i.Activate_ADC)
    AdcDmaTransferComplete_Callback          0x08000629   Thumb Code    30  adc.o(i.AdcDmaTransferComplete_Callback)
    AdcDmaTransferError_Callback             0x0800064d   Thumb Code    10  adc.o(i.AdcDmaTransferError_Callback)
    AdcGrpRegularOverrunError_Callback       0x0800065d   Thumb Code    26  adc.o(i.AdcGrpRegularOverrunError_Callback)
    AdcGrpRegularSequenceConvComplete_Callback 0x08000681   Thumb Code    78  adc.o(i.AdcGrpRegularSequenceConvComplete_Callback)
    Bipolar1_On                              0x080006e1   Thumb Code    12  enable.o(i.Bipolar1_On)
    Bipolar2_On                              0x080006f1   Thumb Code    12  enable.o(i.Bipolar2_On)
    BusFault_Handler                         0x08000701   Thumb Code     4  stm32f4xx_it.o(i.BusFault_Handler)
    CalCoef                                  0x08000705   Thumb Code   166  adc.o(i.CalCoef)
    Configure_ADC                            0x080007cd   Thumb Code   572  adc.o(i.Configure_ADC)
    Configure_Bipolar1_Enable                0x08000a71   Thumb Code    48  enable.o(i.Configure_Bipolar1_Enable)
    Configure_Bipolar2_Enable                0x08000aa5   Thumb Code    48  enable.o(i.Configure_Bipolar2_Enable)
    Configure_DMA                            0x08000ad9   Thumb Code   210  adc.o(i.Configure_DMA)
    Configure_Encoder_Left                   0x08000bc5   Thumb Code   278  motors_and_encoders.o(i.Configure_Encoder_Left)
    Configure_Encoder_Right                  0x08000ced   Thumb Code   270  motors_and_encoders.o(i.Configure_Encoder_Right)
    Configure_InLED_Enable                   0x08000e0d   Thumb Code    52  enable.o(i.Configure_InLED_Enable)
    Configure_MidLED_Enable                  0x08000e45   Thumb Code    52  enable.o(i.Configure_MidLED_Enable)
    Configure_Motor_Left                     0x08000e7d   Thumb Code   240  motors_and_encoders.o(i.Configure_Motor_Left)
    Configure_Motor_Right                    0x08000f7d   Thumb Code   208  motors_and_encoders.o(i.Configure_Motor_Right)
    Configure_Motorboard_Enable              0x0800105d   Thumb Code    48  enable.o(i.Configure_Motorboard_Enable)
    Configure_OutLED_Enable                  0x08001091   Thumb Code    52  enable.o(i.Configure_OutLED_Enable)
    Configure_TIMTimeBase                    0x080010c9   Thumb Code   238  ticker.o(i.Configure_TIMTimeBase)
    Configure_USART                          0x080011e9   Thumb Code   272  usart.o(i.Configure_USART)
    Configure_USB_UART                       0x08001311   Thumb Code   196  usart.o(i.Configure_USB_UART)
    Configure_User_Button                    0x080013e5   Thumb Code   286  button.o(i.Configure_User_Button)
    Configure_User_LED                       0x08001525   Thumb Code   170  led.o(i.Configure_User_LED)
    DMA2_Stream0_IRQHandler                  0x080015d9   Thumb Code    68  stm32f4xx_it.o(i.DMA2_Stream0_IRQHandler)
    DebugMon_Handler                         0x08001621   Thumb Code     2  stm32f4xx_it.o(i.DebugMon_Handler)
    EXTI15_10_IRQHandler                     0x08001625   Thumb Code    42  stm32f4xx_it.o(i.EXTI15_10_IRQHandler)
    Error_Callback                           0x08001655   Thumb Code    54  usart.o(i.Error_Callback)
    GetAverage                               0x08001695   Thumb Code    64  adc.o(i.GetAverage)
    GetVoltagePA4                            0x080016e1   Thumb Code    60  adc.o(i.GetVoltagePA4)
    GetVoltagePB0                            0x08001725   Thumb Code    60  adc.o(i.GetVoltagePB0)
    GetVoltagePC0                            0x08001769   Thumb Code    60  adc.o(i.GetVoltagePC0)
    GetVoltagePC1                            0x080017ad   Thumb Code    60  adc.o(i.GetVoltagePC1)
    GetVoltagePC2                            0x080017f1   Thumb Code    60  adc.o(i.GetVoltagePC2)
    GetVoltagePC3                            0x08001835   Thumb Code    60  adc.o(i.GetVoltagePC3)
    HardFault_Handler                        0x08001879   Thumb Code     4  stm32f4xx_it.o(i.HardFault_Handler)
    InLED_On                                 0x0800187d   Thumb Code    14  enable.o(i.InLED_On)
    LED_Blinking                             0x08001891   Thumb Code    34  led.o(i.LED_Blinking)
    LL_mDelay                                0x0800208d   Thumb Code    40  stm32f4xx_ll_utils.o(i.LL_mDelay)
    LeftPIDInit                              0x080020b5   Thumb Code    52  ticker.o(i.LeftPIDInit)
    MemManage_Handler                        0x080020f5   Thumb Code     4  stm32f4xx_it.o(i.MemManage_Handler)
    MidLED_On                                0x080020f9   Thumb Code    14  enable.o(i.MidLED_On)
    MotorBoard_On                            0x0800210d   Thumb Code    12  enable.o(i.MotorBoard_On)
    MotorPIDCallback                         0x0800211d   Thumb Code  1806  ticker.o(i.MotorPIDCallback)
    NMI_Handler                              0x08002871   Thumb Code     2  stm32f4xx_it.o(i.NMI_Handler)
    NaviPIDInit                              0x08002909   Thumb Code    40  ticker.o(i.NaviPIDInit)
    OutLED_On                                0x0800293d   Thumb Code    14  enable.o(i.OutLED_On)
    PendSV_Handler                           0x08002951   Thumb Code     2  stm32f4xx_it.o(i.PendSV_Handler)
    Reset_Encoders                           0x08002955   Thumb Code    46  motors_and_encoders.o(i.Reset_Encoders)
    RightPIDInit                             0x08002989   Thumb Code    52  ticker.o(i.RightPIDInit)
    SVC_Handler                              0x080029c9   Thumb Code     2  stm32f4xx_it.o(i.SVC_Handler)
    Set_DutyCycle_Motor_Left                 0x080029cd   Thumb Code   102  motors_and_encoders.o(i.Set_DutyCycle_Motor_Left)
    Set_DutyCycle_Motor_Right                0x08002a39   Thumb Code   102  motors_and_encoders.o(i.Set_DutyCycle_Motor_Right)
    SysTick_Handler                          0x08002aa5   Thumb Code     2  stm32f4xx_it.o(i.SysTick_Handler)
    SystemClock_Config                       0x08002aa9   Thumb Code   318  system_functions.o(i.SystemClock_Config)
    SystemInit                               0x08002c09   Thumb Code    82  system_stm32f4xx.o(i.SystemInit)
    TIM2_IRQHandler                          0x08002c6d   Thumb Code    28  stm32f4xx_it.o(i.TIM2_IRQHandler)
    TIM4_IRQHandler                          0x08002c89   Thumb Code    32  stm32f4xx_it.o(i.TIM4_IRQHandler)
    TIM5_IRQHandler                          0x08002cad   Thumb Code    26  stm32f4xx_it.o(i.TIM5_IRQHandler)
    USART6_IRQHandler                        0x08002ccd   Thumb Code    38  stm32f4xx_it.o(i.USART6_IRQHandler)
    USART_CharReception_Callback             0x08002cf9   Thumb Code    56  usart.o(i.USART_CharReception_Callback)
    UsageFault_Handler                       0x08002d3d   Thumb Code     4  stm32f4xx_it.o(i.UsageFault_Handler)
    UserButton_Callback                      0x08002d41   Thumb Code    86  button.o(i.UserButton_Callback)
    __hardfp_fabs                            0x08002dad   Thumb Code    20  fabs.o(i.__hardfp_fabs)
    _sys_exit                                0x08002dc1   Thumb Code     4  usart.o(i._sys_exit)
    fputc                                    0x08002dc5   Thumb Code    24  usart.o(i.fputc)
    getPulsesLeft                            0x08002de1   Thumb Code    12  motors_and_encoders.o(i.getPulsesLeft)
    getPulsesRight                           0x08002ded   Thumb Code    10  motors_and_encoders.o(i.getPulsesRight)
    main                                     0x08002dfd   Thumb Code   216  main_1.o(i.main)
    __aeabi_d2f                              0x08002eed   Thumb Code     0  d2f.o(x$fpl$d2f)
    _d2f                                     0x08002eed   Thumb Code    98  d2f.o(x$fpl$d2f)
    __aeabi_dadd                             0x08002f51   Thumb Code     0  daddsub_clz.o(x$fpl$dadd)
    _dadd                                    0x08002f51   Thumb Code   332  daddsub_clz.o(x$fpl$dadd)
    __aeabi_d2iz                             0x080030a1   Thumb Code     0  dfix.o(x$fpl$dfix)
    _dfix                                    0x080030a1   Thumb Code    94  dfix.o(x$fpl$dfix)
    __aeabi_i2d                              0x080030ff   Thumb Code     0  dflt_clz.o(x$fpl$dflt)
    _dflt                                    0x080030ff   Thumb Code    46  dflt_clz.o(x$fpl$dflt)
    __aeabi_dmul                             0x0800312d   Thumb Code     0  dmul.o(x$fpl$dmul)
    _dmul                                    0x0800312d   Thumb Code   332  dmul.o(x$fpl$dmul)
    __fpl_dnaninf                            0x08003281   Thumb Code   156  dnaninf.o(x$fpl$dnaninf)
    __fpl_dretinf                            0x0800331d   Thumb Code    12  dretinf.o(x$fpl$dretinf)
    __aeabi_dsub                             0x08003329   Thumb Code     0  daddsub_clz.o(x$fpl$dsub)
    _dsub                                    0x08003329   Thumb Code   464  daddsub_clz.o(x$fpl$dsub)
    __aeabi_f2d                              0x080034fd   Thumb Code     0  f2d.o(x$fpl$f2d)
    _f2d                                     0x080034fd   Thumb Code    86  f2d.o(x$fpl$f2d)
    __fpl_fnaninf                            0x08003553   Thumb Code   140  fnaninf.o(x$fpl$fnaninf)
    _fp_init                                 0x080035df   Thumb Code    10  fpinit.o(x$fpl$fpinit)
    __fplib_config_fpu_vfp                   0x080035e7   Thumb Code     0  fpinit.o(x$fpl$fpinit)
    __fplib_config_pureend_doubles           0x080035e7   Thumb Code     0  fpinit.o(x$fpl$fpinit)
    __fpl_fretinf                            0x080035e9   Thumb Code    10  fretinf.o(x$fpl$fretinf)
    __I$use$fp                               0x080035f2   Number         0  usenofp.o(x$fpl$usenofp)
    Region$$Table$$Base                      0x08003648   Number         0  anon$$obj.o(Region$$Table)
    Region$$Table$$Limit                     0x08003668   Number         0  anon$$obj.o(Region$$Table)
    state_                                   0x20000000   Data           4  button.o(.data)
    __stdout                                 0x20000004   Data           4  usart.o(.data)
    ubDmaTransferStatus                      0x20000008   Data           1  adc.o(.data)
    uhADCxConvertedData_PA4_mVolt            0x2000000a   Data           2  adc.o(.data)
    uhADCxConvertedData_PC2_mVolt            0x2000000c   Data           2  adc.o(.data)
    uhADCxConvertedData_PC3_mVolt            0x2000000e   Data           2  adc.o(.data)
    uhADCxConvertedData_PB0_mVolt            0x20000010   Data           2  adc.o(.data)
    uhADCxConvertedData_PC0_mVolt            0x20000012   Data           2  adc.o(.data)
    uhADCxConvertedData_PC1_mVolt            0x20000014   Data           2  adc.o(.data)
    cS1                                      0x20000018   Data           4  adc.o(.data)
    cS2                                      0x2000001c   Data           4  adc.o(.data)
    cS3                                      0x20000020   Data           4  adc.o(.data)
    cS4                                      0x20000024   Data           4  adc.o(.data)
    cS5                                      0x20000028   Data           4  adc.o(.data)
    cS6                                      0x2000002c   Data           4  adc.o(.data)
    state                                    0x20000030   Data           4  adc.o(.data)
    averageCounter                           0x20000034   Data           2  adc.o(.data)
    i                                        0x20000036   Data           2  adc.o(.data)
    j                                        0x20000038   Data           2  adc.o(.data)
    tempTotal                                0x2000003c   Data           4  adc.o(.data)
    currentPulseLeft                         0x20000040   Data           4  ticker.o(.data)
    lastPulseLeft                            0x20000044   Data           4  ticker.o(.data)
    currentPulseRight                        0x20000048   Data           4  ticker.o(.data)
    lastPulseRight                           0x2000004c   Data           4  ticker.o(.data)
    targetRight                              0x20000050   Data           4  ticker.o(.data)
    targetLeft                               0x20000054   Data           4  ticker.o(.data)
    leftSpeed                                0x20000058   Data           4  ticker.o(.data)
    rightSpeed                               0x2000005c   Data           4  ticker.o(.data)
    dutyCycleLeft                            0x20000060   Data           4  ticker.o(.data)
    dutyCycleRight                           0x20000064   Data           4  ticker.o(.data)
    average                                  0x20000068   Data           4  ticker.o(.data)
    deviation                                0x2000006c   Data           4  ticker.o(.data)
    S1                                       0x20000070   Data           4  ticker.o(.data)
    S2                                       0x20000074   Data           4  ticker.o(.data)
    S3                                       0x20000078   Data           4  ticker.o(.data)
    S4                                       0x2000007c   Data           4  ticker.o(.data)
    S5                                       0x20000080   Data           4  ticker.o(.data)
    S6                                       0x20000084   Data           4  ticker.o(.data)
    position                                 0x20000088   Data           4  ticker.o(.data)
    speedDiff                                0x2000008c   Data           4  ticker.o(.data)
    _state                                   0x20000090   Data           4  ticker.o(.data)
    reachOutRight                            0x20000094   Data           4  ticker.o(.data)
    reachOutLeft                             0x20000098   Data           4  ticker.o(.data)
    delayCounter                             0x2000009c   Data           4  ticker.o(.data)
    finish                                   0x200000a0   Data           4  ticker.o(.data)
    finishCounter                            0x200000a4   Data           4  ticker.o(.data)
    SystemCoreClock                          0x200000a8   Data           4  system_stm32f4xx.o(.data)
    aADCxConvertedData                       0x200000ac   Data          12  adc.o(.bss)
    ADCAverage                               0x200000b8   Data          12  adc.o(.bss)
    LeftPID                                  0x200000c4   Data          44  ticker.o(.bss)
    RightPID                                 0x200000f0   Data          44  ticker.o(.bss)
    NaviPID                                  0x2000011c   Data          44  ticker.o(.bss)
    __libspace_start                         0x20000148   Data          96  libspace.o(.bss)
    __temporary_stack_top$libspace           0x200001a8   Data           0  libspace.o(.bss)



==============================================================================

Memory Map of the image

  Image Entry point : 0x08000195

  Load Region LR_IROM1 (Base: 0x08000000, Size: 0x00003714, Max: 0x00060000, ABSOLUTE)

    Execution Region ER_IROM1 (Base: 0x08000000, Size: 0x00003668, Max: 0x00060000, ABSOLUTE)

    Base Addr    Size         Type   Attr      Idx    E Section Name        Object

    0x08000000   0x00000194   Data   RO         1304    RESET               startup_stm32f401xe.o
    0x08000194   0x00000008   Code   RO         2504  * !!!main             c_w.l(__main.o)
    0x0800019c   0x00000034   Code   RO         2709    !!!scatter          c_w.l(__scatter.o)
    0x080001d0   0x0000001a   Code   RO         2711    !!handler_copy      c_w.l(__scatter_copy.o)
    0x080001ea   0x00000002   PAD
    0x080001ec   0x0000001c   Code   RO         2713    !!handler_zi        c_w.l(__scatter_zi.o)
    0x08000208   0x00000000   Code   RO         2501    .ARM.Collect$$_printf_percent$$00000000  c_w.l(_printf_percent.o)
    0x08000208   0x00000006   Code   RO         2499    .ARM.Collect$$_printf_percent$$00000009  c_w.l(_printf_d.o)
    0x0800020e   0x00000006   Code   RO         2500    .ARM.Collect$$_printf_percent$$0000000A  c_w.l(_printf_u.o)
    0x08000214   0x00000004   Code   RO         2541    .ARM.Collect$$_printf_percent$$00000017  c_w.l(_printf_percent_end.o)
    0x08000218   0x00000002   Code   RO         2583    .ARM.Collect$$libinit$$00000000  c_w.l(libinit.o)
    0x0800021a   0x00000004   Code   RO         2589    .ARM.Collect$$libinit$$00000001  c_w.l(libinit2.o)
    0x0800021e   0x00000000   Code   RO         2592    .ARM.Collect$$libinit$$00000004  c_w.l(libinit2.o)
    0x0800021e   0x00000000   Code   RO         2595    .ARM.Collect$$libinit$$0000000A  c_w.l(libinit2.o)
    0x0800021e   0x00000000   Code   RO         2597    .ARM.Collect$$libinit$$0000000C  c_w.l(libinit2.o)
    0x0800021e   0x00000000   Code   RO         2599    .ARM.Collect$$libinit$$0000000E  c_w.l(libinit2.o)
    0x0800021e   0x00000000   Code   RO         2602    .ARM.Collect$$libinit$$00000011  c_w.l(libinit2.o)
    0x0800021e   0x00000000   Code   RO         2604    .ARM.Collect$$libinit$$00000013  c_w.l(libinit2.o)
    0x0800021e   0x00000000   Code   RO         2606    .ARM.Collect$$libinit$$00000015  c_w.l(libinit2.o)
    0x0800021e   0x00000000   Code   RO         2608    .ARM.Collect$$libinit$$00000017  c_w.l(libinit2.o)
    0x0800021e   0x00000000   Code   RO         2610    .ARM.Collect$$libinit$$00000019  c_w.l(libinit2.o)
    0x0800021e   0x00000000   Code   RO         2612    .ARM.Collect$$libinit$$0000001B  c_w.l(libinit2.o)
    0x0800021e   0x00000000   Code   RO         2614    .ARM.Collect$$libinit$$0000001D  c_w.l(libinit2.o)
    0x0800021e   0x00000000   Code   RO         2616    .ARM.Collect$$libinit$$0000001F  c_w.l(libinit2.o)
    0x0800021e   0x00000000   Code   RO         2618    .ARM.Collect$$libinit$$00000021  c_w.l(libinit2.o)
    0x0800021e   0x00000000   Code   RO         2620    .ARM.Collect$$libinit$$00000023  c_w.l(libinit2.o)
    0x0800021e   0x00000000   Code   RO         2622    .ARM.Collect$$libinit$$00000025  c_w.l(libinit2.o)
    0x0800021e   0x00000000   Code   RO         2626    .ARM.Collect$$libinit$$0000002C  c_w.l(libinit2.o)
    0x0800021e   0x00000000   Code   RO         2628    .ARM.Collect$$libinit$$0000002E  c_w.l(libinit2.o)
    0x0800021e   0x00000000   Code   RO         2630    .ARM.Collect$$libinit$$00000030  c_w.l(libinit2.o)
    0x0800021e   0x00000000   Code   RO         2632    .ARM.Collect$$libinit$$00000032  c_w.l(libinit2.o)
    0x0800021e   0x00000002   Code   RO         2633    .ARM.Collect$$libinit$$00000033  c_w.l(libinit2.o)
    0x08000220   0x00000002   Code   RO         2651    .ARM.Collect$$libshutdown$$00000000  c_w.l(libshutdown.o)
    0x08000222   0x00000000   Code   RO         2661    .ARM.Collect$$libshutdown$$00000002  c_w.l(libshutdown2.o)
    0x08000222   0x00000000   Code   RO         2663    .ARM.Collect$$libshutdown$$00000004  c_w.l(libshutdown2.o)
    0x08000222   0x00000000   Code   RO         2666    .ARM.Collect$$libshutdown$$00000007  c_w.l(libshutdown2.o)
    0x08000222   0x00000000   Code   RO         2669    .ARM.Collect$$libshutdown$$0000000A  c_w.l(libshutdown2.o)
    0x08000222   0x00000000   Code   RO         2671    .ARM.Collect$$libshutdown$$0000000C  c_w.l(libshutdown2.o)
    0x08000222   0x00000000   Code   RO         2674    .ARM.Collect$$libshutdown$$0000000F  c_w.l(libshutdown2.o)
    0x08000222   0x00000002   Code   RO         2675    .ARM.Collect$$libshutdown$$00000010  c_w.l(libshutdown2.o)
    0x08000224   0x00000000   Code   RO         2536    .ARM.Collect$$rtentry$$00000000  c_w.l(__rtentry.o)
    0x08000224   0x00000000   Code   RO         2552    .ARM.Collect$$rtentry$$00000002  c_w.l(__rtentry2.o)
    0x08000224   0x00000006   Code   RO         2564    .ARM.Collect$$rtentry$$00000004  c_w.l(__rtentry4.o)
    0x0800022a   0x00000000   Code   RO         2554    .ARM.Collect$$rtentry$$00000009  c_w.l(__rtentry2.o)
    0x0800022a   0x00000004   Code   RO         2555    .ARM.Collect$$rtentry$$0000000A  c_w.l(__rtentry2.o)
    0x0800022e   0x00000000   Code   RO         2557    .ARM.Collect$$rtentry$$0000000C  c_w.l(__rtentry2.o)
    0x0800022e   0x00000008   Code   RO         2558    .ARM.Collect$$rtentry$$0000000D  c_w.l(__rtentry2.o)
    0x08000236   0x00000002   Code   RO         2587    .ARM.Collect$$rtexit$$00000000  c_w.l(rtexit.o)
    0x08000238   0x00000000   Code   RO         2635    .ARM.Collect$$rtexit$$00000002  c_w.l(rtexit2.o)
    0x08000238   0x00000004   Code   RO         2636    .ARM.Collect$$rtexit$$00000003  c_w.l(rtexit2.o)
    0x0800023c   0x00000006   Code   RO         2637    .ARM.Collect$$rtexit$$00000004  c_w.l(rtexit2.o)
    0x08000242   0x00000002   PAD
    0x08000244   0x00000040   Code   RO         1305    .text               startup_stm32f401xe.o
    0x08000284   0x00000002   Code   RO         2469    .text               c_w.l(use_no_semi_2.o)
    0x08000286   0x00000002   PAD
    0x08000288   0x00000018   Code   RO         2473    .text               c_w.l(noretval__2printf.o)
    0x080002a0   0x00000068   Code   RO         2475    .text               c_w.l(__printf.o)
    0x08000308   0x00000078   Code   RO         2477    .text               c_w.l(_printf_dec.o)
    0x08000380   0x00000006   Code   RO         2502    .text               c_w.l(heapauxi.o)
    0x08000386   0x00000002   Code   RO         2534    .text               c_w.l(use_no_semi.o)
    0x08000388   0x000000b2   Code   RO         2537    .text               c_w.l(_printf_intcommon.o)
    0x0800043a   0x00000002   PAD
    0x0800043c   0x00000024   Code   RO         2539    .text               c_w.l(_printf_char_file.o)
    0x08000460   0x00000030   Code   RO         2566    .text               c_w.l(_printf_char_common.o)
    0x08000490   0x00000008   Code   RO         2568    .text               c_w.l(ferror.o)
    0x08000498   0x0000004a   Code   RO         2572    .text               c_w.l(sys_stackheap_outer.o)
    0x080004e2   0x00000012   Code   RO         2576    .text               c_w.l(exit.o)
    0x080004f4   0x00000008   Code   RO         2584    .text               c_w.l(libspace.o)
    0x080004fc   0x000000b0   Code   RO          827    i.ADCPrintValue     adc.o
    0x080005ac   0x00000038   Code   RO          175    i.ADC_IRQHandler    stm32f4xx_it.o
    0x080005e4   0x0000001a   Code   RO         1127    i.Abs               ticker.o
    0x080005fe   0x00000002   PAD
    0x08000600   0x00000028   Code   RO          828    i.Activate_ADC      adc.o
    0x08000628   0x00000024   Code   RO          829    i.AdcDmaTransferComplete_Callback  adc.o
    0x0800064c   0x00000010   Code   RO          830    i.AdcDmaTransferError_Callback  adc.o
    0x0800065c   0x00000024   Code   RO          831    i.AdcGrpRegularOverrunError_Callback  adc.o
    0x08000680   0x00000060   Code   RO          832    i.AdcGrpRegularSequenceConvComplete_Callback  adc.o
    0x080006e0   0x00000010   Code   RO         1002    i.Bipolar1_On       enable.o
    0x080006f0   0x00000010   Code   RO         1003    i.Bipolar2_On       enable.o
    0x08000700   0x00000004   Code   RO          176    i.BusFault_Handler  stm32f4xx_it.o
    0x08000704   0x000000c8   Code   RO          833    i.CalCoef           adc.o
    0x080007cc   0x000002a4   Code   RO          834    i.Configure_ADC     adc.o
    0x08000a70   0x00000034   Code   RO         1004    i.Configure_Bipolar1_Enable  enable.o
    0x08000aa4   0x00000034   Code   RO         1005    i.Configure_Bipolar2_Enable  enable.o
    0x08000ad8   0x000000ec   Code   RO          835    i.Configure_DMA     adc.o
    0x08000bc4   0x00000128   Code   RO          326    i.Configure_Encoder_Left  motors_and_encoders.o
    0x08000cec   0x00000120   Code   RO          327    i.Configure_Encoder_Right  motors_and_encoders.o
    0x08000e0c   0x00000038   Code   RO         1006    i.Configure_InLED_Enable  enable.o
    0x08000e44   0x00000038   Code   RO         1007    i.Configure_MidLED_Enable  enable.o
    0x08000e7c   0x00000100   Code   RO          328    i.Configure_Motor_Left  motors_and_encoders.o
    0x08000f7c   0x000000e0   Code   RO          329    i.Configure_Motor_Right  motors_and_encoders.o
    0x0800105c   0x00000034   Code   RO         1008    i.Configure_Motorboard_Enable  enable.o
    0x08001090   0x00000038   Code   RO         1009    i.Configure_OutLED_Enable  enable.o
    0x080010c8   0x00000120   Code   RO         1128    i.Configure_TIMTimeBase  ticker.o
    0x080011e8   0x00000128   Code   RO          697    i.Configure_USART   usart.o
    0x08001310   0x000000d4   Code   RO          698    i.Configure_USB_UART  usart.o
    0x080013e4   0x00000140   Code   RO          644    i.Configure_User_Button  button.o
    0x08001524   0x000000b4   Code   RO          581    i.Configure_User_LED  led.o
    0x080015d8   0x00000048   Code   RO          177    i.DMA2_Stream0_IRQHandler  stm32f4xx_it.o
    0x08001620   0x00000002   Code   RO          178    i.DebugMon_Handler  stm32f4xx_it.o
    0x08001622   0x00000002   PAD
    0x08001624   0x00000030   Code   RO          179    i.EXTI15_10_IRQHandler  stm32f4xx_it.o
    0x08001654   0x00000040   Code   RO          699    i.Error_Callback    usart.o
    0x08001694   0x0000004c   Code   RO          836    i.GetAverage        adc.o
    0x080016e0   0x00000044   Code   RO          837    i.GetVoltagePA4     adc.o
    0x08001724   0x00000044   Code   RO          838    i.GetVoltagePB0     adc.o
    0x08001768   0x00000044   Code   RO          839    i.GetVoltagePC0     adc.o
    0x080017ac   0x00000044   Code   RO          840    i.GetVoltagePC1     adc.o
    0x080017f0   0x00000044   Code   RO          841    i.GetVoltagePC2     adc.o
    0x08001834   0x00000044   Code   RO          842    i.GetVoltagePC3     adc.o
    0x08001878   0x00000004   Code   RO          180    i.HardFault_Handler  stm32f4xx_it.o
    0x0800187c   0x00000014   Code   RO         1010    i.InLED_On          enable.o
    0x08001890   0x00000028   Code   RO          582    i.LED_Blinking      led.o
    0x080018b8   0x0000000a   Code   RO          843    i.LL_ADC_IsEnabled  adc.o
    0x080018c2   0x00000038   Code   RO          844    i.LL_ADC_REG_SetSequencerRanks  adc.o
    0x080018fa   0x0000000a   Code   RO          845    i.LL_ADC_REG_StartConversionSWStart  adc.o
    0x08001904   0x00000052   Code   RO          846    i.LL_ADC_SetChannelSamplingTime  adc.o
    0x08001956   0x00000002   PAD
    0x08001958   0x0000001c   Code   RO          332    i.LL_AHB1_GRP1_EnableClock  motors_and_encoders.o
    0x08001974   0x0000001c   Code   RO          700    i.LL_AHB1_GRP1_EnableClock  usart.o
    0x08001990   0x0000001c   Code   RO          847    i.LL_AHB1_GRP1_EnableClock  adc.o
    0x080019ac   0x0000001c   Code   RO         1011    i.LL_AHB1_GRP1_EnableClock  enable.o
    0x080019c8   0x0000001c   Code   RO          333    i.LL_APB1_GRP1_EnableClock  motors_and_encoders.o
    0x080019e4   0x00000006   Code   RO          585    i.LL_GPIO_ResetOutputPin  led.o
    0x080019ea   0x00000006   Code   RO         1012    i.LL_GPIO_ResetOutputPin  enable.o
    0x080019f0   0x00000028   Code   RO          334    i.LL_GPIO_SetAFPin_0_7  motors_and_encoders.o
    0x08001a18   0x00000028   Code   RO          701    i.LL_GPIO_SetAFPin_0_7  usart.o
    0x08001a40   0x0000002c   Code   RO          335    i.LL_GPIO_SetAFPin_8_15  motors_and_encoders.o
    0x08001a6c   0x0000002c   Code   RO          702    i.LL_GPIO_SetAFPin_8_15  usart.o
    0x08001a98   0x00000004   Code   RO          586    i.LL_GPIO_SetOutputPin  led.o
    0x08001a9c   0x00000004   Code   RO         1013    i.LL_GPIO_SetOutputPin  enable.o
    0x08001aa0   0x00000028   Code   RO          336    i.LL_GPIO_SetPinMode  motors_and_encoders.o
    0x08001ac8   0x00000028   Code   RO          703    i.LL_GPIO_SetPinMode  usart.o
    0x08001af0   0x00000028   Code   RO          848    i.LL_GPIO_SetPinMode  adc.o
    0x08001b18   0x00000028   Code   RO         1014    i.LL_GPIO_SetPinMode  enable.o
    0x08001b40   0x00000010   Code   RO          704    i.LL_GPIO_SetPinOutputType  usart.o
    0x08001b50   0x00000028   Code   RO          337    i.LL_GPIO_SetPinPull  motors_and_encoders.o
    0x08001b78   0x00000028   Code   RO          705    i.LL_GPIO_SetPinPull  usart.o
    0x08001ba0   0x00000028   Code   RO         1015    i.LL_GPIO_SetPinPull  enable.o
    0x08001bc8   0x00000028   Code   RO          338    i.LL_GPIO_SetPinSpeed  motors_and_encoders.o
    0x08001bf0   0x00000028   Code   RO          706    i.LL_GPIO_SetPinSpeed  usart.o
    0x08001c18   0x00000028   Code   RO         1016    i.LL_GPIO_SetPinSpeed  enable.o
    0x08001c40   0x00000008   Code   RO          339    i.LL_TIM_CC_EnableChannel  motors_and_encoders.o
    0x08001c48   0x0000000a   Code   RO          340    i.LL_TIM_EnableARRPreload  motors_and_encoders.o
    0x08001c52   0x0000000a   Code   RO          341    i.LL_TIM_EnableCounter  motors_and_encoders.o
    0x08001c5c   0x0000000a   Code   RO          342    i.LL_TIM_EnableIT_CC1  motors_and_encoders.o
    0x08001c66   0x0000000a   Code   RO          343    i.LL_TIM_GenerateEvent_UPDATE  motors_and_encoders.o
    0x08001c70   0x00000006   Code   RO          344    i.LL_TIM_GetAutoReload  motors_and_encoders.o
    0x08001c76   0x00000006   Code   RO          345    i.LL_TIM_GetCounter  motors_and_encoders.o
    0x08001c7c   0x00000006   Code   RO          346    i.LL_TIM_GetPrescaler  motors_and_encoders.o
    0x08001c82   0x00000002   PAD
    0x08001c84   0x0000006c   Code   RO          347    i.LL_TIM_IC_SetActiveInput  motors_and_encoders.o
    0x08001cf0   0x0000006c   Code   RO          348    i.LL_TIM_IC_SetFilter  motors_and_encoders.o
    0x08001d5c   0x00000058   Code   RO          349    i.LL_TIM_IC_SetPolarity  motors_and_encoders.o
    0x08001db4   0x0000006c   Code   RO          350    i.LL_TIM_IC_SetPrescaler  motors_and_encoders.o
    0x08001e20   0x0000000a   Code   RO          181    i.LL_TIM_IsActiveFlag_CC1  stm32f4xx_it.o
    0x08001e2a   0x00000002   PAD
    0x08001e2c   0x00000060   Code   RO          351    i.LL_TIM_OC_EnablePreload  motors_and_encoders.o
    0x08001e8c   0x00000004   Code   RO          352    i.LL_TIM_OC_SetCompareCH1  motors_and_encoders.o
    0x08001e90   0x00000004   Code   RO          353    i.LL_TIM_OC_SetCompareCH3  motors_and_encoders.o
    0x08001e94   0x0000006c   Code   RO          354    i.LL_TIM_OC_SetMode  motors_and_encoders.o
    0x08001f00   0x00000004   Code   RO          355    i.LL_TIM_SetAutoReload  motors_and_encoders.o
    0x08001f04   0x00000004   Code   RO          356    i.LL_TIM_SetCounter  motors_and_encoders.o
    0x08001f08   0x0000000c   Code   RO          357    i.LL_TIM_SetEncoderMode  motors_and_encoders.o
    0x08001f14   0x00000004   Code   RO          358    i.LL_TIM_SetPrescaler  motors_and_encoders.o
    0x08001f18   0x0000001c   Code   RO          707    i.LL_USART_ConfigCharacter  usart.o
    0x08001f34   0x0000000a   Code   RO          708    i.LL_USART_Enable   usart.o
    0x08001f3e   0x00000142   Code   RO          709    i.LL_USART_SetBaudRate  usart.o
    0x08002080   0x0000000c   Code   RO          710    i.LL_USART_SetTransferDirection  usart.o
    0x0800208c   0x00000028   Code   RO         1320    i.LL_mDelay         stm32f4xx_ll_utils.o
    0x080020b4   0x00000040   Code   RO         1129    i.LeftPIDInit       ticker.o
    0x080020f4   0x00000004   Code   RO          182    i.MemManage_Handler  stm32f4xx_it.o
    0x080020f8   0x00000014   Code   RO         1017    i.MidLED_On         enable.o
    0x0800210c   0x00000010   Code   RO         1018    i.MotorBoard_On     enable.o
    0x0800211c   0x00000754   Code   RO         1130    i.MotorPIDCallback  ticker.o
    0x08002870   0x00000002   Code   RO          183    i.NMI_Handler       stm32f4xx_it.o
    0x08002872   0x00000002   PAD
    0x08002874   0x00000018   Code   RO          359    i.NVIC_DisableIRQ   motors_and_encoders.o
    0x0800288c   0x00000016   Code   RO          360    i.NVIC_EnableIRQ    motors_and_encoders.o
    0x080028a2   0x00000016   Code   RO          849    i.NVIC_EnableIRQ    adc.o
    0x080028b8   0x00000028   Code   RO          361    i.NVIC_SetPriority  motors_and_encoders.o
    0x080028e0   0x00000028   Code   RO          850    i.NVIC_SetPriority  adc.o
    0x08002908   0x00000034   Code   RO         1131    i.NaviPIDInit       ticker.o
    0x0800293c   0x00000014   Code   RO         1019    i.OutLED_On         enable.o
    0x08002950   0x00000002   Code   RO          184    i.PendSV_Handler    stm32f4xx_it.o
    0x08002952   0x00000002   PAD
    0x08002954   0x00000034   Code   RO          362    i.Reset_Encoders    motors_and_encoders.o
    0x08002988   0x00000040   Code   RO         1132    i.RightPIDInit      ticker.o
    0x080029c8   0x00000002   Code   RO          185    i.SVC_Handler       stm32f4xx_it.o
    0x080029ca   0x00000002   PAD
    0x080029cc   0x0000006c   Code   RO          363    i.Set_DutyCycle_Motor_Left  motors_and_encoders.o
    0x08002a38   0x0000006c   Code   RO          364    i.Set_DutyCycle_Motor_Right  motors_and_encoders.o
    0x08002aa4   0x00000002   Code   RO          186    i.SysTick_Handler   stm32f4xx_it.o
    0x08002aa6   0x00000002   PAD
    0x08002aa8   0x00000160   Code   RO         1266    i.SystemClock_Config  system_functions.o
    0x08002c08   0x00000064   Code   RO         1220    i.SystemInit        system_stm32f4xx.o
    0x08002c6c   0x0000001c   Code   RO          187    i.TIM2_IRQHandler   stm32f4xx_it.o
    0x08002c88   0x00000024   Code   RO          188    i.TIM4_IRQHandler   stm32f4xx_it.o
    0x08002cac   0x00000020   Code   RO          189    i.TIM5_IRQHandler   stm32f4xx_it.o
    0x08002ccc   0x0000002c   Code   RO          190    i.USART6_IRQHandler  stm32f4xx_it.o
    0x08002cf8   0x00000044   Code   RO          711    i.USART_CharReception_Callback  usart.o
    0x08002d3c   0x00000004   Code   RO          191    i.UsageFault_Handler  stm32f4xx_it.o
    0x08002d40   0x0000006c   Code   RO          645    i.UserButton_Callback  button.o
    0x08002dac   0x00000014   Code   RO         2528    i.__hardfp_fabs     m_wm.l(fabs.o)
    0x08002dc0   0x00000004   Code   RO          712    i._sys_exit         usart.o
    0x08002dc4   0x0000001c   Code   RO          713    i.fputc             usart.o
    0x08002de0   0x0000000c   Code   RO          366    i.getPulsesLeft     motors_and_encoders.o
    0x08002dec   0x00000010   Code   RO          367    i.getPulsesRight    motors_and_encoders.o
    0x08002dfc   0x000000f0   Code   RO            4    i.main              main_1.o
    0x08002eec   0x00000062   Code   RO         2506    x$fpl$d2f           fz_wm.l(d2f.o)
    0x08002f4e   0x00000002   PAD
    0x08002f50   0x00000150   Code   RO         2508    x$fpl$dadd          fz_wm.l(daddsub_clz.o)
    0x080030a0   0x0000005e   Code   RO         2514    x$fpl$dfix          fz_wm.l(dfix.o)
    0x080030fe   0x0000002e   Code   RO         2519    x$fpl$dflt          fz_wm.l(dflt_clz.o)
    0x0800312c   0x00000154   Code   RO         2524    x$fpl$dmul          fz_wm.l(dmul.o)
    0x08003280   0x0000009c   Code   RO         2542    x$fpl$dnaninf       fz_wm.l(dnaninf.o)
    0x0800331c   0x0000000c   Code   RO         2544    x$fpl$dretinf       fz_wm.l(dretinf.o)
    0x08003328   0x000001d4   Code   RO         2510    x$fpl$dsub          fz_wm.l(daddsub_clz.o)
    0x080034fc   0x00000056   Code   RO         2526    x$fpl$f2d           fz_wm.l(f2d.o)
    0x08003552   0x0000008c   Code   RO         2546    x$fpl$fnaninf       fz_wm.l(fnaninf.o)
    0x080035de   0x0000000a   Code   RO         2643    x$fpl$fpinit        fz_wm.l(fpinit.o)
    0x080035e8   0x0000000a   Code   RO         2548    x$fpl$fretinf       fz_wm.l(fretinf.o)
    0x080035f2   0x00000000   Code   RO         2550    x$fpl$usenofp       fz_wm.l(usenofp.o)
    0x080035f2   0x0000002b   Data   RO          368    .constdata          motors_and_encoders.o
    0x0800361d   0x0000002b   Data   RO          852    .constdata          adc.o
    0x08003648   0x00000020   Data   RO         2707    Region$$Table       anon$$obj.o


    Execution Region RW_IRAM1 (Base: 0x20000000, Size: 0x000007a8, Max: 0x00018000, ABSOLUTE)

    Base Addr    Size         Type   Attr      Idx    E Section Name        Object

    0x20000000   0x00000004   Data   RW          647    .data               button.o
    0x20000004   0x00000004   Data   RW          715    .data               usart.o
    0x20000008   0x00000038   Data   RW          853    .data               adc.o
    0x20000040   0x00000068   Data   RW         1139    .data               ticker.o
    0x200000a8   0x00000004   Data   RW         1222    .data               system_stm32f4xx.o
    0x200000ac   0x00000018   Zero   RW          851    .bss                adc.o
    0x200000c4   0x00000084   Zero   RW         1137    .bss                ticker.o
    0x20000148   0x00000060   Zero   RW         2585    .bss                c_w.l(libspace.o)
    0x200001a8   0x00000200   Zero   RW         1303    HEAP                startup_stm32f401xe.o
    0x200003a8   0x00000400   Zero   RW         1302    STACK               startup_stm32f401xe.o


==============================================================================

Image component sizes


      Code (inc. data)   RO Data    RW Data    ZI Data      Debug   Object Name

      2284        358         43         56         24      96951   adc.o
       428         56          0          4          0      44274   button.o
       590         58          0          0          0      12358   enable.o
       230         16          0          0          0      10116   led.o
       240         24          0          0          0     348719   main_1.o
      2420        168         43          0          0      79590   motors_and_encoders.o
        64         26        404          0       1536        800   startup_stm32f401xe.o
       352         32          0          0          0      98894   stm32f4xx_it.o
        40          0          0          0          0       7256   stm32f4xx_ll_utils.o
       352         34          0          0          0      55924   system_functions.o
       100         18          0          4          0       1107   system_stm32f4xx.o
      2370        244          0        104        132      35363   ticker.o
      1292         70          0          4          0      57504   usart.o

    ----------------------------------------------------------------------
     10780       1104        522        172       1692     848856   Object Totals
         0          0         32          0          0          0   (incl. Generated)
        18          0          0          0          0          0   (incl. Padding)

    ----------------------------------------------------------------------

      Code (inc. data)   RO Data    RW Data    ZI Data      Debug   Library Member Name

         8          0          0          0          0         68   __main.o
       104          0          0          0          0         84   __printf.o
         0          0          0          0          0          0   __rtentry.o
        12          0          0          0          0          0   __rtentry2.o
         6          0          0          0          0          0   __rtentry4.o
        52          8          0          0          0          0   __scatter.o
        26          0          0          0          0          0   __scatter_copy.o
        28          0          0          0          0          0   __scatter_zi.o
        48          6          0          0          0         96   _printf_char_common.o
        36          4          0          0          0         80   _printf_char_file.o
         6          0          0          0          0          0   _printf_d.o
       120         16          0          0          0         92   _printf_dec.o
       178          0          0          0          0         88   _printf_intcommon.o
         0          0          0          0          0          0   _printf_percent.o
         4          0          0          0          0          0   _printf_percent_end.o
         6          0          0          0          0          0   _printf_u.o
        18          0          0          0          0         80   exit.o
         8          0          0          0          0         68   ferror.o
         6          0          0          0          0        152   heapauxi.o
         2          0          0          0          0          0   libinit.o
         6          0          0          0          0          0   libinit2.o
         2          0          0          0          0          0   libshutdown.o
         2          0          0          0          0          0   libshutdown2.o
         8          4          0          0         96         68   libspace.o
        24          4          0          0          0         84   noretval__2printf.o
         2          0          0          0          0          0   rtexit.o
        10          0          0          0          0          0   rtexit2.o
        74          0          0          0          0         80   sys_stackheap_outer.o
         2          0          0          0          0         68   use_no_semi.o
         2          0          0          0          0         68   use_no_semi_2.o
        98          4          0          0          0        140   d2f.o
       804         16          0          0          0        368   daddsub_clz.o
        94          4          0          0          0        140   dfix.o
        46          0          0          0          0        116   dflt_clz.o
       340         12          0          0          0        152   dmul.o
       156          4          0          0          0        140   dnaninf.o
        12          0          0          0          0        116   dretinf.o
        86          4          0          0          0        132   f2d.o
       140          4          0          0          0        132   fnaninf.o
        10          0          0          0          0        116   fpinit.o
        10          0          0          0          0        116   fretinf.o
         0          0          0          0          0          0   usenofp.o
        20          0          0          0          0        124   fabs.o

    ----------------------------------------------------------------------
      2626         90          0          0         96       2968   Library Totals
        10          0          0          0          0          0   (incl. Padding)

    ----------------------------------------------------------------------

      Code (inc. data)   RO Data    RW Data    ZI Data      Debug   Library Name

       800         42          0          0         96       1176   c_w.l
      1796         48          0          0          0       1668   fz_wm.l
        20          0          0          0          0        124   m_wm.l

    ----------------------------------------------------------------------
      2626         90          0          0         96       2968   Library Totals

    ----------------------------------------------------------------------

==============================================================================


      Code (inc. data)   RO Data    RW Data    ZI Data      Debug   

     13406       1194        522        172       1788     838104   Grand Totals
     13406       1194        522        172       1788     838104   ELF Image Totals
     13406       1194        522        172          0          0   ROM Totals

==============================================================================

    Total RO  Size (Code + RO Data)                13928 (  13.60kB)
    Total RW  Size (RW Data + ZI Data)              1960 (   1.91kB)
    Total ROM Size (Code + RO Data + RW Data)      14100 (  13.77kB)

==============================================================================

