Component: ARM Compiler 5.06 update 2 (build 183) Tool: armlink [4d35b7]

==============================================================================

Section Cross References

    main_1.o(i.main) refers to system_functions.o(i.SystemClock_Config) for SystemClock_Config
    main_1.o(i.main) refers to usart.o(i.Configure_USB_UART) for Configure_USB_UART
    stm32f4xx_it.o(i.SysTick_Handler) refers to _printf_percent.o(.ARM.Collect$$_printf_percent$$00000000) for _printf_percent
    stm32f4xx_it.o(i.SysTick_Handler) refers to _printf_d.o(.ARM.Collect$$_printf_percent$$00000009) for _printf_d
    stm32f4xx_it.o(i.SysTick_Handler) refers to _printf_dec.o(.text) for _printf_int_dec
    stm32f4xx_it.o(i.SysTick_Handler) refers to noretval__2printf.o(.text) for __2printf
    stm32f4xx_it.o(i.SysTick_Handler) refers to stm32f4xx_it.o(.data) for t
    stm32f4xx_it.o(i.TIM2_IRQHandler) refers to stm32f4xx_it.o(i.LL_TIM_IsActiveFlag_CC1) for LL_TIM_IsActiveFlag_CC1
    stm32f4xx_it.o(i.TIM5_IRQHandler) refers to stm32f4xx_it.o(i.LL_TIM_IsActiveFlag_CC1) for LL_TIM_IsActiveFlag_CC1
    motors_and_encoders.o(i.Configure_Encoder_Left) refers to motors_and_encoders.o(i.LL_AHB1_GRP1_EnableClock) for LL_AHB1_GRP1_EnableClock
    motors_and_encoders.o(i.Configure_Encoder_Left) refers to motors_and_encoders.o(i.LL_GPIO_SetPinMode) for LL_GPIO_SetPinMode
    motors_and_encoders.o(i.Configure_Encoder_Left) refers to motors_and_encoders.o(i.LL_GPIO_SetPinPull) for LL_GPIO_SetPinPull
    motors_and_encoders.o(i.Configure_Encoder_Left) refers to motors_and_encoders.o(i.LL_GPIO_SetPinSpeed) for LL_GPIO_SetPinSpeed
    motors_and_encoders.o(i.Configure_Encoder_Left) refers to motors_and_encoders.o(i.LL_GPIO_SetAFPin_8_15) for LL_GPIO_SetAFPin_8_15
    motors_and_encoders.o(i.Configure_Encoder_Left) refers to motors_and_encoders.o(i.LL_GPIO_SetAFPin_0_7) for LL_GPIO_SetAFPin_0_7
    motors_and_encoders.o(i.Configure_Encoder_Left) refers to motors_and_encoders.o(i.NVIC_SetPriority) for NVIC_SetPriority
    motors_and_encoders.o(i.Configure_Encoder_Left) refers to motors_and_encoders.o(i.NVIC_EnableIRQ) for NVIC_EnableIRQ
    motors_and_encoders.o(i.Configure_Encoder_Left) refers to motors_and_encoders.o(i.LL_APB1_GRP1_EnableClock) for LL_APB1_GRP1_EnableClock
    motors_and_encoders.o(i.Configure_Encoder_Left) refers to motors_and_encoders.o(i.LL_TIM_SetPrescaler) for LL_TIM_SetPrescaler
    motors_and_encoders.o(i.Configure_Encoder_Left) refers to motors_and_encoders.o(i.LL_TIM_IC_SetActiveInput) for LL_TIM_IC_SetActiveInput
    motors_and_encoders.o(i.Configure_Encoder_Left) refers to motors_and_encoders.o(i.LL_TIM_IC_SetFilter) for LL_TIM_IC_SetFilter
    motors_and_encoders.o(i.Configure_Encoder_Left) refers to motors_and_encoders.o(i.LL_TIM_IC_SetPrescaler) for LL_TIM_IC_SetPrescaler
    motors_and_encoders.o(i.Configure_Encoder_Left) refers to motors_and_encoders.o(i.LL_TIM_IC_SetPolarity) for LL_TIM_IC_SetPolarity
    motors_and_encoders.o(i.Configure_Encoder_Left) refers to motors_and_encoders.o(i.LL_TIM_SetEncoderMode) for LL_TIM_SetEncoderMode
    motors_and_encoders.o(i.Configure_Encoder_Left) refers to motors_and_encoders.o(i.LL_TIM_EnableIT_CC1) for LL_TIM_EnableIT_CC1
    motors_and_encoders.o(i.Configure_Encoder_Left) refers to motors_and_encoders.o(i.LL_TIM_CC_EnableChannel) for LL_TIM_CC_EnableChannel
    motors_and_encoders.o(i.Configure_Encoder_Left) refers to motors_and_encoders.o(i.LL_TIM_EnableCounter) for LL_TIM_EnableCounter
    motors_and_encoders.o(i.Configure_Encoder_Left) refers to system_stm32f4xx.o(.data) for SystemCoreClock
    motors_and_encoders.o(i.Configure_Encoder_Right) refers to motors_and_encoders.o(i.LL_AHB1_GRP1_EnableClock) for LL_AHB1_GRP1_EnableClock
    motors_and_encoders.o(i.Configure_Encoder_Right) refers to motors_and_encoders.o(i.LL_GPIO_SetPinMode) for LL_GPIO_SetPinMode
    motors_and_encoders.o(i.Configure_Encoder_Right) refers to motors_and_encoders.o(i.LL_GPIO_SetPinPull) for LL_GPIO_SetPinPull
    motors_and_encoders.o(i.Configure_Encoder_Right) refers to motors_and_encoders.o(i.LL_GPIO_SetPinSpeed) for LL_GPIO_SetPinSpeed
    motors_and_encoders.o(i.Configure_Encoder_Right) refers to motors_and_encoders.o(i.LL_GPIO_SetAFPin_0_7) for LL_GPIO_SetAFPin_0_7
    motors_and_encoders.o(i.Configure_Encoder_Right) refers to motors_and_encoders.o(i.NVIC_SetPriority) for NVIC_SetPriority
    motors_and_encoders.o(i.Configure_Encoder_Right) refers to motors_and_encoders.o(i.NVIC_EnableIRQ) for NVIC_EnableIRQ
    motors_and_encoders.o(i.Configure_Encoder_Right) refers to motors_and_encoders.o(i.LL_APB1_GRP1_EnableClock) for LL_APB1_GRP1_EnableClock
    motors_and_encoders.o(i.Configure_Encoder_Right) refers to motors_and_encoders.o(i.LL_TIM_SetPrescaler) for LL_TIM_SetPrescaler
    motors_and_encoders.o(i.Configure_Encoder_Right) refers to motors_and_encoders.o(i.LL_TIM_IC_SetActiveInput) for LL_TIM_IC_SetActiveInput
[...]
    stm32f4xx_ll_spi.o(i.LL_SPI_DeInit) refers to stm32f4xx_ll_spi.o(i.LL_APB1_GRP1_ForceReset) for LL_APB1_GRP1_ForceReset
    stm32f4xx_ll_spi.o(i.LL_SPI_DeInit) refers to stm32f4xx_ll_spi.o(i.LL_APB1_GRP1_ReleaseReset) for LL_APB1_GRP1_ReleaseReset
    stm32f4xx_ll_tim.o(i.LL_TIM_DeInit) refers to stm32f4xx_ll_tim.o(i.LL_APB2_GRP1_ForceReset) for LL_APB2_GRP1_ForceReset
    stm32f4xx_ll_tim.o(i.LL_TIM_DeInit) refers to stm32f4xx_ll_tim.o(i.LL_APB2_GRP1_ReleaseReset) for LL_APB2_GRP1_ReleaseReset
    stm32f4xx_ll_tim.o(i.LL_TIM_DeInit) refers to stm32f4xx_ll_tim.o(i.LL_APB1_GRP1_ForceReset) for LL_APB1_GRP1_ForceReset
    stm32f4xx_ll_tim.o(i.LL_TIM_DeInit) refers to stm32f4xx_ll_tim.o(i.LL_APB1_GRP1_ReleaseReset) for LL_APB1_GRP1_ReleaseReset
    stm32f4xx_ll_tim.o(i.LL_TIM_HALLSENSOR_Init) refers to stm32f4xx_ll_tim.o(i.LL_TIM_OC_SetCompareCH2) for LL_TIM_OC_SetCompareCH2
    stm32f4xx_ll_tim.o(i.LL_TIM_IC_Init) refers to stm32f4xx_ll_tim.o(i.IC1Config) for IC1Config
    stm32f4xx_ll_tim.o(i.LL_TIM_IC_Init) refers to stm32f4xx_ll_tim.o(i.IC2Config) for IC2Config
    stm32f4xx_ll_tim.o(i.LL_TIM_IC_Init) refers to stm32f4xx_ll_tim.o(i.IC3Config) for IC3Config
    stm32f4xx_ll_tim.o(i.LL_TIM_IC_Init) refers to stm32f4xx_ll_tim.o(i.IC4Config) for IC4Config
    stm32f4xx_ll_tim.o(i.LL_TIM_OC_Init) refers to stm32f4xx_ll_tim.o(i.OC1Config) for OC1Config
    stm32f4xx_ll_tim.o(i.LL_TIM_OC_Init) refers to stm32f4xx_ll_tim.o(i.OC2Config) for OC2Config
    stm32f4xx_ll_tim.o(i.LL_TIM_OC_Init) refers to stm32f4xx_ll_tim.o(i.OC3Config) for OC3Config
    stm32f4xx_ll_tim.o(i.LL_TIM_OC_Init) refers to stm32f4xx_ll_tim.o(i.OC4Config) for OC4Config
    stm32f4xx_ll_tim.o(i.OC2Config) refers to stm32f4xx_ll_tim.o(i.LL_TIM_OC_SetCompareCH2) for LL_TIM_OC_SetCompareCH2
    use_no_semi_2.o(.text) refers (Special) to use_no_semi.o(.text) for __use_no_semihosting_swi
    __2printf.o(.text) refers to _printf_char_file.o(.text) for _printf_char_file
    __2printf.o(.text) refers to usart.o(.data) for __stdout
    noretval__2printf.o(.text) refers to _printf_char_file.o(.text) for _printf_char_file
    noretval__2printf.o(.text) refers to usart.o(.data) for __stdout
    __printf.o(.text) refers to _printf_percent.o(.ARM.Collect$$_printf_percent$$00000000) for _printf_percent
    _printf_dec.o(.text) refers to _printf_intcommon.o(.text) for _printf_int_common
    __printf_flags.o(.text) refers to _printf_percent.o(.ARM.Collect$$_printf_percent$$00000000) for _printf_percent
    __printf_flags.o(.text) refers to __printf_flags.o(.constdata) for .constdata
    __printf_ss.o(.text) refers to _printf_percent.o(.ARM.Collect$$_printf_percent$$00000000) for _printf_percent
    __printf_flags_ss.o(.text) refers to _printf_percent.o(.ARM.Collect$$_printf_percent$$00000000) for _printf_percent
    __printf_flags_ss.o(.text) refers to __printf_flags_ss.o(.constdata) for .constdata
    __printf_wp.o(.text) refers to __printf_wp.o(i._is_digit) for _is_digit
    __printf_wp.o(.text) refers to _printf_percent.o(.ARM.Collect$$_printf_percent$$00000000) for _printf_percent
    __printf_flags_wp.o(.text) refers to __printf_wp.o(i._is_digit) for _is_digit
    __printf_flags_wp.o(.text) refers to _printf_percent.o(.ARM.Collect$$_printf_percent$$00000000) for _printf_percent
    __printf_flags_wp.o(.text) refers to __printf_flags_wp.o(.constdata) for .constdata
    __printf_ss_wp.o(.text) refers to __printf_wp.o(i._is_digit) for _is_digit
    __printf_ss_wp.o(.text) refers to _printf_percent.o(.ARM.Collect$$_printf_percent$$00000000) for _printf_percent
    __printf_flags_ss_wp.o(.text) refers to __printf_wp.o(i._is_digit) for _is_digit
    __printf_flags_ss_wp.o(.text) refers to _printf_percent.o(.ARM.Collect$$_printf_percent$$00000000) for _printf_percent
    __printf_flags_ss_wp.o(.text) refers to __printf_flags_ss_wp.o(.constdata) for .constdata
    _printf_d.o(.ARM.Collect$$_printf_percent$$00000009) refers (Weak) to _printf_dec.o(.text) for _printf_int_dec
    _printf_percent.o(.ARM.Collect$$_printf_percent$$00000000) refers (Special) to _printf_percent_end.o(.ARM.Collect$$_printf_percent$$00000017) for _printf_percent_end
    __main.o(!!!main) refers to __rtentry.o(.ARM.Collect$$rtentry$$00000000) for __rt_entry
    d2f.o(x$fpl$d2f) refers (Special) to usenofp.o(x$fpl$usenofp) for __I$use$fp
    d2f.o(x$fpl$d2f) refers to fretinf.o(x$fpl$fretinf) for __fpl_fretinf
    d2f.o(x$fpl$d2f) refers to dnaninf.o(x$fpl$dnaninf) for __fpl_dnaninf
    f2d.o(x$fpl$f2d) refers (Special) to usenofp.o(x$fpl$usenofp) for __I$use$fp
    f2d.o(x$fpl$f2d) refers to fnaninf.o(x$fpl$fnaninf) for __fpl_fnaninf
    f2d.o(x$fpl$f2d) refers to dretinf.o(x$fpl$dretinf) for __fpl_dretinf
    fabs.o(i.__hardfp_fabs) refers (Special) to usenofp.o(x$fpl$usenofp) for __I$use$fp
    fabs.o(i.__softfp_fabs) refers (Special) to usenofp.o(x$fpl$usenofp) for __I$use$fp
    fabs.o(i.fabs) refers (Special) to usenofp.o(x$fpl$usenofp) for __I$use$fp
    __rtentry.o(.ARM.Collect$$rtentry$$00000000) refers (Special) to __rtentry2.o(.ARM.Collect$$rtentry$$0000000A) for __rt_entry_li
    __rtentry.o(.ARM.Collect$$rtentry$$00000000) refers (Special) to __rtentry2.o(.ARM.Collect$$rtentry$$0000000D) for __rt_entry_main
    __rtentry.o(.ARM.Collect$$rtentry$$00000000) refers (Special) to __rtentry2.o(.ARM.Collect$$rtentry$$0000000C) for __rt_entry_postli_1
    __rtentry.o(.ARM.Collect$$rtentry$$00000000) refers (Special) to __rtentry2.o(.ARM.Collect$$rtentry$$00000009) for __rt_entry_postsh_1
    __rtentry.o(.ARM.Collect$$rtentry$$00000000) refers (Special) to __rtentry2.o(.ARM.Collect$$rtentry$$00000002) for __rt_entry_presh_1
    __rtentry.o(.ARM.Collect$$rtentry$$00000000) refers (Special) to __rtentry4.o(.ARM.Collect$$rtentry$$00000004) for __rt_entry_sh
    _printf_char_file.o(.text) refers to _printf_char_common.o(.text) for _printf_char_common
    _printf_char_file.o(.text) refers to ferror.o(.text) for ferror
    _printf_char_file.o(.text) refers to usart.o(i.fputc) for fputc
    dnaninf.o(x$fpl$dnaninf) refers (Special) to usenofp.o(x$fpl$usenofp) for __I$use$fp
    dretinf.o(x$fpl$dretinf) refers (Special) to usenofp.o(x$fpl$usenofp) for __I$use$fp
    fnaninf.o(x$fpl$fnaninf) refers (Special) to usenofp.o(x$fpl$usenofp) for __I$use$fp
    fretinf.o(x$fpl$fretinf) refers (Special) to usenofp.o(x$fpl$usenofp) for __I$use$fp
    __rtentry2.o(.ARM.Collect$$rtentry$$00000008) refers to boardinit2.o(.text) for _platform_post_stackheap_init
    __rtentry2.o(.ARM.Collect$$rtentry$$0000000A) refers to libinit.o(.ARM.Collect$$libinit$$00000000) for __rt_lib_init
    __rtentry2.o(.ARM.Collect$$rtentry$$0000000B) refers to boardinit3.o(.text) for _platform_post_lib_init
    __rtentry2.o(.ARM.Collect$$rtentry$$0000000D) refers to main_1.o(i.main) for main
    __rtentry2.o(.ARM.Collect$$rtentry$$0000000D) refers to exit.o(.text) for exit
    __rtentry2.o(.ARM.exidx) refers to __rtentry2.o(.ARM.Collect$$rtentry$$00000001) for .ARM.Collect$$rtentry$$00000001
    __rtentry2.o(.ARM.exidx) refers to __rtentry2.o(.ARM.Collect$$rtentry$$00000008) for .ARM.Collect$$rtentry$$00000008
    __rtentry2.o(.ARM.exidx) refers to __rtentry2.o(.ARM.Collect$$rtentry$$0000000A) for .ARM.Collect$$rtentry$$0000000A
    __rtentry2.o(.ARM.exidx) refers to __rtentry2.o(.ARM.Collect$$rtentry$$0000000B) for .ARM.Collect$$rtentry$$0000000B
    __rtentry2.o(.ARM.exidx) refers to __rtentry2.o(.ARM.Collect$$rtentry$$0000000D) for .ARM.Collect$$rtentry$$0000000D
    __rtentry4.o(.ARM.Collect$$rtentry$$00000004) refers to sys_stackheap_outer.o(.text) for __user_setup_stackheap
    __rtentry4.o(.ARM.exidx) refers to __rtentry4.o(.ARM.Collect$$rtentry$$00000004) for .ARM.Collect$$rtentry$$00000004
    _printf_char_common.o(.text) refers to __printf.o(.text) for __printf
    sys_stackheap_outer.o(.text) refers to libspace.o(.text) for __user_perproc_libspace
    sys_stackheap_outer.o(.text) refers to startup_stm32f401xe.o(.text) for __user_initial_stackheap
    exit.o(.text) refers to rtexit.o(.ARM.Collect$$rtexit$$00000000) for __rt_exit
    libinit.o(.ARM.Collect$$libinit$$00000000) refers (Special) to libinit2.o(.ARM.Collect$$libinit$$0000002E) for __rt_lib_init_alloca_1
    libinit.o(.ARM.Collect$$libinit$$00000000) refers (Special) to libinit2.o(.ARM.Collect$$libinit$$0000002C) for __rt_lib_init_argv_1
    libinit.o(.ARM.Collect$$libinit$$00000000) refers (Special) to libinit2.o(.ARM.Collect$$libinit$$0000001B) for __rt_lib_init_atexit_1
    libinit.o(.ARM.Collect$$libinit$$00000000) refers (Special) to libinit2.o(.ARM.Collect$$libinit$$00000021) for __rt_lib_init_clock_1
    libinit.o(.ARM.Collect$$libinit$$00000000) refers (Special) to libinit2.o(.ARM.Collect$$libinit$$00000032) for __rt_lib_init_cpp_1
    libinit.o(.ARM.Collect$$libinit$$00000000) refers (Special) to libinit2.o(.ARM.Collect$$libinit$$00000030) for __rt_lib_init_exceptions_1
    libinit.o(.ARM.Collect$$libinit$$00000000) refers (Special) to libinit2.o(.ARM.Collect$$libinit$$00000001) for __rt_lib_init_fp_1
    libinit.o(.ARM.Collect$$libinit$$00000000) refers (Special) to libinit2.o(.ARM.Collect$$libinit$$0000001F) for __rt_lib_init_fp_trap_1
    libinit.o(.ARM.Collect$$libinit$$00000000) refers (Special) to libinit2.o(.ARM.Collect$$libinit$$00000023) for __rt_lib_init_getenv_1
    libinit.o(.ARM.Collect$$libinit$$00000000) refers (Special) to libinit2.o(.ARM.Collect$$libinit$$0000000A) for __rt_lib_init_heap_1
    libinit.o(.ARM.Collect$$libinit$$00000000) refers (Special) to libinit2.o(.ARM.Collect$$libinit$$00000011) for __rt_lib_init_lc_collate_1
    libinit.o(.ARM.Collect$$libinit$$00000000) refers (Special) to libinit2.o(.ARM.Collect$$libinit$$00000013) for __rt_lib_init_lc_ctype_1
    libinit.o(.ARM.Collect$$libinit$$00000000) refers (Special) to libinit2.o(.ARM.Collect$$libinit$$00000015) for __rt_lib_init_lc_monetary_1
    libinit.o(.ARM.Collect$$libinit$$00000000) refers (Special) to libinit2.o(.ARM.Collect$$libinit$$00000017) for __rt_lib_init_lc_numeric_1
    libinit.o(.ARM.Collect$$libinit$$00000000) refers (Special) to libinit2.o(.ARM.Collect$$libinit$$00000019) for __rt_lib_init_lc_time_1
    libinit.o(.ARM.Collect$$libinit$$00000000) refers (Special) to libinit2.o(.ARM.Collect$$libinit$$00000004) for __rt_lib_init_preinit_1
    libinit.o(.ARM.Collect$$libinit$$00000000) refers (Special) to libinit2.o(.ARM.Collect$$libinit$$0000000E) for __rt_lib_init_rand_1
    libinit.o(.ARM.Collect$$libinit$$00000000) refers (Special) to libinit2.o(.ARM.Collect$$libinit$$00000033) for __rt_lib_init_return
    libinit.o(.ARM.Collect$$libinit$$00000000) refers (Special) to libinit2.o(.ARM.Collect$$libinit$$0000001D) for __rt_lib_init_signal_1
    libinit.o(.ARM.Collect$$libinit$$00000000) refers (Special) to libinit2.o(.ARM.Collect$$libinit$$00000025) for __rt_lib_init_stdio_1
    libinit.o(.ARM.Collect$$libinit$$00000000) refers (Special) to libinit2.o(.ARM.Collect$$libinit$$0000000C) for __rt_lib_init_user_alloc_1
    libspace.o(.text) refers to libspace.o(.bss) for __libspace_start
    rtexit.o(.ARM.Collect$$rtexit$$00000000) refers (Special) to rtexit2.o(.ARM.Collect$$rtexit$$00000004) for __rt_exit_exit
    rtexit.o(.ARM.Collect$$rtexit$$00000000) refers (Special) to rtexit2.o(.ARM.Collect$$rtexit$$00000003) for __rt_exit_ls
    rtexit.o(.ARM.Collect$$rtexit$$00000000) refers (Special) to rtexit2.o(.ARM.Collect$$rtexit$$00000002) for __rt_exit_prels_1
    rtexit.o(.ARM.exidx) refers (Special) to rtexit2.o(.ARM.Collect$$rtexit$$00000004) for __rt_exit_exit
    rtexit.o(.ARM.exidx) refers (Special) to rtexit2.o(.ARM.Collect$$rtexit$$00000003) for __rt_exit_ls
    rtexit.o(.ARM.exidx) refers (Special) to rtexit2.o(.ARM.Collect$$rtexit$$00000002) for __rt_exit_prels_1
    rtexit.o(.ARM.exidx) refers to rtexit.o(.ARM.Collect$$rtexit$$00000000) for .ARM.Collect$$rtexit$$00000000
    libinit2.o(.ARM.Collect$$libinit$$00000001) refers to fpinit.o(x$fpl$fpinit) for _fp_init
    libinit2.o(.ARM.Collect$$libinit$$00000010) refers to libinit2.o(.ARM.Collect$$libinit$$0000000F) for .ARM.Collect$$libinit$$0000000F
    libinit2.o(.ARM.Collect$$libinit$$00000012) refers to libinit2.o(.ARM.Collect$$libinit$$0000000F) for .ARM.Collect$$libinit$$0000000F
    libinit2.o(.ARM.Collect$$libinit$$00000014) refers to libinit2.o(.ARM.Collect$$libinit$$0000000F) for .ARM.Collect$$libinit$$0000000F
    libinit2.o(.ARM.Collect$$libinit$$00000016) refers to libinit2.o(.ARM.Collect$$libinit$$0000000F) for .ARM.Collect$$libinit$$0000000F
    libinit2.o(.ARM.Collect$$libinit$$00000018) refers to libinit2.o(.ARM.Collect$$libinit$$0000000F) for .ARM.Collect$$libinit$$0000000F
    libinit2.o(.ARM.Collect$$libinit$$00000026) refers to argv_veneer.o(.emb_text) for __ARM_argv_veneer
    libinit2.o(.ARM.Collect$$libinit$$00000027) refers to argv_veneer.o(.emb_text) for __ARM_argv_veneer
    rtexit2.o(.ARM.Collect$$rtexit$$00000003) refers to libshutdown.o(.ARM.Collect$$libshutdown$$00000000) for __rt_lib_shutdown
    rtexit2.o(.ARM.Collect$$rtexit$$00000004) refers to usart.o(i._sys_exit) for _sys_exit
    rtexit2.o(.ARM.exidx) refers to rtexit2.o(.ARM.Collect$$rtexit$$00000001) for .ARM.Collect$$rtexit$$00000001
    rtexit2.o(.ARM.exidx) refers to rtexit2.o(.ARM.Collect$$rtexit$$00000003) for .ARM.Collect$$rtexit$$00000003
    rtexit2.o(.ARM.exidx) refers to rtexit2.o(.ARM.Collect$$rtexit$$00000004) for .ARM.Collect$$rtexit$$00000004
    argv_veneer.o(.emb_text) refers to no_argv.o(.text) for __ARM_get_argv
    _get_argv_nomalloc.o(.text) refers (Special) to hrguard.o(.text) for __heap_region$guard
    _get_argv_nomalloc.o(.text) refers to defsig_rtmem_outer.o(.text) for __rt_SIGRTMEM
    _get_argv_nomalloc.o(.text) refers to sys_command.o(.text) for _sys_command_string
    libshutdown.o(.ARM.Collect$$libshutdown$$00000000) refers (Special) to libshutdown2.o(.ARM.Collect$$libshutdown$$00000002) for __rt_lib_shutdown_cpp_1
    libshutdown.o(.ARM.Collect$$libshutdown$$00000000) refers (Special) to libshutdown2.o(.ARM.Collect$$libshutdown$$00000007) for __rt_lib_shutdown_fp_trap_1
    libshutdown.o(.ARM.Collect$$libshutdown$$00000000) refers (Special) to libshutdown2.o(.ARM.Collect$$libshutdown$$0000000F) for __rt_lib_shutdown_heap_1
    libshutdown.o(.ARM.Collect$$libshutdown$$00000000) refers (Special) to libshutdown2.o(.ARM.Collect$$libshutdown$$00000010) for __rt_lib_shutdown_return
    libshutdown.o(.ARM.Collect$$libshutdown$$00000000) refers (Special) to libshutdown2.o(.ARM.Collect$$libshutdown$$0000000A) for __rt_lib_shutdown_signal_1
    libshutdown.o(.ARM.Collect$$libshutdown$$00000000) refers (Special) to libshutdown2.o(.ARM.Collect$$libshutdown$$00000004) for __rt_lib_shutdown_stdio_1
    libshutdown.o(.ARM.Collect$$libshutdown$$00000000) refers (Special) to libshutdown2.o(.ARM.Collect$$libshutdown$$0000000C) for __rt_lib_shutdown_user_alloc_1
    sys_command.o(.text) refers (Special) to use_no_semi.o(.text) for __I$use$semihosting
    sys_command.o(.text) refers (Special) to indicate_semi.o(.text) for __semihosting_library_function
    defsig_rtmem_outer.o(.text) refers to defsig_rtmem_inner.o(.text) for __rt_SIGRTMEM_inner
    defsig_rtmem_outer.o(.text) refers to defsig_exit.o(.text) for __sig_exit
    defsig_rtmem_formal.o(.text) refers to rt_raise.o(.text) for __rt_raise
    rt_raise.o(.text) refers to __raise.o(.text) for __raise
    rt_raise.o(.text) refers to usart.o(i._sys_exit) for _sys_exit
    defsig_exit.o(.text) refers to usart.o(i._sys_exit) for _sys_exit
    defsig_rtmem_inner.o(.text) refers to defsig_general.o(.text) for __default_signal_display
    __raise.o(.text) refers to defsig.o(CL$$defsig) for __default_signal_handler
    defsig_general.o(.text) refers to sys_wrch.o(.text) for _ttywrch
    sys_wrch.o(.text) refers (Special) to use_no_semi.o(.text) for __I$use$semihosting
    sys_wrch.o(.text) refers (Special) to indicate_semi.o(.text) for __semihosting_library_function
    defsig.o(CL$$defsig) refers to defsig_rtmem_inner.o(.text) for __rt_SIGRTMEM_inner
    defsig_abrt_inner.o(.text) refers to defsig_general.o(.text) for __default_signal_display
    defsig_fpe_inner.o(.text) refers to defsig_general.o(.text) for __default_signal_display
    defsig_rtred_inner.o(.text) refers to defsig_general.o(.text) for __default_signal_display
    defsig_stak_inner.o(.text) refers to defsig_general.o(.text) for __default_signal_display
    defsig_pvfn_inner.o(.text) refers to defsig_general.o(.text) for __default_signal_display
    defsig_cppl_inner.o(.text) refers to defsig_general.o(.text) for __default_signal_display
    defsig_segv_inner.o(.text) refers to defsig_general.o(.text) for __default_signal_display
    defsig_other.o(.text) refers to defsig_general.o(.text) for __default_signal_display


==============================================================================

Removing Unused input sections from the image.

    Removing main_1.o(.rev16_text), (4 bytes).
    Removing main_1.o(.revsh_text), (4 bytes).
    Removing main_1.o(.rrx_text), (6 bytes).
    Removing main_1.o(.constdata), (43 bytes).
    Removing stm32f4xx_it.o(.rev16_text), (4 bytes).
    Removing stm32f4xx_it.o(.revsh_text), (4 bytes).
    Removing stm32f4xx_it.o(.rrx_text), (6 bytes).
    Removing stm32f4xx_it.o(.constdata), (43 bytes).
    Removing motors_and_encoders.o(.rev16_text), (4 bytes).
    Removing motors_and_encoders.o(.revsh_text), (4 bytes).
    Removing motors_and_encoders.o(.rrx_text), (6 bytes).
    Removing motors_and_encoders.o(i.Configure_Encoder_Left), (296 bytes).
    Removing motors_and_encoders.o(i.Configure_Encoder_Right), (288 bytes).
    Removing motors_and_encoders.o(i.Configure_Motor_Left), (276 bytes).
    Removing motors_and_encoders.o(i.Configure_Motor_Right), (228 bytes).
    Removing motors_and_encoders.o(i.Get_Encoder_Left), (10 bytes).
    Removing motors_and_encoders.o(i.Get_Encoder_Right), (12 bytes).
    Removing motors_and_encoders.o(i.LL_AHB1_GRP1_EnableClock), (28 bytes).
    Removing motors_and_encoders.o(i.LL_APB1_GRP1_EnableClock), (28 bytes).
    Removing motors_and_encoders.o(i.LL_GPIO_SetAFPin_0_7), (40 bytes).
    Removing motors_and_encoders.o(i.LL_GPIO_SetAFPin_8_15), (44 bytes).
    Removing motors_and_encoders.o(i.LL_GPIO_SetPinMode), (40 bytes).
    Removing motors_and_encoders.o(i.LL_GPIO_SetPinPull), (40 bytes).
    Removing motors_and_encoders.o(i.LL_GPIO_SetPinSpeed), (40 bytes).
    Removing motors_and_encoders.o(i.LL_TIM_CC_EnableChannel), (8 bytes).
    Removing motors_and_encoders.o(i.LL_TIM_EnableARRPreload), (10 bytes).
    Removing motors_and_encoders.o(i.LL_TIM_EnableCounter), (10 bytes).
    Removing motors_and_encoders.o(i.LL_TIM_EnableIT_CC1), (10 bytes).
    Removing motors_and_encoders.o(i.LL_TIM_GenerateEvent_UPDATE), (10 bytes).
    Removing motors_and_encoders.o(i.LL_TIM_GetAutoReload), (6 bytes).
    Removing motors_and_encoders.o(i.LL_TIM_GetPrescaler), (6 bytes).
    Removing motors_and_encoders.o(i.LL_TIM_IC_SetActiveInput), (108 bytes).
    Removing motors_and_encoders.o(i.LL_TIM_IC_SetFilter), (108 bytes).
    Removing motors_and_encoders.o(i.LL_TIM_IC_SetPolarity), (88 bytes).
    Removing motors_and_encoders.o(i.LL_TIM_IC_SetPrescaler), (108 bytes).
    Removing motors_and_encoders.o(i.LL_TIM_OC_EnablePreload), (96 bytes).
    Removing motors_and_encoders.o(i.LL_TIM_OC_SetCompareCH2), (4 bytes).
    Removing motors_and_encoders.o(i.LL_TIM_OC_SetCompareCH4), (4 bytes).
    Removing motors_and_encoders.o(i.LL_TIM_OC_SetMode), (108 bytes).
    Removing motors_and_encoders.o(i.LL_TIM_SetAutoReload), (4 bytes).
    Removing motors_and_encoders.o(i.LL_TIM_SetCounter), (4 bytes).
    Removing motors_and_encoders.o(i.LL_TIM_SetEncoderMode), (12 bytes).
    Removing motors_and_encoders.o(i.LL_TIM_SetPrescaler), (4 bytes).
    Removing motors_and_encoders.o(i.NVIC_DisableIRQ), (24 bytes).
    Removing motors_and_encoders.o(i.NVIC_EnableIRQ), (22 bytes).
    Removing motors_and_encoders.o(i.NVIC_SetPriority), (40 bytes).
    Removing motors_and_encoders.o(i.Reset_Encoders), (52 bytes).
    Removing motors_and_encoders.o(i.Set_DutyCycle_Motor_Left), (128 bytes).
    Removing motors_and_encoders.o(i.Set_DutyCycle_Motor_Right), (128 bytes).
    Removing motors_and_encoders.o(i.Start), (60 bytes).
    Removing motors_and_encoders.o(.constdata), (43 bytes).
    Removing led.o(.rev16_text), (4 bytes).
    Removing led.o(.revsh_text), (4 bytes).
    Removing led.o(.rrx_text), (6 bytes).
    Removing led.o(i.Configure_User_LED), (180 bytes).
    Removing button.o(.rev16_text), (4 bytes).
    Removing button.o(.revsh_text), (4 bytes).
    Removing button.o(.rrx_text), (6 bytes).
    Removing button.o(i.Configure_User_Button), (264 bytes).
    Removing usart.o(.rev16_text), (4 bytes).
    Removing usart.o(.revsh_text), (4 bytes).
    Removing usart.o(.rrx_text), (6 bytes).
    Removing system_stm32f4xx.o(.rev16_text), (4 bytes).
    Removing system_stm32f4xx.o(.revsh_text), (4 bytes).
    Removing system_stm32f4xx.o(.rrx_text), (6 bytes).
    Removing system_stm32f4xx.o(i.SystemCoreClockUpdate), (192 bytes).
    Removing system_stm32f4xx.o(.constdata), (24 bytes).
    Removing system_functions.o(.rev16_text), (4 bytes).
    Removing system_functions.o(.revsh_text), (4 bytes).
    Removing system_functions.o(.rrx_text), (6 bytes).
    Removing system_functions.o(.constdata), (43 bytes).
    Removing stm32f4xx_ll_utils.o(.rev16_text), (4 bytes).
    Removing stm32f4xx_ll_utils.o(.revsh_text), (4 bytes).
    Removing stm32f4xx_ll_utils.o(.rrx_text), (6 bytes).
    Removing stm32f4xx_ll_utils.o(i.LL_Init1msTick), (28 bytes).
    Removing stm32f4xx_ll_utils.o(i.LL_PLL_ConfigSystemClock_HSE), (152 bytes).
    Removing stm32f4xx_ll_utils.o(i.LL_PLL_ConfigSystemClock_HSI), (104 bytes).
    Removing stm32f4xx_ll_utils.o(i.LL_RCC_HSE_IsReady), (16 bytes).
    Removing stm32f4xx_ll_utils.o(i.LL_RCC_HSI_IsReady), (16 bytes).
    Removing stm32f4xx_ll_utils.o(i.LL_RCC_PLL_ConfigDomain_SYS), (48 bytes).
    Removing stm32f4xx_ll_utils.o(i.LL_RCC_PLL_IsReady), (16 bytes).
    Removing stm32f4xx_ll_utils.o(i.LL_SetSystemCoreClock), (12 bytes).
    Removing stm32f4xx_ll_utils.o(i.LL_mDelay), (40 bytes).
    Removing stm32f4xx_ll_utils.o(i.UTILS_EnablePLLAndSwitchSystem), (212 bytes).
    Removing stm32f4xx_ll_utils.o(i.UTILS_GetPLLOutputFrequency), (40 bytes).
    Removing stm32f4xx_ll_utils.o(i.UTILS_PLL_IsBusy), (36 bytes).
    Removing stm32f4xx_ll_utils.o(i.UTILS_SetFlashLatency), (148 bytes).
    Removing stm32f4xx_ll_usart.o(.rev16_text), (4 bytes).
    Removing stm32f4xx_ll_usart.o(.revsh_text), (4 bytes).
    Removing stm32f4xx_ll_usart.o(.rrx_text), (6 bytes).
    Removing stm32f4xx_ll_usart.o(i.LL_APB2_GRP1_ForceReset), (16 bytes).
    Removing stm32f4xx_ll_usart.o(i.LL_APB2_GRP1_ReleaseReset), (16 bytes).
    Removing stm32f4xx_ll_usart.o(i.LL_USART_ClockInit), (66 bytes).
    Removing stm32f4xx_ll_usart.o(i.LL_USART_ClockStructInit), (12 bytes).
    Removing stm32f4xx_ll_usart.o(i.LL_USART_DeInit), (104 bytes).
    Removing stm32f4xx_ll_usart.o(i.LL_USART_Init), (152 bytes).
    Removing stm32f4xx_ll_usart.o(i.LL_USART_IsEnabled), (10 bytes).
    Removing stm32f4xx_ll_usart.o(i.LL_USART_SetBaudRate), (322 bytes).
    Removing stm32f4xx_ll_usart.o(i.LL_USART_StructInit), (26 bytes).
    Removing stm32f4xx_ll_adc.o(.rev16_text), (4 bytes).
    Removing stm32f4xx_ll_adc.o(.revsh_text), (4 bytes).
    Removing stm32f4xx_ll_adc.o(.rrx_text), (6 bytes).
    Removing stm32f4xx_ll_adc.o(i.LL_ADC_CommonDeInit), (40 bytes).
    Removing stm32f4xx_ll_adc.o(i.LL_ADC_CommonInit), (44 bytes).
    Removing stm32f4xx_ll_adc.o(i.LL_ADC_CommonStructInit), (6 bytes).
    Removing stm32f4xx_ll_adc.o(i.LL_ADC_DeInit), (212 bytes).
    Removing stm32f4xx_ll_adc.o(i.LL_ADC_INJ_Init), (94 bytes).
    Removing stm32f4xx_ll_adc.o(i.LL_ADC_INJ_StructInit), (12 bytes).
    Removing stm32f4xx_ll_adc.o(i.LL_ADC_Init), (56 bytes).
    Removing stm32f4xx_ll_adc.o(i.LL_ADC_IsEnabled), (10 bytes).
    Removing stm32f4xx_ll_adc.o(i.LL_ADC_REG_Init), (108 bytes).
    Removing stm32f4xx_ll_adc.o(i.LL_ADC_REG_StructInit), (14 bytes).
    Removing stm32f4xx_ll_adc.o(i.LL_ADC_StructInit), (14 bytes).
    Removing stm32f4xx_ll_crc.o(.rev16_text), (4 bytes).
    Removing stm32f4xx_ll_crc.o(.revsh_text), (4 bytes).
    Removing stm32f4xx_ll_crc.o(.rrx_text), (6 bytes).
    Removing stm32f4xx_ll_crc.o(i.LL_CRC_DeInit), (56 bytes).
    Removing stm32f4xx_ll_dac.o(.rev16_text), (4 bytes).
    Removing stm32f4xx_ll_dac.o(.revsh_text), (4 bytes).
    Removing stm32f4xx_ll_dac.o(.rrx_text), (6 bytes).
    Removing stm32f4xx_ll_dma.o(.rev16_text), (4 bytes).
    Removing stm32f4xx_ll_dma.o(.revsh_text), (4 bytes).
    Removing stm32f4xx_ll_dma.o(.rrx_text), (6 bytes).
    Removing stm32f4xx_ll_dma.o(i.LL_AHB1_GRP1_ForceReset), (16 bytes).
    Removing stm32f4xx_ll_dma.o(i.LL_AHB1_GRP1_ReleaseReset), (16 bytes).
    Removing stm32f4xx_ll_dma.o(i.LL_DMA_DeInit), (480 bytes).
    Removing stm32f4xx_ll_dma.o(i.LL_DMA_Init), (216 bytes).
    Removing stm32f4xx_ll_dma.o(i.LL_DMA_SetChannelSelection), (28 bytes).
    Removing stm32f4xx_ll_dma.o(i.LL_DMA_StructInit), (34 bytes).
    Removing stm32f4xx_ll_dma.o(.constdata), (8 bytes).
    Removing stm32f4xx_ll_dma2d.o(.rev16_text), (4 bytes).
    Removing stm32f4xx_ll_dma2d.o(.revsh_text), (4 bytes).
    Removing stm32f4xx_ll_dma2d.o(.rrx_text), (6 bytes).
    Removing stm32f4xx_ll_exti.o(.rev16_text), (4 bytes).
    Removing stm32f4xx_ll_exti.o(.revsh_text), (4 bytes).
    Removing stm32f4xx_ll_exti.o(.rrx_text), (6 bytes).
    Removing stm32f4xx_ll_exti.o(i.LL_EXTI_DeInit), (40 bytes).
    Removing stm32f4xx_ll_exti.o(i.LL_EXTI_DisableEvent_0_31), (16 bytes).
    Removing stm32f4xx_ll_exti.o(i.LL_EXTI_DisableIT_0_31), (16 bytes).
    Removing stm32f4xx_ll_exti.o(i.LL_EXTI_EnableEvent_0_31), (16 bytes).
    Removing stm32f4xx_ll_exti.o(i.LL_EXTI_EnableFallingTrig_0_31), (16 bytes).
    Removing stm32f4xx_ll_exti.o(i.LL_EXTI_EnableIT_0_31), (16 bytes).
    Removing stm32f4xx_ll_exti.o(i.LL_EXTI_EnableRisingTrig_0_31), (16 bytes).
    Removing stm32f4xx_ll_exti.o(i.LL_EXTI_Init), (188 bytes).
    Removing stm32f4xx_ll_exti.o(i.LL_EXTI_StructInit), (14 bytes).
    Removing stm32f4xx_ll_gpio.o(.rev16_text), (4 bytes).
    Removing stm32f4xx_ll_gpio.o(.revsh_text), (4 bytes).
    Removing stm32f4xx_ll_gpio.o(.rrx_text), (6 bytes).
    Removing stm32f4xx_ll_gpio.o(i.LL_AHB1_GRP1_ForceReset), (16 bytes).
    Removing stm32f4xx_ll_gpio.o(i.LL_AHB1_GRP1_ReleaseReset), (16 bytes).
    Removing stm32f4xx_ll_gpio.o(i.LL_GPIO_DeInit), (156 bytes).
    Removing stm32f4xx_ll_gpio.o(i.LL_GPIO_Init), (324 bytes).
    Removing stm32f4xx_ll_gpio.o(i.LL_GPIO_StructInit), (22 bytes).
    Removing stm32f4xx_ll_i2c.o(.rev16_text), (4 bytes).
    Removing stm32f4xx_ll_i2c.o(.revsh_text), (4 bytes).
    Removing stm32f4xx_ll_i2c.o(.rrx_text), (6 bytes).
    Removing stm32f4xx_ll_i2c.o(i.LL_APB1_GRP1_ForceReset), (16 bytes).
    Removing stm32f4xx_ll_i2c.o(i.LL_APB1_GRP1_ReleaseReset), (16 bytes).
    Removing stm32f4xx_ll_i2c.o(i.LL_I2C_ConfigSpeed), (188 bytes).
    Removing stm32f4xx_ll_i2c.o(i.LL_I2C_DeInit), (92 bytes).
    Removing stm32f4xx_ll_i2c.o(i.LL_I2C_Init), (124 bytes).
    Removing stm32f4xx_ll_i2c.o(i.LL_I2C_StructInit), (30 bytes).
    Removing stm32f4xx_ll_lptim.o(.rev16_text), (4 bytes).
    Removing stm32f4xx_ll_lptim.o(.revsh_text), (4 bytes).
    Removing stm32f4xx_ll_lptim.o(.rrx_text), (6 bytes).
    Removing stm32f4xx_ll_pwr.o(.rev16_text), (4 bytes).
    Removing stm32f4xx_ll_pwr.o(.revsh_text), (4 bytes).
    Removing stm32f4xx_ll_pwr.o(.rrx_text), (6 bytes).
    Removing stm32f4xx_ll_pwr.o(i.LL_PWR_DeInit), (36 bytes).
    Removing stm32f4xx_ll_rcc.o(.rev16_text), (4 bytes).
    Removing stm32f4xx_ll_rcc.o(.revsh_text), (4 bytes).
    Removing stm32f4xx_ll_rcc.o(.rrx_text), (6 bytes).
    Removing stm32f4xx_ll_rcc.o(i.LL_RCC_DeInit), (120 bytes).
    Removing stm32f4xx_ll_rcc.o(i.LL_RCC_GetI2SClockFreq), (72 bytes).
    Removing stm32f4xx_ll_rcc.o(i.LL_RCC_GetSDIOClockFreq), (28 bytes).
    Removing stm32f4xx_ll_rcc.o(i.LL_RCC_GetSystemClocksFreq), (36 bytes).
    Removing stm32f4xx_ll_rcc.o(i.LL_RCC_GetUSBClockFreq), (22 bytes).
    Removing stm32f4xx_ll_rcc.o(i.LL_RCC_PLL_GetN), (16 bytes).
    Removing stm32f4xx_ll_rcc.o(i.LL_RCC_PLL_IsReady), (16 bytes).
    Removing stm32f4xx_ll_rcc.o(i.RCC_GetHCLKClockFreq), (32 bytes).
    Removing stm32f4xx_ll_rcc.o(i.RCC_GetPCLK1ClockFreq), (36 bytes).
    Removing stm32f4xx_ll_rcc.o(i.RCC_GetPCLK2ClockFreq), (36 bytes).
    Removing stm32f4xx_ll_rcc.o(i.RCC_GetSystemClockFreq), (68 bytes).
    Removing stm32f4xx_ll_rcc.o(i.RCC_PLLI2S_GetFreqDomain_I2S), (96 bytes).
    Removing stm32f4xx_ll_rcc.o(i.RCC_PLL_GetFreqDomain_48M), (92 bytes).
    Removing stm32f4xx_ll_rcc.o(i.RCC_PLL_GetFreqDomain_SYS), (112 bytes).
    Removing stm32f4xx_ll_rng.o(.rev16_text), (4 bytes).
    Removing stm32f4xx_ll_rng.o(.revsh_text), (4 bytes).
    Removing stm32f4xx_ll_rng.o(.rrx_text), (6 bytes).
    Removing stm32f4xx_ll_rtc.o(.rev16_text), (4 bytes).
    Removing stm32f4xx_ll_rtc.o(.revsh_text), (4 bytes).
    Removing stm32f4xx_ll_rtc.o(.rrx_text), (6 bytes).
    Removing stm32f4xx_ll_rtc.o(i.LL_RTC_ALMA_ConfigTime), (72 bytes).
    Removing stm32f4xx_ll_rtc.o(i.LL_RTC_ALMA_Init), (302 bytes).
    Removing stm32f4xx_ll_rtc.o(i.LL_RTC_ALMA_SetDay), (26 bytes).
    Removing stm32f4xx_ll_rtc.o(i.LL_RTC_ALMA_StructInit), (22 bytes).
    Removing stm32f4xx_ll_rtc.o(i.LL_RTC_ALMB_ConfigTime), (72 bytes).
    Removing stm32f4xx_ll_rtc.o(i.LL_RTC_ALMB_Init), (302 bytes).
    Removing stm32f4xx_ll_rtc.o(i.LL_RTC_ALMB_SetDay), (36 bytes).
    Removing stm32f4xx_ll_rtc.o(i.LL_RTC_ALMB_StructInit), (22 bytes).
    Removing stm32f4xx_ll_rtc.o(i.LL_RTC_DATE_Config), (72 bytes).
    Removing stm32f4xx_ll_rtc.o(i.LL_RTC_DATE_Init), (220 bytes).
    Removing stm32f4xx_ll_rtc.o(i.LL_RTC_DATE_StructInit), (14 bytes).
    Removing stm32f4xx_ll_rtc.o(i.LL_RTC_DeInit), (80 bytes).
    Removing stm32f4xx_ll_rtc.o(i.LL_RTC_DisableInitMode), (8 bytes).
    Removing stm32f4xx_ll_rtc.o(i.LL_RTC_DisableWriteProtection), (10 bytes).
    Removing stm32f4xx_ll_rtc.o(i.LL_RTC_EnableWriteProtection), (6 bytes).
    Removing stm32f4xx_ll_rtc.o(i.LL_RTC_EnterInitMode), (80 bytes).
    Removing stm32f4xx_ll_rtc.o(i.LL_RTC_ExitInitMode), (14 bytes).
    Removing stm32f4xx_ll_rtc.o(i.LL_RTC_GetHourFormat), (10 bytes).
    Removing stm32f4xx_ll_rtc.o(i.LL_RTC_Init), (84 bytes).
    Removing stm32f4xx_ll_rtc.o(i.LL_RTC_IsActiveFlag_INIT), (10 bytes).
    Removing stm32f4xx_ll_rtc.o(i.LL_RTC_IsActiveFlag_RS), (10 bytes).
    Removing stm32f4xx_ll_rtc.o(i.LL_RTC_IsShadowRegBypassEnabled), (10 bytes).
    Removing stm32f4xx_ll_rtc.o(i.LL_RTC_StructInit), (14 bytes).
    Removing stm32f4xx_ll_rtc.o(i.LL_RTC_TIME_Config), (72 bytes).
    Removing stm32f4xx_ll_rtc.o(i.LL_RTC_TIME_Init), (228 bytes).
    Removing stm32f4xx_ll_rtc.o(i.LL_RTC_TIME_StructInit), (12 bytes).
    Removing stm32f4xx_ll_rtc.o(i.LL_RTC_WaitForSynchro), (134 bytes).
    Removing stm32f4xx_ll_rtc.o(i.LL_SYSTICK_IsActiveCounterFlag), (12 bytes).
    Removing stm32f4xx_ll_spi.o(.rev16_text), (4 bytes).
    Removing stm32f4xx_ll_spi.o(.revsh_text), (4 bytes).
    Removing stm32f4xx_ll_spi.o(.rrx_text), (6 bytes).
    Removing stm32f4xx_ll_spi.o(i.LL_APB1_GRP1_ForceReset), (16 bytes).
    Removing stm32f4xx_ll_spi.o(i.LL_APB1_GRP1_ReleaseReset), (16 bytes).
    Removing stm32f4xx_ll_spi.o(i.LL_APB2_GRP1_ForceReset), (16 bytes).
    Removing stm32f4xx_ll_spi.o(i.LL_APB2_GRP1_ReleaseReset), (16 bytes).
    Removing stm32f4xx_ll_spi.o(i.LL_I2S_ConfigPrescaler), (18 bytes).
    Removing stm32f4xx_ll_spi.o(i.LL_I2S_DeInit), (12 bytes).
    Removing stm32f4xx_ll_spi.o(i.LL_I2S_Init), (202 bytes).
    Removing stm32f4xx_ll_spi.o(i.LL_I2S_InitFullDuplex), (96 bytes).
    Removing stm32f4xx_ll_spi.o(i.LL_I2S_IsEnabled), (10 bytes).
    Removing stm32f4xx_ll_spi.o(i.LL_I2S_StructInit), (20 bytes).
    Removing stm32f4xx_ll_spi.o(i.LL_SPI_DeInit), (108 bytes).
    Removing stm32f4xx_ll_spi.o(i.LL_SPI_Init), (108 bytes).
    Removing stm32f4xx_ll_spi.o(i.LL_SPI_StructInit), (26 bytes).
    Removing stm32f4xx_ll_tim.o(.rev16_text), (4 bytes).
    Removing stm32f4xx_ll_tim.o(.revsh_text), (4 bytes).
    Removing stm32f4xx_ll_tim.o(.rrx_text), (6 bytes).
    Removing stm32f4xx_ll_tim.o(i.IC1Config), (52 bytes).
    Removing stm32f4xx_ll_tim.o(i.IC2Config), (56 bytes).
    Removing stm32f4xx_ll_tim.o(i.IC3Config), (58 bytes).
    Removing stm32f4xx_ll_tim.o(i.IC4Config), (58 bytes).
    Removing stm32f4xx_ll_tim.o(i.LL_APB1_GRP1_ForceReset), (16 bytes).
    Removing stm32f4xx_ll_tim.o(i.LL_APB1_GRP1_ReleaseReset), (16 bytes).
    Removing stm32f4xx_ll_tim.o(i.LL_APB2_GRP1_ForceReset), (16 bytes).
    Removing stm32f4xx_ll_tim.o(i.LL_APB2_GRP1_ReleaseReset), (16 bytes).
    Removing stm32f4xx_ll_tim.o(i.LL_TIM_BDTR_Init), (82 bytes).
    Removing stm32f4xx_ll_tim.o(i.LL_TIM_BDTR_StructInit), (18 bytes).
    Removing stm32f4xx_ll_tim.o(i.LL_TIM_DeInit), (212 bytes).
    Removing stm32f4xx_ll_tim.o(i.LL_TIM_ENCODER_Init), (104 bytes).
    Removing stm32f4xx_ll_tim.o(i.LL_TIM_ENCODER_StructInit), (36 bytes).
    Removing stm32f4xx_ll_tim.o(i.LL_TIM_HALLSENSOR_Init), (124 bytes).
    Removing stm32f4xx_ll_tim.o(i.LL_TIM_HALLSENSOR_StructInit), (12 bytes).
    Removing stm32f4xx_ll_tim.o(i.LL_TIM_IC_Init), (92 bytes).
    Removing stm32f4xx_ll_tim.o(i.LL_TIM_IC_StructInit), (18 bytes).
    Removing stm32f4xx_ll_tim.o(i.LL_TIM_Init), (180 bytes).
    Removing stm32f4xx_ll_tim.o(i.LL_TIM_OC_Init), (92 bytes).
    Removing stm32f4xx_ll_tim.o(i.LL_TIM_OC_SetCompareCH2), (4 bytes).
    Removing stm32f4xx_ll_tim.o(i.LL_TIM_OC_StructInit), (20 bytes).
    Removing stm32f4xx_ll_tim.o(i.LL_TIM_StructInit), (18 bytes).
    Removing stm32f4xx_ll_tim.o(i.OC1Config), (124 bytes).
    Removing stm32f4xx_ll_tim.o(i.OC2Config), (136 bytes).
    Removing stm32f4xx_ll_tim.o(i.OC3Config), (124 bytes).
    Removing stm32f4xx_ll_tim.o(i.OC4Config), (96 bytes).
    Removing stm32f4xx_ll_tim.o(.constdata), (35 bytes).

266 unused section(s) (total 13359 bytes) removed from the image.

==============================================================================

Image Symbol Table

    Local Symbols

    Symbol Name                              Value     Ov Type        Size  Object(Section)

    ../clib/angel/boardlib.s                 0x00000000   Number         0  boardinit3.o ABSOLUTE
    ../clib/angel/boardlib.s                 0x00000000   Number         0  boardinit2.o ABSOLUTE
    ../clib/angel/boardlib.s                 0x00000000   Number         0  boardinit1.o ABSOLUTE
    ../clib/angel/boardlib.s                 0x00000000   Number         0  boardshut.o ABSOLUTE
    ../clib/angel/handlers.s                 0x00000000   Number         0  __scatter_zi.o ABSOLUTE
    ../clib/angel/handlers.s                 0x00000000   Number         0  __scatter_copy.o ABSOLUTE
    ../clib/angel/kernel.s                   0x00000000   Number         0  rtexit2.o ABSOLUTE
    ../clib/angel/kernel.s                   0x00000000   Number         0  rtexit.o ABSOLUTE
    ../clib/angel/kernel.s                   0x00000000   Number         0  __rtentry4.o ABSOLUTE
    ../clib/angel/kernel.s                   0x00000000   Number         0  __rtentry2.o ABSOLUTE
    ../clib/angel/kernel.s                   0x00000000   Number         0  __rtentry.o ABSOLUTE
    ../clib/angel/rt.s                       0x00000000   Number         0  rt_raise.o ABSOLUTE
    ../clib/angel/scatter.s                  0x00000000   Number         0  __scatter.o ABSOLUTE
    ../clib/angel/startup.s                  0x00000000   Number         0  __main.o ABSOLUTE
    ../clib/angel/sys.s                      0x00000000   Number         0  libspace.o ABSOLUTE
    ../clib/angel/sys.s                      0x00000000   Number         0  indicate_semi.o ABSOLUTE
    ../clib/angel/sys.s                      0x00000000   Number         0  sys_stackheap_outer.o ABSOLUTE
    ../clib/angel/sys.s                      0x00000000   Number         0  use_no_semi.o ABSOLUTE
    ../clib/angel/sys.s                      0x00000000   Number         0  use_no_semi_2.o ABSOLUTE
    ../clib/angel/sysapp.c                   0x00000000   Number         0  sys_command.o ABSOLUTE
    ../clib/angel/sysapp.c                   0x00000000   Number         0  sys_wrch.o ABSOLUTE
    ../clib/armsys.c                         0x00000000   Number         0  argv_veneer.o ABSOLUTE
    ../clib/armsys.c                         0x00000000   Number         0  argv_veneer.o ABSOLUTE
    ../clib/armsys.c                         0x00000000   Number         0  no_argv.o ABSOLUTE
    ../clib/armsys.c                         0x00000000   Number         0  _get_argv_nomalloc.o ABSOLUTE
    ../clib/heapalloc.c                      0x00000000   Number         0  hrguard.o ABSOLUTE
    ../clib/heapaux.c                        0x00000000   Number         0  heapauxi.o ABSOLUTE
    ../clib/libinit.s                        0x00000000   Number         0  libshutdown2.o ABSOLUTE
    ../clib/libinit.s                        0x00000000   Number         0  libinit2.o ABSOLUTE
    ../clib/libinit.s                        0x00000000   Number         0  libinit.o ABSOLUTE
    ../clib/libinit.s                        0x00000000   Number         0  libshutdown.o ABSOLUTE
    ../clib/printf.c                         0x00000000   Number         0  _printf_char_common.o ABSOLUTE
    ../clib/printf.c                         0x00000000   Number         0  __printf_flags_wp.o ABSOLUTE
    ../clib/printf.c                         0x00000000   Number         0  __printf_ss_wp.o ABSOLUTE
    ../clib/printf.c                         0x00000000   Number         0  __printf_flags_ss_wp.o ABSOLUTE
    ../clib/printf.c                         0x00000000   Number         0  _printf_char_file.o ABSOLUTE
    ../clib/printf.c                         0x00000000   Number         0  __2printf.o ABSOLUTE
    ../clib/printf.c                         0x00000000   Number         0  noretval__2printf.o ABSOLUTE
    ../clib/printf.c                         0x00000000   Number         0  _printf_intcommon.o ABSOLUTE
    ../clib/printf.c                         0x00000000   Number         0  __printf_nopercent.o ABSOLUTE
    ../clib/printf.c                         0x00000000   Number         0  __printf.o ABSOLUTE
    ../clib/printf.c                         0x00000000   Number         0  _printf_dec.o ABSOLUTE
    ../clib/printf.c                         0x00000000   Number         0  __printf_flags.o ABSOLUTE
    ../clib/printf.c                         0x00000000   Number         0  __printf_ss.o ABSOLUTE
    ../clib/printf.c                         0x00000000   Number         0  __printf_flags_ss.o ABSOLUTE
    ../clib/printf.c                         0x00000000   Number         0  __printf_wp.o ABSOLUTE
    ../clib/printf_percent.s                 0x00000000   Number         0  _printf_d.o ABSOLUTE
    ../clib/printf_percent.s                 0x00000000   Number         0  _printf_percent_end.o ABSOLUTE
    ../clib/printf_percent.s                 0x00000000   Number         0  _printf_percent.o ABSOLUTE
    ../clib/signal.c                         0x00000000   Number         0  defsig_rtmem_outer.o ABSOLUTE
    ../clib/signal.c                         0x00000000   Number         0  defsig_abrt_inner.o ABSOLUTE
    ../clib/signal.c                         0x00000000   Number         0  defsig_general.o ABSOLUTE
    ../clib/signal.c                         0x00000000   Number         0  __raise.o ABSOLUTE
    ../clib/signal.c                         0x00000000   Number         0  defsig_rtmem_inner.o ABSOLUTE
    ../clib/signal.c                         0x00000000   Number         0  defsig_exit.o ABSOLUTE
    ../clib/signal.c                         0x00000000   Number         0  defsig_rtmem_formal.o ABSOLUTE
    ../clib/signal.c                         0x00000000   Number         0  defsig_pvfn_inner.o ABSOLUTE
    ../clib/signal.c                         0x00000000   Number         0  defsig_cppl_inner.o ABSOLUTE
    ../clib/signal.c                         0x00000000   Number         0  defsig_segv_inner.o ABSOLUTE
    ../clib/signal.c                         0x00000000   Number         0  defsig_other.o ABSOLUTE
    ../clib/signal.c                         0x00000000   Number         0  defsig_stak_inner.o ABSOLUTE
    ../clib/signal.c                         0x00000000   Number         0  defsig_rtred_inner.o ABSOLUTE
    ../clib/signal.c                         0x00000000   Number         0  defsig_fpe_inner.o ABSOLUTE
    ../clib/signal.s                         0x00000000   Number         0  defsig.o ABSOLUTE
    ../clib/stdio.c                          0x00000000   Number         0  ferror_locked.o ABSOLUTE
    ../clib/stdio.c                          0x00000000   Number         0  ferror.o ABSOLUTE
    ../clib/stdlib.c                         0x00000000   Number         0  exit.o ABSOLUTE
    ../fplib/d2f.s                           0x00000000   Number         0  d2f.o ABSOLUTE
    ../fplib/dnaninf.s                       0x00000000   Number         0  dnaninf.o ABSOLUTE
    ../fplib/dretinf.s                       0x00000000   Number         0  dretinf.o ABSOLUTE
    ../fplib/f2d.s                           0x00000000   Number         0  f2d.o ABSOLUTE
    ../fplib/fnaninf.s                       0x00000000   Number         0  fnaninf.o ABSOLUTE
    ../fplib/fpinit.s                        0x00000000   Number         0  fpinit.o ABSOLUTE
    ../fplib/fretinf.s                       0x00000000   Number         0  fretinf.o ABSOLUTE
    ../fplib/usenofp.s                       0x00000000   Number         0  usenofp.o ABSOLUTE
    ../mathlib/fabs.c                        0x00000000   Number         0  fabs.o ABSOLUTE
    LLLIB\\src\\stm32f4xx_ll_adc.c           0x00000000   Number         0  stm32f4xx_ll_adc.o ABSOLUTE
    LLLIB\\src\\stm32f4xx_ll_crc.c           0x00000000   Number         0  stm32f4xx_ll_crc.o ABSOLUTE
    LLLIB\\src\\stm32f4xx_ll_dac.c           0x00000000   Number         0  stm32f4xx_ll_dac.o ABSOLUTE
    LLLIB\\src\\stm32f4xx_ll_dma.c           0x00000000   Number         0  stm32f4xx_ll_dma.o ABSOLUTE
    LLLIB\\src\\stm32f4xx_ll_dma2d.c         0x00000000   Number         0  stm32f4xx_ll_dma2d.o ABSOLUTE
    LLLIB\\src\\stm32f4xx_ll_exti.c          0x00000000   Number         0  stm32f4xx_ll_exti.o ABSOLUTE
    LLLIB\\src\\stm32f4xx_ll_gpio.c          0x00000000   Number         0  stm32f4xx_ll_gpio.o ABSOLUTE
    LLLIB\\src\\stm32f4xx_ll_i2c.c           0x00000000   Number         0  stm32f4xx_ll_i2c.o ABSOLUTE
    LLLIB\\src\\stm32f4xx_ll_lptim.c         0x00000000   Number         0  stm32f4xx_ll_lptim.o ABSOLUTE
    LLLIB\\src\\stm32f4xx_ll_pwr.c           0x00000000   Number         0  stm32f4xx_ll_pwr.o ABSOLUTE
    LLLIB\\src\\stm32f4xx_ll_rcc.c           0x00000000   Number         0  stm32f4xx_ll_rcc.o ABSOLUTE
    LLLIB\\src\\stm32f4xx_ll_rng.c           0x00000000   Number         0  stm32f4xx_ll_rng.o ABSOLUTE
    LLLIB\\src\\stm32f4xx_ll_rtc.c           0x00000000   Number         0  stm32f4xx_ll_rtc.o ABSOLUTE
    LLLIB\\src\\stm32f4xx_ll_spi.c           0x00000000   Number         0  stm32f4xx_ll_spi.o ABSOLUTE
    LLLIB\\src\\stm32f4xx_ll_tim.c           0x00000000   Number         0  stm32f4xx_ll_tim.o ABSOLUTE
    LLLIB\\src\\stm32f4xx_ll_usart.c         0x00000000   Number         0  stm32f4xx_ll_usart.o ABSOLUTE
    LLLIB\\src\\stm32f4xx_ll_utils.c         0x00000000   Number         0  stm32f4xx_ll_utils.o ABSOLUTE
    LLLIB\src\stm32f4xx_ll_adc.c             0x00000000   Number         0  stm32f4xx_ll_adc.o ABSOLUTE
    LLLIB\src\stm32f4xx_ll_crc.c             0x00000000   Number         0  stm32f4xx_ll_crc.o ABSOLUTE
    LLLIB\src\stm32f4xx_ll_dac.c             0x00000000   Number         0  stm32f4xx_ll_dac.o ABSOLUTE
    LLLIB\src\stm32f4xx_ll_dma.c             0x00000000   Number         0  stm32f4xx_ll_dma.o ABSOLUTE
    LLLIB\src\stm32f4xx_ll_dma2d.c           0x00000000   Number         0  stm32f4xx_ll_dma2d.o ABSOLUTE
    LLLIB\src\stm32f4xx_ll_exti.c            0x00000000   Number         0  stm32f4xx_ll_exti.o ABSOLUTE
    LLLIB\src\stm32f4xx_ll_gpio.c            0x00000000   Number         0  stm32f4xx_ll_gpio.o ABSOLUTE
    LLLIB\src\stm32f4xx_ll_i2c.c             0x00000000   Number         0  stm32f4xx_ll_i2c.o ABSOLUTE
    LLLIB\src\stm32f4xx_ll_lptim.c           0x00000000   Number         0  stm32f4xx_ll_lptim.o ABSOLUTE
    LLLIB\src\stm32f4xx_ll_pwr.c             0x00000000   Number         0  stm32f4xx_ll_pwr.o ABSOLUTE
    LLLIB\src\stm32f4xx_ll_rcc.c             0x00000000   Number         0  stm32f4xx_ll_rcc.o ABSOLUTE
    LLLIB\src\stm32f4xx_ll_rng.c             0x00000000   Number         0  stm32f4xx_ll_rng.o ABSOLUTE
    LLLIB\src\stm32f4xx_ll_rtc.c             0x00000000   Number         0  stm32f4xx_ll_rtc.o ABSOLUTE
    LLLIB\src\stm32f4xx_ll_spi.c             0x00000000   Number         0  stm32f4xx_ll_spi.o ABSOLUTE
    LLLIB\src\stm32f4xx_ll_tim.c             0x00000000   Number         0  stm32f4xx_ll_tim.o ABSOLUTE
    LLLIB\src\stm32f4xx_ll_usart.c           0x00000000   Number         0  stm32f4xx_ll_usart.o ABSOLUTE
    LLLIB\src\stm32f4xx_ll_utils.c           0x00000000   Number         0  stm32f4xx_ll_utils.o ABSOLUTE
    MYLIB\\src\\Button.c                     0x00000000   Number         0  button.o ABSOLUTE
    MYLIB\\src\\Led.c                        0x00000000   Number         0  led.o ABSOLUTE
    MYLIB\\src\\Motors_And_Encoders.c        0x00000000   Number         0  motors_and_encoders.o ABSOLUTE
    MYLIB\\src\\Usart.c                      0x00000000   Number         0  usart.o ABSOLUTE
    MYLIB\src\Button.c                       0x00000000   Number         0  button.o ABSOLUTE
    MYLIB\src\Led.c                          0x00000000   Number         0  led.o ABSOLUTE
    MYLIB\src\Motors_And_Encoders.c          0x00000000   Number         0  motors_and_encoders.o ABSOLUTE
    MYLIB\src\Usart.c                        0x00000000   Number         0  usart.o ABSOLUTE
    SYS\System_Functions.c                   0x00000000   Number         0  system_functions.o ABSOLUTE
    SYS\\System_Functions.c                  0x00000000   Number         0  system_functions.o ABSOLUTE
    SYS\\system_stm32f4xx.c                  0x00000000   Number         0  system_stm32f4xx.o ABSOLUTE
    SYS\startup_stm32f401xe.s                0x00000000   Number         0  startup_stm32f401xe.o ABSOLUTE
    SYS\system_stm32f4xx.c                   0x00000000   Number         0  system_stm32f4xx.o ABSOLUTE
    USER\\main.c                             0x00000000   Number         0  main_1.o ABSOLUTE
    USER\\stm32f4xx_it.c                     0x00000000   Number         0  stm32f4xx_it.o ABSOLUTE
    USER\main.c                              0x00000000   Number         0  main_1.o ABSOLUTE
    USER\stm32f4xx_it.c                      0x00000000   Number         0  stm32f4xx_it.o ABSOLUTE
    dc.s                                     0x00000000   Number         0  dc.o ABSOLUTE
    RESET                                    0x08000000   Section      404  startup_stm32f401xe.o(RESET)
    !!!main                                  0x08000194   Section        8  __main.o(!!!main)
    !!!scatter                               0x0800019c   Section       52  __scatter.o(!!!scatter)
    !!handler_copy                           0x080001d0   Section       26  __scatter_copy.o(!!handler_copy)
    !!handler_zi                             0x080001ec   Section       28  __scatter_zi.o(!!handler_zi)
    .ARM.Collect$$_printf_percent$$00000000  0x08000208   Section        0  _printf_percent.o(.ARM.Collect$$_printf_percent$$00000000)
    .ARM.Collect$$_printf_percent$$00000009  0x08000208   Section        6  _printf_d.o(.ARM.Collect$$_printf_percent$$00000009)
    .ARM.Collect$$_printf_percent$$00000017  0x0800020e   Section        4  _printf_percent_end.o(.ARM.Collect$$_printf_percent$$00000017)
    .ARM.Collect$$libinit$$00000000          0x08000212   Section        2  libinit.o(.ARM.Collect$$libinit$$00000000)
    .ARM.Collect$$libinit$$00000001          0x08000214   Section        4  libinit2.o(.ARM.Collect$$libinit$$00000001)
    .ARM.Collect$$libinit$$00000004          0x08000218   Section        0  libinit2.o(.ARM.Collect$$libinit$$00000004)
    .ARM.Collect$$libinit$$0000000A          0x08000218   Section        0  libinit2.o(.ARM.Collect$$libinit$$0000000A)
    .ARM.Collect$$libinit$$0000000C          0x08000218   Section        0  libinit2.o(.ARM.Collect$$libinit$$0000000C)
    .ARM.Collect$$libinit$$0000000E          0x08000218   Section        0  libinit2.o(.ARM.Collect$$libinit$$0000000E)
    .ARM.Collect$$libinit$$00000011          0x08000218   Section        0  libinit2.o(.ARM.Collect$$libinit$$00000011)
    .ARM.Collect$$libinit$$00000013          0x08000218   Section        0  libinit2.o(.ARM.Collect$$libinit$$00000013)
    .ARM.Collect$$libinit$$00000015          0x08000218   Section        0  libinit2.o(.ARM.Collect$$libinit$$00000015)
    .ARM.Collect$$libinit$$00000017          0x08000218   Section        0  libinit2.o(.ARM.Collect$$libinit$$00000017)
    .ARM.Collect$$libinit$$00000019          0x08000218   Section        0  libinit2.o(.ARM.Collect$$libinit$$00000019)
    .ARM.Collect$$libinit$$0000001B          0x08000218   Section        0  libinit2.o(.ARM.Collect$$libinit$$0000001B)
    .ARM.Collect$$libinit$$0000001D          0x08000218   Section        0  libinit2.o(.ARM.Collect$$libinit$$0000001D)
    .ARM.Collect$$libinit$$0000001F          0x08000218   Section        0  libinit2.o(.ARM.Collect$$libinit$$0000001F)
    .ARM.Collect$$libinit$$00000021          0x08000218   Section        0  libinit2.o(.ARM.Collect$$libinit$$00000021)
    .ARM.Collect$$libinit$$00000023          0x08000218   Section        0  libinit2.o(.ARM.Collect$$libinit$$00000023)
    .ARM.Collect$$libinit$$00000025          0x08000218   Section        0  libinit2.o(.ARM.Collect$$libinit$$00000025)
    .ARM.Collect$$libinit$$0000002C          0x08000218   Section        0  libinit2.o(.ARM.Collect$$libinit$$0000002C)
    .ARM.Collect$$libinit$$0000002E          0x08000218   Section        0  libinit2.o(.ARM.Collect$$libinit$$0000002E)
    .ARM.Collect$$libinit$$00000030          0x08000218   Section        0  libinit2.o(.ARM.Collect$$libinit$$00000030)
    .ARM.Collect$$libinit$$00000032          0x08000218   Section        0  libinit2.o(.ARM.Collect$$libinit$$00000032)
    .ARM.Collect$$libinit$$00000033          0x08000218   Section        2  libinit2.o(.ARM.Collect$$libinit$$00000033)
    .ARM.Collect$$libshutdown$$00000000      0x0800021a   Section        2  libshutdown.o(.ARM.Collect$$libshutdown$$00000000)
    .ARM.Collect$$libshutdown$$00000002      0x0800021c   Section        0  libshutdown2.o(.ARM.Collect$$libshutdown$$00000002)
    .ARM.Collect$$libshutdown$$00000004      0x0800021c   Section        0  libshutdown2.o(.ARM.Collect$$libshutdown$$00000004)
    .ARM.Collect$$libshutdown$$00000007      0x0800021c   Section        0  libshutdown2.o(.ARM.Collect$$libshutdown$$00000007)
    .ARM.Collect$$libshutdown$$0000000A      0x0800021c   Section        0  libshutdown2.o(.ARM.Collect$$libshutdown$$0000000A)
    .ARM.Collect$$libshutdown$$0000000C      0x0800021c   Section        0  libshutdown2.o(.ARM.Collect$$libshutdown$$0000000C)
    .ARM.Collect$$libshutdown$$0000000F      0x0800021c   Section        0  libshutdown2.o(.ARM.Collect$$libshutdown$$0000000F)
    .ARM.Collect$$libshutdown$$00000010      0x0800021c   Section        2  libshutdown2.o(.ARM.Collect$$libshutdown$$00000010)
    .ARM.Collect$$rtentry$$00000000          0x0800021e   Section        0  __rtentry.o(.ARM.Collect$$rtentry$$00000000)
    .ARM.Collect$$rtentry$$00000002          0x0800021e   Section        0  __rtentry2.o(.ARM.Collect$$rtentry$$00000002)
    .ARM.Collect$$rtentry$$00000004          0x0800021e   Section        6  __rtentry4.o(.ARM.Collect$$rtentry$$00000004)
    .ARM.Collect$$rtentry$$00000009          0x08000224   Section        0  __rtentry2.o(.ARM.Collect$$rtentry$$00000009)
    .ARM.Collect$$rtentry$$0000000A          0x08000224   Section        4  __rtentry2.o(.ARM.Collect$$rtentry$$0000000A)
    .ARM.Collect$$rtentry$$0000000C          0x08000228   Section        0  __rtentry2.o(.ARM.Collect$$rtentry$$0000000C)
    .ARM.Collect$$rtentry$$0000000D          0x08000228   Section        8  __rtentry2.o(.ARM.Collect$$rtentry$$0000000D)
    .ARM.Collect$$rtexit$$00000000           0x08000230   Section        2  rtexit.o(.ARM.Collect$$rtexit$$00000000)
    .ARM.Collect$$rtexit$$00000002           0x08000232   Section        0  rtexit2.o(.ARM.Collect$$rtexit$$00000002)
    .ARM.Collect$$rtexit$$00000003           0x08000232   Section        4  rtexit2.o(.ARM.Collect$$rtexit$$00000003)
    .ARM.Collect$$rtexit$$00000004           0x08000236   Section        6  rtexit2.o(.ARM.Collect$$rtexit$$00000004)
    .text                                    0x0800023c   Section       64  startup_stm32f401xe.o(.text)
    $v0                                      0x0800023c   Number         0  startup_stm32f401xe.o(.text)
    .text                                    0x0800027c   Section        2  use_no_semi_2.o(.text)
    .text                                    0x08000280   Section        0  noretval__2printf.o(.text)
    .text                                    0x08000298   Section        0  __printf.o(.text)
    .text                                    0x08000300   Section        0  _printf_dec.o(.text)
    .text                                    0x08000378   Section        0  heapauxi.o(.text)
    .text                                    0x0800037e   Section        2  use_no_semi.o(.text)
    .text                                    0x08000380   Section        0  _printf_intcommon.o(.text)
    .text                                    0x08000434   Section        0  _printf_char_file.o(.text)
    .text                                    0x08000458   Section        0  _printf_char_common.o(.text)
    _printf_input_char                       0x08000459   Thumb Code    10  _printf_char_common.o(.text)
    .text                                    0x08000488   Section        0  ferror.o(.text)
    .text                                    0x08000490   Section       74  sys_stackheap_outer.o(.text)
    .text                                    0x080004da   Section        0  exit.o(.text)
    .text                                    0x080004ec   Section        8  libspace.o(.text)
    i.BusFault_Handler                       0x080004f4   Section        0  stm32f4xx_it.o(i.BusFault_Handler)
    i.Configure_USB_UART                     0x080004f8   Section        0  usart.o(i.Configure_USB_UART)
    i.DebugMon_Handler                       0x08000610   Section        0  stm32f4xx_it.o(i.DebugMon_Handler)
    i.EXTI15_10_IRQHandler                   0x08000614   Section        0  stm32f4xx_it.o(i.EXTI15_10_IRQHandler)
    i.HardFault_Handler                      0x08000624   Section        0  stm32f4xx_it.o(i.HardFault_Handler)
    i.LL_GPIO_SetAFPin_0_7                   0x08000628   Section        0  usart.o(i.LL_GPIO_SetAFPin_0_7)
    LL_GPIO_SetAFPin_0_7                     0x08000629   Thumb Code    40  usart.o(i.LL_GPIO_SetAFPin_0_7)
    i.LL_GPIO_SetPinMode                     0x08000650   Section        0  usart.o(i.LL_GPIO_SetPinMode)
    LL_GPIO_SetPinMode                       0x08000651   Thumb Code    40  usart.o(i.LL_GPIO_SetPinMode)
    i.LL_GPIO_SetPinOutputType               0x08000678   Section        0  usart.o(i.LL_GPIO_SetPinOutputType)
    LL_GPIO_SetPinOutputType                 0x08000679   Thumb Code    16  usart.o(i.LL_GPIO_SetPinOutputType)
    i.LL_GPIO_SetPinPull                     0x08000688   Section        0  usart.o(i.LL_GPIO_SetPinPull)
    LL_GPIO_SetPinPull                       0x08000689   Thumb Code    40  usart.o(i.LL_GPIO_SetPinPull)
    i.LL_GPIO_SetPinSpeed                    0x080006b0   Section        0  usart.o(i.LL_GPIO_SetPinSpeed)
    LL_GPIO_SetPinSpeed                      0x080006b1   Thumb Code    40  usart.o(i.LL_GPIO_SetPinSpeed)
    i.LL_TIM_IsActiveFlag_CC1                0x080006d8   Section        0  stm32f4xx_it.o(i.LL_TIM_IsActiveFlag_CC1)
    LL_TIM_IsActiveFlag_CC1                  0x080006d9   Thumb Code    10  stm32f4xx_it.o(i.LL_TIM_IsActiveFlag_CC1)
    i.LL_USART_SetBaudRate                   0x080006e2   Section        0  usart.o(i.LL_USART_SetBaudRate)
    LL_USART_SetBaudRate                     0x080006e3   Thumb Code   322  usart.o(i.LL_USART_SetBaudRate)
    i.MemManage_Handler                      0x08000824   Section        0  stm32f4xx_it.o(i.MemManage_Handler)
    i.NMI_Handler                            0x08000828   Section        0  stm32f4xx_it.o(i.NMI_Handler)
    i.PendSV_Handler                         0x0800082a   Section        0  stm32f4xx_it.o(i.PendSV_Handler)
    i.SVC_Handler                            0x0800082c   Section        0  stm32f4xx_it.o(i.SVC_Handler)
    i.SysTick_Handler                        0x08000830   Section        0  stm32f4xx_it.o(i.SysTick_Handler)
    i.SystemClock_Config                     0x0800085c   Section        0  system_functions.o(i.SystemClock_Config)
    i.SystemInit                             0x080009bc   Section        0  system_stm32f4xx.o(i.SystemInit)
    i.TIM2_IRQHandler                        0x08000a20   Section        0  stm32f4xx_it.o(i.TIM2_IRQHandler)
    i.TIM5_IRQHandler                        0x08000a3c   Section        0  stm32f4xx_it.o(i.TIM5_IRQHandler)
    i.UsageFault_Handler                     0x08000a5c   Section        0  stm32f4xx_it.o(i.UsageFault_Handler)
    i._sys_exit                              0x08000a60   Section        0  usart.o(i._sys_exit)
    i.fputc                                  0x08000a64   Section        0  usart.o(i.fputc)
    i.main                                   0x08000a80   Section        0  main_1.o(i.main)
    x$fpl$fpinit                             0x08000a8c   Section       10  fpinit.o(x$fpl$fpinit)
    $v0                                      0x08000a8c   Number         0  fpinit.o(x$fpl$fpinit)
    .data                                    0x20000000   Section        4  stm32f4xx_it.o(.data)
    t                                        0x20000000   Data           4  stm32f4xx_it.o(.data)
    .data                                    0x20000004   Section        4  usart.o(.data)
    .data                                    0x20000008   Section        4  system_stm32f4xx.o(.data)
    .bss                                     0x2000000c   Section       96  libspace.o(.bss)
    HEAP                                     0x20000070   Section      512  startup_stm32f401xe.o(HEAP)
    Heap_Mem                                 0x20000070   Data         512  startup_stm32f401xe.o(HEAP)
    STACK                                    0x20000270   Section     1024  startup_stm32f401xe.o(STACK)
    Stack_Mem                                0x20000270   Data        1024  startup_stm32f401xe.o(STACK)
    __initial_sp                             0x20000670   Data           0  startup_stm32f401xe.o(STACK)

    Global Symbols

    Symbol Name                              Value     Ov Type        Size  Object(Section)

    BuildAttributes$$THM_ISAv4$E$P$D$K$B$S$7EM$VFPi3$EXTD16$VFPS$VFMA$PE$A:L22UL41UL21$X:L11$S22US41US21$IEEE1$IW$USESV6$~STKCKD$USESV7$~SHL$OTIME$ROPI$IEEEJ$EBA8$UX$STANDARDLIB$REQ8$PRES8$EABIv2 0x00000000   Number         0  anon$$obj.o ABSOLUTE
    __ARM_use_no_argv                        0x00000000   Number         0  main_1.o ABSOLUTE
    __ARM_exceptions_init                     - Undefined Weak Reference
    __alloca_initialize                       - Undefined Weak Reference
    __arm_preinit_                            - Undefined Weak Reference
    __cpp_initialize__aeabi_                  - Undefined Weak Reference
    __cxa_finalize                            - Undefined Weak Reference
    __rt_locale                               - Undefined Weak Reference
    __sigvec_lookup                           - Undefined Weak Reference
    _atexit_init                              - Undefined Weak Reference
    _call_atexit_fns                          - Undefined Weak Reference
    _clock_init                               - Undefined Weak Reference
    _fp_trap_init                             - Undefined Weak Reference
    _fp_trap_shutdown                         - Undefined Weak Reference
    _get_lc_collate                           - Undefined Weak Reference
    _get_lc_ctype                             - Undefined Weak Reference
    _get_lc_monetary                          - Undefined Weak Reference
    _get_lc_numeric                           - Undefined Weak Reference
    _get_lc_time                              - Undefined Weak Reference
    _getenv_init                              - Undefined Weak Reference
    _handle_redirection                       - Undefined Weak Reference
    _init_alloc                               - Undefined Weak Reference
    _init_user_alloc                          - Undefined Weak Reference
    _initio                                   - Undefined Weak Reference
    _mutex_acquire                            - Undefined Weak Reference
    _mutex_release                            - Undefined Weak Reference
    _printf_post_padding                      - Undefined Weak Reference
    _printf_pre_padding                       - Undefined Weak Reference
    _printf_truncate_signed                   - Undefined Weak Reference
    _printf_truncate_unsigned                 - Undefined Weak Reference
    _rand_init                                - Undefined Weak Reference
    _signal_finish                            - Undefined Weak Reference
    _signal_init                              - Undefined Weak Reference
    _terminate_alloc                          - Undefined Weak Reference
    _terminate_user_alloc                     - Undefined Weak Reference
    _terminateio                              - Undefined Weak Reference
    __Vectors_Size                           0x00000194   Number         0  startup_stm32f401xe.o ABSOLUTE
    __Vectors                                0x08000000   Data           4  startup_stm32f401xe.o(RESET)
    __Vectors_End                            0x08000194   Data           0  startup_stm32f401xe.o(RESET)
    __main                                   0x08000195   Thumb Code     8  __main.o(!!!main)
    __scatterload                            0x0800019d   Thumb Code     0  __scatter.o(!!!scatter)
    __scatterload_rt2                        0x0800019d   Thumb Code    44  __scatter.o(!!!scatter)
    __scatterload_rt2_thumb_only             0x0800019d   Thumb Code     0  __scatter.o(!!!scatter)
    __scatterload_null                       0x080001ab   Thumb Code     0  __scatter.o(!!!scatter)
    __scatterload_copy                       0x080001d1   Thumb Code    26  __scatter_copy.o(!!handler_copy)
    __scatterload_zeroinit                   0x080001ed   Thumb Code    28  __scatter_zi.o(!!handler_zi)
    _printf_d                                0x08000209   Thumb Code     0  _printf_d.o(.ARM.Collect$$_printf_percent$$00000009)
    _printf_percent                          0x08000209   Thumb Code     0  _printf_percent.o(.ARM.Collect$$_printf_percent$$00000000)
    _printf_percent_end                      0x0800020f   Thumb Code     0  _printf_percent_end.o(.ARM.Collect$$_printf_percent$$00000017)
    __rt_lib_init                            0x08000213   Thumb Code     0  libinit.o(.ARM.Collect$$libinit$$00000000)
    __rt_lib_init_fp_1                       0x08000215   Thumb Code     0  libinit2.o(.ARM.Collect$$libinit$$00000001)
    __rt_lib_init_alloca_1                   0x08000219   Thumb Code     0  libinit2.o(.ARM.Collect$$libinit$$0000002E)
    __rt_lib_init_argv_1                     0x08000219   Thumb Code     0  libinit2.o(.ARM.Collect$$libinit$$0000002C)
    __rt_lib_init_atexit_1                   0x08000219   Thumb Code     0  libinit2.o(.ARM.Collect$$libinit$$0000001B)
    __rt_lib_init_clock_1                    0x08000219   Thumb Code     0  libinit2.o(.ARM.Collect$$libinit$$00000021)
    __rt_lib_init_cpp_1                      0x08000219   Thumb Code     0  libinit2.o(.ARM.Collect$$libinit$$00000032)
    __rt_lib_init_exceptions_1               0x08000219   Thumb Code     0  libinit2.o(.ARM.Collect$$libinit$$00000030)
    __rt_lib_init_fp_trap_1                  0x08000219   Thumb Code     0  libinit2.o(.ARM.Collect$$libinit$$0000001F)
    __rt_lib_init_getenv_1                   0x08000219   Thumb Code     0  libinit2.o(.ARM.Collect$$libinit$$00000023)
    __rt_lib_init_heap_1                     0x08000219   Thumb Code     0  libinit2.o(.ARM.Collect$$libinit$$0000000A)
    __rt_lib_init_lc_collate_1               0x08000219   Thumb Code     0  libinit2.o(.ARM.Collect$$libinit$$00000011)
    __rt_lib_init_lc_ctype_1                 0x08000219   Thumb Code     0  libinit2.o(.ARM.Collect$$libinit$$00000013)
    __rt_lib_init_lc_monetary_1              0x08000219   Thumb Code     0  libinit2.o(.ARM.Collect$$libinit$$00000015)
    __rt_lib_init_lc_numeric_1               0x08000219   Thumb Code     0  libinit2.o(.ARM.Collect$$libinit$$00000017)
    __rt_lib_init_lc_time_1                  0x08000219   Thumb Code     0  libinit2.o(.ARM.Collect$$libinit$$00000019)
    __rt_lib_init_preinit_1                  0x08000219   Thumb Code     0  libinit2.o(.ARM.Collect$$libinit$$00000004)
    __rt_lib_init_rand_1                     0x08000219   Thumb Code     0  libinit2.o(.ARM.Collect$$libinit$$0000000E)
    __rt_lib_init_return                     0x08000219   Thumb Code     0  libinit2.o(.ARM.Collect$$libinit$$00000033)
    __rt_lib_init_signal_1                   0x08000219   Thumb Code     0  libinit2.o(.ARM.Collect$$libinit$$0000001D)
    __rt_lib_init_stdio_1                    0x08000219   Thumb Code     0  libinit2.o(.ARM.Collect$$libinit$$00000025)
    __rt_lib_init_user_alloc_1               0x08000219   Thumb Code     0  libinit2.o(.ARM.Collect$$libinit$$0000000C)
    __rt_lib_shutdown                        0x0800021b   Thumb Code     0  libshutdown.o(.ARM.Collect$$libshutdown$$00000000)
    __rt_lib_shutdown_cpp_1                  0x0800021d   Thumb Code     0  libshutdown2.o(.ARM.Collect$$libshutdown$$00000002)
    __rt_lib_shutdown_fp_trap_1              0x0800021d   Thumb Code     0  libshutdown2.o(.ARM.Collect$$libshutdown$$00000007)
    __rt_lib_shutdown_heap_1                 0x0800021d   Thumb Code     0  libshutdown2.o(.ARM.Collect$$libshutdown$$0000000F)
    __rt_lib_shutdown_return                 0x0800021d   Thumb Code     0  libshutdown2.o(.ARM.Collect$$libshutdown$$00000010)
    __rt_lib_shutdown_signal_1               0x0800021d   Thumb Code     0  libshutdown2.o(.ARM.Collect$$libshutdown$$0000000A)
    __rt_lib_shutdown_stdio_1                0x0800021d   Thumb Code     0  libshutdown2.o(.ARM.Collect$$libshutdown$$00000004)
    __rt_lib_shutdown_user_alloc_1           0x0800021d   Thumb Code     0  libshutdown2.o(.ARM.Collect$$libshutdown$$0000000C)
    __rt_entry                               0x0800021f   Thumb Code     0  __rtentry.o(.ARM.Collect$$rtentry$$00000000)
    __rt_entry_presh_1                       0x0800021f   Thumb Code     0  __rtentry2.o(.ARM.Collect$$rtentry$$00000002)
    __rt_entry_sh                            0x0800021f   Thumb Code     0  __rtentry4.o(.ARM.Collect$$rtentry$$00000004)
    __rt_entry_li                            0x08000225   Thumb Code     0  __rtentry2.o(.ARM.Collect$$rtentry$$0000000A)
    __rt_entry_postsh_1                      0x08000225   Thumb Code     0  __rtentry2.o(.ARM.Collect$$rtentry$$00000009)
    __rt_entry_main                          0x08000229   Thumb Code     0  __rtentry2.o(.ARM.Collect$$rtentry$$0000000D)
    __rt_entry_postli_1                      0x08000229   Thumb Code     0  __rtentry2.o(.ARM.Collect$$rtentry$$0000000C)
    __rt_exit                                0x08000231   Thumb Code     0  rtexit.o(.ARM.Collect$$rtexit$$00000000)
    __rt_exit_ls                             0x08000233   Thumb Code     0  rtexit2.o(.ARM.Collect$$rtexit$$00000003)
    __rt_exit_prels_1                        0x08000233   Thumb Code     0  rtexit2.o(.ARM.Collect$$rtexit$$00000002)
    __rt_exit_exit                           0x08000237   Thumb Code     0  rtexit2.o(.ARM.Collect$$rtexit$$00000004)
    Reset_Handler                            0x0800023d   Thumb Code     8  startup_stm32f401xe.o(.text)
    ADC_IRQHandler                           0x08000257   Thumb Code     0  startup_stm32f401xe.o(.text)
    DMA1_Stream0_IRQHandler                  0x08000257   Thumb Code     0  startup_stm32f401xe.o(.text)
    DMA1_Stream1_IRQHandler                  0x08000257   Thumb Code     0  startup_stm32f401xe.o(.text)
    DMA1_Stream2_IRQHandler                  0x08000257   Thumb Code     0  startup_stm32f401xe.o(.text)
    DMA1_Stream3_IRQHandler                  0x08000257   Thumb Code     0  startup_stm32f401xe.o(.text)
    DMA1_Stream4_IRQHandler                  0x08000257   Thumb Code     0  startup_stm32f401xe.o(.text)
    DMA1_Stream5_IRQHandler                  0x08000257   Thumb Code     0  startup_stm32f401xe.o(.text)
    DMA1_Stream6_IRQHandler                  0x08000257   Thumb Code     0  startup_stm32f401xe.o(.text)
    DMA1_Stream7_IRQHandler                  0x08000257   Thumb Code     0  startup_stm32f401xe.o(.text)
    DMA2_Stream0_IRQHandler                  0x08000257   Thumb Code     0  startup_stm32f401xe.o(.text)
    DMA2_Stream1_IRQHandler                  0x08000257   Thumb Code     0  startup_stm32f401xe.o(.text)
    DMA2_Stream2_IRQHandler                  0x08000257   Thumb Code     0  startup_stm32f401xe.o(.text)
    DMA2_Stream3_IRQHandler                  0x08000257   Thumb Code     0  startup_stm32f401xe.o(.text)
    DMA2_Stream4_IRQHandler                  0x08000257   Thumb Code     0  startup_stm32f401xe.o(.text)
    DMA2_Stream5_IRQHandler                  0x08000257   Thumb Code     0  startup_stm32f401xe.o(.text)
    DMA2_Stream6_IRQHandler                  0x08000257   Thumb Code     0  startup_stm32f401xe.o(.text)
    DMA2_Stream7_IRQHandler                  0x08000257   Thumb Code     0  startup_stm32f401xe.o(.text)
    EXTI0_IRQHandler                         0x08000257   Thumb Code     0  startup_stm32f401xe.o(.text)
    EXTI1_IRQHandler                         0x08000257   Thumb Code     0  startup_stm32f401xe.o(.text)
    EXTI2_IRQHandler                         0x08000257   Thumb Code     0  startup_stm32f401xe.o(.text)
    EXTI3_IRQHandler                         0x08000257   Thumb Code     0  startup_stm32f401xe.o(.text)
    EXTI4_IRQHandler                         0x08000257   Thumb Code     0  startup_stm32f401xe.o(.text)
    EXTI9_5_IRQHandler                       0x08000257   Thumb Code     0  startup_stm32f401xe.o(.text)
    FLASH_IRQHandler                         0x08000257   Thumb Code     0  startup_stm32f401xe.o(.text)
    FPU_IRQHandler                           0x08000257   Thumb Code     0  startup_stm32f401xe.o(.text)
    I2C1_ER_IRQHandler                       0x08000257   Thumb Code     0  startup_stm32f401xe.o(.text)
    I2C1_EV_IRQHandler                       0x08000257   Thumb Code     0  startup_stm32f401xe.o(.text)
    I2C2_ER_IRQHandler                       0x08000257   Thumb Code     0  startup_stm32f401xe.o(.text)
    I2C2_EV_IRQHandler                       0x08000257   Thumb Code     0  startup_stm32f401xe.o(.text)
    I2C3_ER_IRQHandler                       0x08000257   Thumb Code     0  startup_stm32f401xe.o(.text)
    I2C3_EV_IRQHandler                       0x08000257   Thumb Code     0  startup_stm32f401xe.o(.text)
    OTG_FS_IRQHandler                        0x08000257   Thumb Code     0  startup_stm32f401xe.o(.text)
    OTG_FS_WKUP_IRQHandler                   0x08000257   Thumb Code     0  startup_stm32f401xe.o(.text)
    PVD_IRQHandler                           0x08000257   Thumb Code     0  startup_stm32f401xe.o(.text)
    RCC_IRQHandler                           0x08000257   Thumb Code     0  startup_stm32f401xe.o(.text)
    RTC_Alarm_IRQHandler                     0x08000257   Thumb Code     0  startup_stm32f401xe.o(.text)
    RTC_WKUP_IRQHandler                      0x08000257   Thumb Code     0  startup_stm32f401xe.o(.text)
    SDIO_IRQHandler                          0x08000257   Thumb Code     0  startup_stm32f401xe.o(.text)
    SPI1_IRQHandler                          0x08000257   Thumb Code     0  startup_stm32f401xe.o(.text)
    SPI2_IRQHandler                          0x08000257   Thumb Code     0  startup_stm32f401xe.o(.text)
    SPI3_IRQHandler                          0x08000257   Thumb Code     0  startup_stm32f401xe.o(.text)
    SPI4_IRQHandler                          0x08000257   Thumb Code     0  startup_stm32f401xe.o(.text)
    TAMP_STAMP_IRQHandler                    0x08000257   Thumb Code     0  startup_stm32f401xe.o(.text)
    TIM1_BRK_TIM9_IRQHandler                 0x08000257   Thumb Code     0  startup_stm32f401xe.o(.text)
    TIM1_CC_IRQHandler                       0x08000257   Thumb Code     0  startup_stm32f401xe.o(.text)
    TIM1_TRG_COM_TIM11_IRQHandler            0x08000257   Thumb Code     0  startup_stm32f401xe.o(.text)
    TIM1_UP_TIM10_IRQHandler                 0x08000257   Thumb Code     0  startup_stm32f401xe.o(.text)
    TIM3_IRQHandler                          0x08000257   Thumb Code     0  startup_stm32f401xe.o(.text)
    TIM4_IRQHandler                          0x08000257   Thumb Code     0  startup_stm32f401xe.o(.text)
    USART1_IRQHandler                        0x08000257   Thumb Code     0  startup_stm32f401xe.o(.text)
    USART2_IRQHandler                        0x08000257   Thumb Code     0  startup_stm32f401xe.o(.text)
    USART6_IRQHandler                        0x08000257   Thumb Code     0  startup_stm32f401xe.o(.text)
    WWDG_IRQHandler                          0x08000257   Thumb Code     0  startup_stm32f401xe.o(.text)
    __user_initial_stackheap                 0x08000259   Thumb Code     0  startup_stm32f401xe.o(.text)
    __use_no_semihosting                     0x0800027d   Thumb Code     2  use_no_semi_2.o(.text)
    __2printf                                0x08000281   Thumb Code    20  noretval__2printf.o(.text)
    __printf                                 0x08000299   Thumb Code   104  __printf.o(.text)
    _printf_int_dec                          0x08000301   Thumb Code   104  _printf_dec.o(.text)
    __use_two_region_memory                  0x08000379   Thumb Code     2  heapauxi.o(.text)
    __rt_heap_escrow$2region                 0x0800037b   Thumb Code     2  heapauxi.o(.text)
    __rt_heap_expand$2region                 0x0800037d   Thumb Code     2  heapauxi.o(.text)
    __I$use$semihosting                      0x0800037f   Thumb Code     0  use_no_semi.o(.text)
    __use_no_semihosting_swi                 0x0800037f   Thumb Code     2  use_no_semi.o(.text)
    _printf_int_common                       0x08000381   Thumb Code   178  _printf_intcommon.o(.text)
    _printf_char_file                        0x08000435   Thumb Code    32  _printf_char_file.o(.text)
    _printf_char_common                      0x08000463   Thumb Code    32  _printf_char_common.o(.text)
    ferror                                   0x08000489   Thumb Code     8  ferror.o(.text)
    __user_setup_stackheap                   0x08000491   Thumb Code    74  sys_stackheap_outer.o(.text)
    exit                                     0x080004db   Thumb Code    18  exit.o(.text)
    __user_libspace                          0x080004ed   Thumb Code     8  libspace.o(.text)
    __user_perproc_libspace                  0x080004ed   Thumb Code     0  libspace.o(.text)
    __user_perthread_libspace                0x080004ed   Thumb Code     0  libspace.o(.text)
    BusFault_Handler                         0x080004f5   Thumb Code     4  stm32f4xx_it.o(i.BusFault_Handler)
    Configure_USB_UART                       0x080004f9   Thumb Code   262  usart.o(i.Configure_USB_UART)
    DebugMon_Handler                         0x08000611   Thumb Code     2  stm32f4xx_it.o(i.DebugMon_Handler)
    EXTI15_10_IRQHandler                     0x08000615   Thumb Code    12  stm32f4xx_it.o(i.EXTI15_10_IRQHandler)
    HardFault_Handler                        0x08000625   Thumb Code     4  stm32f4xx_it.o(i.HardFault_Handler)
    MemManage_Handler                        0x08000825   Thumb Code     4  stm32f4xx_it.o(i.MemManage_Handler)
    NMI_Handler                              0x08000829   Thumb Code     2  stm32f4xx_it.o(i.NMI_Handler)
    PendSV_Handler                           0x0800082b   Thumb Code     2  stm32f4xx_it.o(i.PendSV_Handler)
    SVC_Handler                              0x0800082d   Thumb Code     2  stm32f4xx_it.o(i.SVC_Handler)
    SysTick_Handler                          0x08000831   Thumb Code    32  stm32f4xx_it.o(i.SysTick_Handler)
    SystemClock_Config                       0x0800085d   Thumb Code   318  system_functions.o(i.SystemClock_Config)
    SystemInit                               0x080009bd   Thumb Code    82  system_stm32f4xx.o(i.SystemInit)
    TIM2_IRQHandler                          0x08000a21   Thumb Code    28  stm32f4xx_it.o(i.TIM2_IRQHandler)
    TIM5_IRQHandler                          0x08000a3d   Thumb Code    26  stm32f4xx_it.o(i.TIM5_IRQHandler)
    UsageFault_Handler                       0x08000a5d   Thumb Code     4  stm32f4xx_it.o(i.UsageFault_Handler)
    _sys_exit                                0x08000a61   Thumb Code     4  usart.o(i._sys_exit)
    fputc                                    0x08000a65   Thumb Code    24  usart.o(i.fputc)
    main                                     0x08000a81   Thumb Code    12  main_1.o(i.main)
    _fp_init                                 0x08000a8d   Thumb Code    10  fpinit.o(x$fpl$fpinit)
    __fplib_config_fpu_vfp                   0x08000a95   Thumb Code     0  fpinit.o(x$fpl$fpinit)
    __fplib_config_pureend_doubles           0x08000a95   Thumb Code     0  fpinit.o(x$fpl$fpinit)
    Region$$Table$$Base                      0x08000a98   Number         0  anon$$obj.o(Region$$Table)
    Region$$Table$$Limit                     0x08000ab8   Number         0  anon$$obj.o(Region$$Table)
    __stdout                                 0x20000004   Data           4  usart.o(.data)
    SystemCoreClock                          0x20000008   Data           4  system_stm32f4xx.o(.data)
    __libspace_start                         0x2000000c   Data          96  libspace.o(.bss)
    __temporary_stack_top$libspace           0x2000006c   Data           0  libspace.o(.bss)



==============================================================================

Memory Map of the image

  Image Entry point : 0x08000195

  Load Region LR_IROM1 (Base: 0x08000000, Size: 0x00000ac4, Max: 0x00060000, ABSOLUTE)

    Execution Region ER_IROM1 (Base: 0x08000000, Size: 0x00000ab8, Max: 0x00060000, ABSOLUTE)

    Base Addr    Size         Type   Attr      Idx    E Section Name        Object

    0x08000000   0x00000194   Data   RO          752    RESET               startup_stm32f401xe.o
    0x08000194   0x00000008   Code   RO         1951  * !!!main             c_w.l(__main.o)
    0x0800019c   0x00000034   Code   RO         2138    !!!scatter          c_w.l(__scatter.o)
    0x080001d0   0x0000001a   Code   RO         2140    !!handler_copy      c_w.l(__scatter_copy.o)
    0x080001ea   0x00000002   PAD
    0x080001ec   0x0000001c   Code   RO         2142    !!handler_zi        c_w.l(__scatter_zi.o)
    0x08000208   0x00000000   Code   RO         1948    .ARM.Collect$$_printf_percent$$00000000  c_w.l(_printf_percent.o)
    0x08000208   0x00000006   Code   RO         1947    .ARM.Collect$$_printf_percent$$00000009  c_w.l(_printf_d.o)
    0x0800020e   0x00000004   Code   RO         1970    .ARM.Collect$$_printf_percent$$00000017  c_w.l(_printf_percent_end.o)
    0x08000212   0x00000002   Code   RO         2012    .ARM.Collect$$libinit$$00000000  c_w.l(libinit.o)
    0x08000214   0x00000004   Code   RO         2018    .ARM.Collect$$libinit$$00000001  c_w.l(libinit2.o)
    0x08000218   0x00000000   Code   RO         2021    .ARM.Collect$$libinit$$00000004  c_w.l(libinit2.o)
    0x08000218   0x00000000   Code   RO         2024    .ARM.Collect$$libinit$$0000000A  c_w.l(libinit2.o)
    0x08000218   0x00000000   Code   RO         2026    .ARM.Collect$$libinit$$0000000C  c_w.l(libinit2.o)
    0x08000218   0x00000000   Code   RO         2028    .ARM.Collect$$libinit$$0000000E  c_w.l(libinit2.o)
    0x08000218   0x00000000   Code   RO         2031    .ARM.Collect$$libinit$$00000011  c_w.l(libinit2.o)
    0x08000218   0x00000000   Code   RO         2033    .ARM.Collect$$libinit$$00000013  c_w.l(libinit2.o)
    0x08000218   0x00000000   Code   RO         2035    .ARM.Collect$$libinit$$00000015  c_w.l(libinit2.o)
    0x08000218   0x00000000   Code   RO         2037    .ARM.Collect$$libinit$$00000017  c_w.l(libinit2.o)
    0x08000218   0x00000000   Code   RO         2039    .ARM.Collect$$libinit$$00000019  c_w.l(libinit2.o)
    0x08000218   0x00000000   Code   RO         2041    .ARM.Collect$$libinit$$0000001B  c_w.l(libinit2.o)
    0x08000218   0x00000000   Code   RO         2043    .ARM.Collect$$libinit$$0000001D  c_w.l(libinit2.o)
    0x08000218   0x00000000   Code   RO         2045    .ARM.Collect$$libinit$$0000001F  c_w.l(libinit2.o)
    0x08000218   0x00000000   Code   RO         2047    .ARM.Collect$$libinit$$00000021  c_w.l(libinit2.o)
    0x08000218   0x00000000   Code   RO         2049    .ARM.Collect$$libinit$$00000023  c_w.l(libinit2.o)
    0x08000218   0x00000000   Code   RO         2051    .ARM.Collect$$libinit$$00000025  c_w.l(libinit2.o)
    0x08000218   0x00000000   Code   RO         2055    .ARM.Collect$$libinit$$0000002C  c_w.l(libinit2.o)
    0x08000218   0x00000000   Code   RO         2057    .ARM.Collect$$libinit$$0000002E  c_w.l(libinit2.o)
    0x08000218   0x00000000   Code   RO         2059    .ARM.Collect$$libinit$$00000030  c_w.l(libinit2.o)
    0x08000218   0x00000000   Code   RO         2061    .ARM.Collect$$libinit$$00000032  c_w.l(libinit2.o)
    0x08000218   0x00000002   Code   RO         2062    .ARM.Collect$$libinit$$00000033  c_w.l(libinit2.o)
    0x0800021a   0x00000002   Code   RO         2080    .ARM.Collect$$libshutdown$$00000000  c_w.l(libshutdown.o)
    0x0800021c   0x00000000   Code   RO         2090    .ARM.Collect$$libshutdown$$00000002  c_w.l(libshutdown2.o)
    0x0800021c   0x00000000   Code   RO         2092    .ARM.Collect$$libshutdown$$00000004  c_w.l(libshutdown2.o)
    0x0800021c   0x00000000   Code   RO         2095    .ARM.Collect$$libshutdown$$00000007  c_w.l(libshutdown2.o)
    0x0800021c   0x00000000   Code   RO         2098    .ARM.Collect$$libshutdown$$0000000A  c_w.l(libshutdown2.o)
    0x0800021c   0x00000000   Code   RO         2100    .ARM.Collect$$libshutdown$$0000000C  c_w.l(libshutdown2.o)
    0x0800021c   0x00000000   Code   RO         2103    .ARM.Collect$$libshutdown$$0000000F  c_w.l(libshutdown2.o)
    0x0800021c   0x00000002   Code   RO         2104    .ARM.Collect$$libshutdown$$00000010  c_w.l(libshutdown2.o)
    0x0800021e   0x00000000   Code   RO         1965    .ARM.Collect$$rtentry$$00000000  c_w.l(__rtentry.o)
    0x0800021e   0x00000000   Code   RO         1981    .ARM.Collect$$rtentry$$00000002  c_w.l(__rtentry2.o)
    0x0800021e   0x00000006   Code   RO         1993    .ARM.Collect$$rtentry$$00000004  c_w.l(__rtentry4.o)
    0x08000224   0x00000000   Code   RO         1983    .ARM.Collect$$rtentry$$00000009  c_w.l(__rtentry2.o)
    0x08000224   0x00000004   Code   RO         1984    .ARM.Collect$$rtentry$$0000000A  c_w.l(__rtentry2.o)
    0x08000228   0x00000000   Code   RO         1986    .ARM.Collect$$rtentry$$0000000C  c_w.l(__rtentry2.o)
    0x08000228   0x00000008   Code   RO         1987    .ARM.Collect$$rtentry$$0000000D  c_w.l(__rtentry2.o)
    0x08000230   0x00000002   Code   RO         2016    .ARM.Collect$$rtexit$$00000000  c_w.l(rtexit.o)
    0x08000232   0x00000000   Code   RO         2064    .ARM.Collect$$rtexit$$00000002  c_w.l(rtexit2.o)
    0x08000232   0x00000004   Code   RO         2065    .ARM.Collect$$rtexit$$00000003  c_w.l(rtexit2.o)
    0x08000236   0x00000006   Code   RO         2066    .ARM.Collect$$rtexit$$00000004  c_w.l(rtexit2.o)
    0x0800023c   0x00000040   Code   RO          753    .text               startup_stm32f401xe.o
    0x0800027c   0x00000002   Code   RO         1917    .text               c_w.l(use_no_semi_2.o)
    0x0800027e   0x00000002   PAD
    0x08000280   0x00000018   Code   RO         1921    .text               c_w.l(noretval__2printf.o)
    0x08000298   0x00000068   Code   RO         1923    .text               c_w.l(__printf.o)
    0x08000300   0x00000078   Code   RO         1925    .text               c_w.l(_printf_dec.o)
    0x08000378   0x00000006   Code   RO         1949    .text               c_w.l(heapauxi.o)
    0x0800037e   0x00000002   Code   RO         1963    .text               c_w.l(use_no_semi.o)
    0x08000380   0x000000b2   Code   RO         1966    .text               c_w.l(_printf_intcommon.o)
    0x08000432   0x00000002   PAD
    0x08000434   0x00000024   Code   RO         1968    .text               c_w.l(_printf_char_file.o)
    0x08000458   0x00000030   Code   RO         1995    .text               c_w.l(_printf_char_common.o)
    0x08000488   0x00000008   Code   RO         1997    .text               c_w.l(ferror.o)
    0x08000490   0x0000004a   Code   RO         2001    .text               c_w.l(sys_stackheap_outer.o)
    0x080004da   0x00000012   Code   RO         2005    .text               c_w.l(exit.o)
    0x080004ec   0x00000008   Code   RO         2013    .text               c_w.l(libspace.o)
    0x080004f4   0x00000004   Code   RO          154    i.BusFault_Handler  stm32f4xx_it.o
    0x080004f8   0x00000118   Code   RO          585    i.Configure_USB_UART  usart.o
    0x08000610   0x00000002   Code   RO          155    i.DebugMon_Handler  stm32f4xx_it.o
    0x08000612   0x00000002   PAD
    0x08000614   0x00000010   Code   RO          156    i.EXTI15_10_IRQHandler  stm32f4xx_it.o
    0x08000624   0x00000004   Code   RO          157    i.HardFault_Handler  stm32f4xx_it.o
    0x08000628   0x00000028   Code   RO          586    i.LL_GPIO_SetAFPin_0_7  usart.o
    0x08000650   0x00000028   Code   RO          587    i.LL_GPIO_SetPinMode  usart.o
    0x08000678   0x00000010   Code   RO          588    i.LL_GPIO_SetPinOutputType  usart.o
    0x08000688   0x00000028   Code   RO          589    i.LL_GPIO_SetPinPull  usart.o
    0x080006b0   0x00000028   Code   RO          590    i.LL_GPIO_SetPinSpeed  usart.o
    0x080006d8   0x0000000a   Code   RO          158    i.LL_TIM_IsActiveFlag_CC1  stm32f4xx_it.o
    0x080006e2   0x00000142   Code   RO          591    i.LL_USART_SetBaudRate  usart.o
    0x08000824   0x00000004   Code   RO          159    i.MemManage_Handler  stm32f4xx_it.o
    0x08000828   0x00000002   Code   RO          160    i.NMI_Handler       stm32f4xx_it.o
    0x0800082a   0x00000002   Code   RO          161    i.PendSV_Handler    stm32f4xx_it.o
    0x0800082c   0x00000002   Code   RO          162    i.SVC_Handler       stm32f4xx_it.o
    0x0800082e   0x00000002   PAD
    0x08000830   0x0000002c   Code   RO          163    i.SysTick_Handler   stm32f4xx_it.o
    0x0800085c   0x00000160   Code   RO          714    i.SystemClock_Config  system_functions.o
    0x080009bc   0x00000064   Code   RO          668    i.SystemInit        system_stm32f4xx.o
    0x08000a20   0x0000001c   Code   RO          164    i.TIM2_IRQHandler   stm32f4xx_it.o
    0x08000a3c   0x00000020   Code   RO          165    i.TIM5_IRQHandler   stm32f4xx_it.o
    0x08000a5c   0x00000004   Code   RO          166    i.UsageFault_Handler  stm32f4xx_it.o
    0x08000a60   0x00000004   Code   RO          592    i._sys_exit         usart.o
    0x08000a64   0x0000001c   Code   RO          593    i.fputc             usart.o
    0x08000a80   0x0000000c   Code   RO            4    i.main              main_1.o
    0x08000a8c   0x0000000a   Code   RO         2072    x$fpl$fpinit        fz_wm.l(fpinit.o)
    0x08000a96   0x00000002   PAD
    0x08000a98   0x00000020   Data   RO         2136    Region$$Table       anon$$obj.o


    Execution Region RW_IRAM1 (Base: 0x20000000, Size: 0x00000670, Max: 0x00018000, ABSOLUTE)

    Base Addr    Size         Type   Attr      Idx    E Section Name        Object

    0x20000000   0x00000004   Data   RW          168    .data               stm32f4xx_it.o
    0x20000004   0x00000004   Data   RW          594    .data               usart.o
    0x20000008   0x00000004   Data   RW          670    .data               system_stm32f4xx.o
    0x2000000c   0x00000060   Zero   RW         2014    .bss                c_w.l(libspace.o)
    0x2000006c   0x00000004   PAD
    0x20000070   0x00000200   Zero   RW          751    HEAP                startup_stm32f401xe.o
    0x20000270   0x00000400   Zero   RW          750    STACK               startup_stm32f401xe.o


==============================================================================

Image component sizes


      Code (inc. data)   RO Data    RW Data    ZI Data      Debug   Object Name

        12          0          0          0          0     308199   main_1.o
        64         26        404          0       1536        800   startup_stm32f401xe.o
       154         22          0          4          0      33565   stm32f4xx_it.o
       352         34          0          0          0      55924   system_functions.o
       100         18          0          4          0       1107   system_stm32f4xx.o
       810         22          0          4          0      26311   usart.o

    ----------------------------------------------------------------------
      1496        122        436         12       1536     425906   Object Totals
         0          0         32          0          0          0   (incl. Generated)
         4          0          0          0          0          0   (incl. Padding)

    ----------------------------------------------------------------------

      Code (inc. data)   RO Data    RW Data    ZI Data      Debug   Library Member Name

         8          0          0          0          0         68   __main.o
       104          0          0          0          0         84   __printf.o
         0          0          0          0          0          0   __rtentry.o
        12          0          0          0          0          0   __rtentry2.o
         6          0          0          0          0          0   __rtentry4.o
        52          8          0          0          0          0   __scatter.o
        26          0          0          0          0          0   __scatter_copy.o
        28          0          0          0          0          0   __scatter_zi.o
        48          6          0          0          0         96   _printf_char_common.o
        36          4          0          0          0         80   _printf_char_file.o
         6          0          0          0          0          0   _printf_d.o
       120         16          0          0          0         92   _printf_dec.o
       178          0          0          0          0         88   _printf_intcommon.o
         0          0          0          0          0          0   _printf_percent.o
         4          0          0          0          0          0   _printf_percent_end.o
        18          0          0          0          0         80   exit.o
         8          0          0          0          0         68   ferror.o
         6          0          0          0          0        152   heapauxi.o
         2          0          0          0          0          0   libinit.o
         6          0          0          0          0          0   libinit2.o
         2          0          0          0          0          0   libshutdown.o
         2          0          0          0          0          0   libshutdown2.o
         8          4          0          0         96         68   libspace.o
        24          4          0          0          0         84   noretval__2printf.o
         2          0          0          0          0          0   rtexit.o
        10          0          0          0          0          0   rtexit2.o
        74          0          0          0          0         80   sys_stackheap_outer.o
         2          0          0          0          0         68   use_no_semi.o
         2          0          0          0          0         68   use_no_semi_2.o
        10          0          0          0          0        116   fpinit.o

    ----------------------------------------------------------------------
       812         42          0          0        100       1292   Library Totals
         8          0          0          0          4          0   (incl. Padding)

    ----------------------------------------------------------------------

      Code (inc. data)   RO Data    RW Data    ZI Data      Debug   Library Name

       794         42          0          0         96       1176   c_w.l
        10          0          0          0          0        116   fz_wm.l

    ----------------------------------------------------------------------
       812         42          0          0        100       1292   Library Totals

    ----------------------------------------------------------------------

==============================================================================


      Code (inc. data)   RO Data    RW Data    ZI Data      Debug   

      2308        164        436         12       1636     424678   Grand Totals
      2308        164        436         12       1636     424678   ELF Image Totals
      2308        164        436         12          0          0   ROM Totals

==============================================================================

    Total RO  Size (Code + RO Data)                 2744 (   2.68kB)
    Total RW  Size (RW Data + ZI Data)              1648 (   1.61kB)
    Total ROM Size (Code + RO Data + RW Data)       2756 (   2.69kB)

==============================================================================

