<html>
<body>
<pre>
<h1>µVision Build Log</h1>
<h2>Tool Versions:</h2>
IDE-Version: ¦ÌVision V5.26.2.0
Copyright (C) 2018 ARM Ltd and ARM Germany GmbH. All rights reserved.
License Information: 1 kevin, 11, LIC=----
 
Tool Versions:
Toolchain:       MDK-Lite  Version: 5.26.2.0
Toolchain Path:  Z:\MDK\ARM\ARMCC\Bin
C Compiler:      Armcc.exe V5.06 update 6 (build 750)
Assembler:       Armasm.exe V5.06 update 6 (build 750)
Linker/Locator:  ArmLink.exe V5.06 update 6 (build 750)
Library Manager: ArmAr.exe V5.06 update 6 (build 750)
Hex Converter:   FromElf.exe V5.06 update 6 (build 750)
CPU DLL:         SARMCM3.DLL V5.26.2.0
Dialog DLL:      DCM.DLL V1.17.2.0
Target DLL:      STLink\ST-LINKIII-KEIL_SWO.dll V3.0.5.0
Dialog DLL:      TCM.DLL V1.36.1.0
 
<h2>Project:</h2>
X:\STM32F401\STM32F401_LL_Group33\Project.uvprojx
Project File Date:  11/10/2018

<h2>Output:</h2>
*** Using Compiler 'V5.06 update 6 (build 750)', folder: 'Z:\MDK\ARM\ARMCC\Bin'
Rebuild target 'NUCLEO_F401RE'
assembling startup_stm32f401xe.s...
compiling stm32f4xx_ll_crc.c...
compiling system_stm32f4xx.c...
compiling stm32f4xx_ll_dac.c...
compiling stm32f4xx_ll_utils.c...
compiling stm32f4xx_ll_dma2d.c...
compiling stm32f4xx_ll_dma.c...
compiling stm32f4xx_ll_adc.c...
compiling stm32f4xx_ll_usart.c...
compiling stm32f4xx_ll_exti.c...
compiling Motors_And_Encoders.c...
compiling System_Functions.c...
compiling main.c...
compiling stm32f4xx_ll_lptim.c...
compiling stm32f4xx_ll_gpio.c...
compiling stm32f4xx_ll_i2c.c...
compiling stm32f4xx_ll_pwr.c...
compiling stm32f4xx_ll_rng.c...
compiling stm32f4xx_ll_rcc.c...
compiling stm32f4xx_ll_rtc.c...
compiling stm32f4xx_ll_spi.c...
compiling stm32f4xx_ll_tim.c...
linking...
Program Size: Code=4254 RO-data=482 RW-data=4 ZI-data=1636  
".\OBJ\Project.axf" - 0 Error(s), 0 Warning(s).

<h2>Software Packages used:</h2>

Package Vendor: ARM
                http://www.keil.com/pack/ARM.CMSIS.5.4.0.pack
                ARM.CMSIS.5.4.0
                CMSIS (Cortex Microcontroller Software Interface Standard)
   * Component: CORE Version: 5.1.2
   * Component: DSP Version: 1.5.2

Package Vendor: Keil
                http://www.keil.com/pack/Keil.STM32F4xx_DFP.2.13.0.pack
                Keil.STM32F4xx_DFP.2.13.0
                STMicroelectronics STM32F4 Series Device Support, Drivers and Examples

<h2>Collection of Component include folders:</h2>
  .\RTE\_NUCLEO_F401RE
  Z:\MDK\ARM\PACK\ARM\CMSIS\5.4.0\CMSIS\Core\Include
  Z:\MDK\ARM\PACK\ARM\CMSIS\5.4.0\CMSIS\DSP\Include
  Z:\MDK\ARM\PACK\Keil\STM32F4xx_DFP\2.13.0\Drivers\CMSIS\Device\ST\STM32F4xx\Include

<h2>Collection of Component Files used:</h2>

   * Component: ARM::CMSIS:CORE:5.1.2

   * Component: ARM::CMSIS:DSP:1.5.2
      Library file:  CMSIS\Lib\ARM\arm_cortexM4lf_math.lib
      Include file:  CMSIS\DSP\Include\arm_math.h
Build Time Elapsed:  00:00:03
</pre>
</body>
</html>
